ARM Linker, RVCT3.1 [Build 942] for uVision [Evaluation]

================================================================================

Section Cross References

    stm32f10x.o(RESET) refers to stm32f10x.o(STACK) for __initial_sp
    stm32f10x.o(RESET) refers to stm32f10x.o(.text) for Reset_Handler
    stm32f10x.o(RESET) refers to hal_cm3.o(.emb_text) for SVC_Handler
    stm32f10x.o(RESET) refers to can.o(.text) for USB_HP_CAN_TX_IRQHandler
    stm32f10x.o(.text) refers to entry.o($$startup$$) for __main
    blinky.o(.text) refers to lcd_4bit.o(.text) for set_cursor
    blinky.o(.text) refers to can.o(.text) for CAN_setup
    blinky.o(.text) refers to stm32_init.o(.text) for stm32_Init
    blinky.o(.text) refers to hal_cm3.o(.emb_text) for os_set_env
    blinky.o(.text) refers to blinky.o(.data) for .data
    blinky.o(.text) refers to rt_event.o(i.rt_evt_set) for rt_evt_set
    blinky.o(.text) refers to rt_time.o(i.rt_dly_wait) for rt_dly_wait
    blinky.o(.text) refers to can.o(.bss) for CAN_TxMsg
    blinky.o(.text) refers to can.o(.data) for CAN_TxRdy
    blinky.o(.text) refers to rt_event.o(i.rt_evt_wait) for rt_evt_wait
    blinky.o(.text) refers to can.o(.bss) for CAN_RxMsg
    blinky.o(.text) refers to rt_task.o(i.rt_tsk_create) for rt_tsk_create
    blinky.o(.text) refers to rt_task.o(i.rt_tsk_delete) for rt_tsk_delete
    blinky.o(.text) refers to rt_task.o(i.rt_sys_init) for rt_sys_init
    lcd_4bit.o(.text) refers to lcd_4bit.o(.constdata) for .constdata
    can.o(.text) refers to stm32_init.o(.text) for stm32_GetPCLK1
    can.o(.text) refers to can.o(.data) for .data
    can.o(.text) refers to can.o(.bss) for .bss
    rt_task.o(i.rt_init_context) refers to rt_membox.o(i.rt_alloc_box) for rt_alloc_box
    rt_task.o(i.rt_init_context) refers to hal_cm3.o(i.rt_init_stack) for rt_init_stack
    rt_task.o(i.rt_init_context) refers to rtx_config.o(.bss) for mp_stk
    rt_task.o(i.rt_switch_req) refers to rtx_config.o(.text) for os_stk_overflow
    rt_task.o(i.rt_switch_req) refers to hal_cm3.o(i.dbg_task_switch) for dbg_task_switch
    rt_task.o(i.rt_switch_req) refers to rtx_config.o(.constdata) for os_stackinfo
    rt_task.o(i.rt_switch_req) refers to rt_task.o(.data) for .data
    rt_task.o(i.rt_switch_req) refers to hal_cm3.o(.data) for dbg_msg
    rt_task.o(i.rt_dispatch) refers to rt_list.o(i.rt_get_first) for rt_get_first
    rt_task.o(i.rt_dispatch) refers to rt_list.o(i.rt_put_rdy_first) for rt_put_rdy_first
    rt_task.o(i.rt_dispatch) refers to rt_task.o(i.rt_switch_req) for rt_switch_req
    rt_task.o(i.rt_dispatch) refers to rt_list.o(i.rt_put_prio) for rt_put_prio
    rt_task.o(i.rt_dispatch) refers to rt_list.o(.bss) for os_rdy
    rt_task.o(i.rt_dispatch) refers to rt_task.o(.data) for .data
    rt_task.o(i.rt_block) refers to rt_list.o(i.rt_put_dly) for rt_put_dly
    rt_task.o(i.rt_block) refers to rt_list.o(i.rt_get_first) for rt_get_first
    rt_task.o(i.rt_block) refers to rt_task.o(i.rt_switch_req) for rt_switch_req
    rt_task.o(i.rt_block) refers to rt_task.o(.data) for .data
    rt_task.o(i.rt_block) refers to rt_list.o(.bss) for os_rdy
    rt_task.o(i.rt_tsk_pass) refers to rt_list.o(i.rt_get_same_rdy_prio) for rt_get_same_rdy_prio
    rt_task.o(i.rt_tsk_pass) refers to rt_list.o(i.rt_put_prio) for rt_put_prio
    rt_task.o(i.rt_tsk_pass) refers to rt_task.o(i.rt_switch_req) for rt_switch_req
    rt_task.o(i.rt_tsk_pass) refers to rt_task.o(.data) for .data
    rt_task.o(i.rt_tsk_pass) refers to rt_list.o(.bss) for os_rdy
    rt_task.o(i.rt_tsk_self) refers to rt_task.o(.data) for .data
    rt_task.o(i.rt_tsk_prio) refers to rt_list.o(i.rt_put_prio) for rt_put_prio
    rt_task.o(i.rt_tsk_prio) refers to rt_list.o(i.rt_resort_prio) for rt_resort_prio
    rt_task.o(i.rt_tsk_prio) refers to rt_list.o(i.rt_get_first) for rt_get_first
    rt_task.o(i.rt_tsk_prio) refers to rt_task.o(i.rt_dispatch) for rt_dispatch
    rt_task.o(i.rt_tsk_prio) refers to rt_task.o(.data) for .data
    rt_task.o(i.rt_tsk_prio) refers to rt_list.o(.bss) for os_rdy
    rt_task.o(i.rt_tsk_prio) refers to rtx_config.o(.constdata) for os_maxtaskrun
    rt_task.o(i.rt_tsk_prio) refers to rtx_config.o(.bss) for os_active_TCB
    rt_task.o(i.rt_tsk_create) refers to rt_membox.o(i.rt_alloc_box) for rt_alloc_box
    rt_task.o(i.rt_tsk_create) refers to rt_task.o(i.rt_init_context) for rt_init_context
    rt_task.o(i.rt_tsk_create) refers to hal_cm3.o(i.dbg_task_notify) for dbg_task_notify
    rt_task.o(i.rt_tsk_create) refers to rt_task.o(i.rt_dispatch) for rt_dispatch
    rt_task.o(i.rt_tsk_create) refers to rtx_config.o(.bss) for mp_tcb
    rt_task.o(i.rt_tsk_create) refers to rtx_config.o(.constdata) for os_maxtaskrun
    rt_task.o(i.rt_tsk_create) refers to hal_cm3.o(.data) for dbg_msg
    rt_task.o(i.rt_tsk_create) refers to rt_task.o(.data) for .data
    rt_task.o(i.rt_tsk_delete) refers to rt_membox.o(i.rt_free_box) for rt_free_box
    rt_task.o(i.rt_tsk_delete) refers to hal_cm3.o(i.dbg_task_notify) for dbg_task_notify
    rt_task.o(i.rt_tsk_delete) refers to rt_task.o(i.rt_dispatch) for rt_dispatch
    rt_task.o(i.rt_tsk_delete) refers to rt_list.o(i.rt_rmv_list) for rt_rmv_list
    rt_task.o(i.rt_tsk_delete) refers to rt_list.o(i.rt_rmv_dly) for rt_rmv_dly
    rt_task.o(i.rt_tsk_delete) refers to hal_cm3.o(.data) for dbg_msg
    rt_task.o(i.rt_tsk_delete) refers to rt_task.o(.data) for .data
    rt_task.o(i.rt_tsk_delete) refers to rtx_config.o(.bss) for os_active_TCB
    rt_task.o(i.rt_tsk_delete) refers to rtx_config.o(.constdata) for os_maxtaskrun
    rt_task.o(i.rt_sys_init) refers to hal_cm3.o(i.dbg_init) for dbg_init
    rt_task.o(i.rt_sys_init) refers to rt_membox.o(i._init_box) for _init_box
    rt_task.o(i.rt_sys_init) refers to rt_task.o(i.rt_init_context) for rt_init_context
    rt_task.o(i.rt_sys_init) refers to hal_cm3.o(.emb_text) for rt_set_PSP
    rt_task.o(i.rt_sys_init) refers to rt_task.o(i.rt_tsk_create) for rt_tsk_create
    rt_task.o(i.rt_sys_init) refers to rtx_config.o(.bss) for os_active_TCB
    rt_task.o(i.rt_sys_init) refers to rtx_config.o(.constdata) for os_maxtaskrun
    rt_task.o(i.rt_sys_init) refers to rtx_config.o(.constdata) for mp_tcb_size
    rt_task.o(i.rt_sys_init) refers to rtx_config.o(.constdata) for os_stackinfo
    rt_task.o(i.rt_sys_init) refers to rtx_config.o(.data) for m_tmr
    rt_task.o(i.rt_sys_init) refers to rt_task.o(.bss) for .bss
    rt_task.o(i.rt_sys_init) refers to rtx_config.o(.text) for os_idle_demon
    rt_task.o(i.rt_sys_init) refers to rt_list.o(.bss) for os_rdy
    rt_task.o(i.rt_sys_init) refers to rt_task.o(.data) for .data
    rt_task.o(i.rt_sys_init) refers to rtx_config.o(.constdata) for os_trv
    rt_task.o(i.rt_sys_init) refers to rtx_config.o(.constdata) for os_rrobin
    rt_task.o(i.rt_sys_init) refers to rt_robin.o(.data) for os_robin_time
    rt_event.o(i.rt_evt_wait) refers to rt_task.o(i.rt_block) for rt_block
    rt_event.o(i.rt_evt_wait) refers to rt_task.o(.data) for os_tsk
    rt_event.o(i.rt_evt_set) refers to rt_list.o(i.rt_rmv_dly) for rt_rmv_dly
    rt_event.o(i.rt_evt_set) refers to rt_task.o(i.rt_dispatch) for rt_dispatch
    rt_event.o(i.rt_evt_set) refers to rtx_config.o(.bss) for os_active_TCB
    rt_event.o(i.rt_evt_clr) refers to rtx_config.o(.bss) for os_active_TCB
    rt_event.o(i.isr_evt_set) refers to rt_list.o(i.rt_psq_enq) for rt_psq_enq
    rt_event.o(i.isr_evt_set) refers to rt_system.o(i.rt_psh_req) for rt_psh_req
    rt_event.o(i.isr_evt_set) refers to rtx_config.o(.bss) for os_active_TCB
    rt_event.o(i.rt_evt_get) refers to rt_task.o(.data) for os_tsk
    rt_event.o(i.rt_evt_psh) refers to rt_list.o(i.rt_rmv_dly) for rt_rmv_dly
    rt_event.o(i.rt_evt_psh) refers to rt_list.o(i.rt_put_prio) for rt_put_prio
    rt_event.o(i.rt_evt_psh) refers to rt_list.o(.bss) for os_rdy
    rt_time.o(i.rt_dly_wait) refers to rt_task.o(i.rt_block) for rt_block
    rt_time.o(i.rt_itv_set) refers to rt_task.o(.data) for os_tsk
    rt_time.o(i.rt_itv_set) refers to rt_time.o(.data) for .data
    rt_time.o(i.rt_itv_wait) refers to rt_task.o(i.rt_block) for rt_block
    rt_time.o(i.rt_itv_wait) refers to rt_task.o(.data) for os_tsk
    rt_time.o(i.rt_itv_wait) refers to rt_time.o(.data) for .data
    hal_cm3.o(.emb_text) refers to rtx_config.o(.constdata) for os_flags
    hal_cm3.o(.emb_text) refers to rt_membox.o(i.rt_alloc_box) for rt_alloc_box
    hal_cm3.o(.emb_text) refers to rt_membox.o(i.rt_free_box) for rt_free_box
    hal_cm3.o(.emb_text) refers to rt_task.o(.data) for os_tsk
    hal_cm3.o(.emb_text) refers to SVC_Table.o(SVC_TABLE) for SVC_Count
    hal_cm3.o(.emb_text) refers to rt_system.o(i.rt_pop_req) for rt_pop_req
    hal_cm3.o(.emb_text) refers to rt_system.o(i.rt_systick) for rt_systick
    hal_cm3.o(i.rt_init_stack) refers to rtx_config.o(.constdata) for os_stackinfo
    hal_cm3.o(i.dbg_init) refers to hal_cm3.o(.data) for .data
    rt_system.o(i.rt_tsk_lock) refers to rt_system.o(.data) for .data
    rt_system.o(i.rt_tsk_unlock) refers to rt_system.o(.data) for .data
    rt_system.o(i.rt_psh_req) refers to rt_system.o(.data) for .data
    rt_system.o(i.rt_pop_req) refers to rt_list.o(i.rt_put_rdy_first) for rt_put_rdy_first
    rt_system.o(i.rt_pop_req) refers to rt_list.o(i.rt_psq_deq) for rt_psq_deq
    rt_system.o(i.rt_pop_req) refers to rt_event.o(i.rt_evt_psh) for rt_evt_psh
    rt_system.o(i.rt_pop_req) refers to rt_mailbox.o(i.rt_mbx_psh) for rt_mbx_psh
    rt_system.o(i.rt_pop_req) refers to rt_semaphore.o(i.rt_sem_psh) for rt_sem_psh
    rt_system.o(i.rt_pop_req) refers to rt_list.o(i.rt_get_first) for rt_get_first
    rt_system.o(i.rt_pop_req) refers to rt_task.o(i.rt_switch_req) for rt_switch_req
    rt_system.o(i.rt_pop_req) refers to rt_task.o(.data) for os_tsk
    rt_system.o(i.rt_pop_req) refers to rt_system.o(.data) for .data
    rt_system.o(i.rt_pop_req) refers to rt_task.o(.bss) for os_psq
    rt_system.o(i.rt_pop_req) refers to rt_list.o(.bss) for os_rdy
    rt_system.o(i.rt_systick) refers to rt_list.o(i.rt_put_rdy_first) for rt_put_rdy_first
    rt_system.o(i.rt_systick) refers to rt_robin.o(i.rt_chk_robin) for rt_chk_robin
    rt_system.o(i.rt_systick) refers to rt_list.o(i.rt_dec_dly) for rt_dec_dly
    rt_system.o(i.rt_systick) refers to rt_timer.o(i.rt_tmr_tick) for rt_tmr_tick
    rt_system.o(i.rt_systick) refers to rt_list.o(i.rt_get_first) for rt_get_first
    rt_system.o(i.rt_systick) refers to rt_task.o(i.rt_switch_req) for rt_switch_req
    rt_system.o(i.rt_systick) refers to rt_task.o(.data) for os_tsk
    rt_system.o(i.rt_systick) refers to rt_time.o(.data) for os_time
    rt_system.o(i.rt_systick) refers to rt_list.o(.bss) for os_rdy
    rt_system.o(i.rt_systick) refers to rt_robin.o(.data) for os_tsk_robin
    rt_list.o(i.rt_put_rdy_first) refers to rt_list.o(.bss) for .bss
    rt_list.o(i.rt_get_same_rdy_prio) refers to rt_list.o(.bss) for .bss
    rt_list.o(i.rt_get_same_rdy_prio) refers to rt_task.o(.data) for os_tsk
    rt_list.o(i.rt_rmv_list) refers to rt_list.o(.bss) for .bss
    rt_list.o(i.rt_resort_prio) refers to rt_list.o(i.rt_rmv_list) for rt_rmv_list
    rt_list.o(i.rt_resort_prio) refers to rt_list.o(i.rt_put_prio) for rt_put_prio
    rt_list.o(i.rt_resort_prio) refers to rt_list.o(.bss) for .bss
    rt_list.o(i.rt_put_dly) refers to rt_list.o(.bss) for .bss
    rt_list.o(i.rt_dec_dly) refers to rt_list.o(i.rt_put_prio) for rt_put_prio
    rt_list.o(i.rt_dec_dly) refers to rt_list.o(.bss) for .bss
    rt_list.o(i.rt_dec_dly) refers to rt_time.o(.data) for os_time
    rt_list.o(i.rt_psq_enq) refers to hal_cm3.o(.emb_text) for rt_inc16
    rt_list.o(i.rt_psq_enq) refers to rt_task.o(.bss) for os_psq
    rt_list.o(i.rt_psq_deq) refers to rt_task.o(.bss) for os_psq
    rt_robin.o(i.rt_chk_robin) refers to rt_list.o(i.rt_get_first) for rt_get_first
    rt_robin.o(i.rt_chk_robin) refers to rt_list.o(i.rt_put_prio) for rt_put_prio
    rt_robin.o(i.rt_chk_robin) refers to rtx_config.o(.constdata) for os_rrobin
    rt_robin.o(i.rt_chk_robin) refers to rt_list.o(.bss) for os_rdy
    rt_robin.o(i.rt_chk_robin) refers to rt_robin.o(.data) for .data
    rt_robin.o(i.rt_chk_robin) refers to rt_time.o(.data) for os_time
    rt_membox.o(i._calloc_box) refers to rt_membox.o(i.rt_alloc_box) for rt_alloc_box
    rt_mailbox.o(i.rt_mbx_send) refers to rt_list.o(i.rt_get_first) for rt_get_first
    rt_mailbox.o(i.rt_mbx_send) refers to rt_list.o(i.rt_rmv_dly) for rt_rmv_dly
    rt_mailbox.o(i.rt_mbx_send) refers to rt_task.o(i.rt_dispatch) for rt_dispatch
    rt_mailbox.o(i.rt_mbx_send) refers to rt_list.o(i.rt_put_prio) for rt_put_prio
    rt_mailbox.o(i.rt_mbx_send) refers to rt_task.o(i.rt_block) for rt_block
    rt_mailbox.o(i.rt_mbx_send) refers to hal_cm3.o(.emb_text) for rt_incw
    rt_mailbox.o(i.rt_mbx_send) refers to rt_task.o(.data) for os_tsk
    rt_mailbox.o(i.rt_mbx_wait) refers to rt_list.o(i.rt_get_first) for rt_get_first
    rt_mailbox.o(i.rt_mbx_wait) refers to rt_list.o(i.rt_rmv_dly) for rt_rmv_dly
    rt_mailbox.o(i.rt_mbx_wait) refers to rt_task.o(i.rt_dispatch) for rt_dispatch
    rt_mailbox.o(i.rt_mbx_wait) refers to hal_cm3.o(.emb_text) for rt_decw
    rt_mailbox.o(i.rt_mbx_wait) refers to rt_list.o(i.rt_put_prio) for rt_put_prio
    rt_mailbox.o(i.rt_mbx_wait) refers to rt_task.o(i.rt_block) for rt_block
    rt_mailbox.o(i.rt_mbx_wait) refers to rt_task.o(.data) for os_tsk
    rt_mailbox.o(i.isr_mbx_send) refers to rt_list.o(i.rt_psq_enq) for rt_psq_enq
    rt_mailbox.o(i.isr_mbx_send) refers to rt_system.o(i.rt_psh_req) for rt_psh_req
    rt_mailbox.o(i.isr_mbx_receive) refers to rt_list.o(i.rt_psq_enq) for rt_psq_enq
    rt_mailbox.o(i.isr_mbx_receive) refers to rt_system.o(i.rt_psh_req) for rt_psh_req
    rt_mailbox.o(i.isr_mbx_receive) refers to hal_cm3.o(.emb_text) for rt_decw
    rt_mailbox.o(i.rt_mbx_psh) refers to rt_list.o(i.rt_get_first) for rt_get_first
    rt_mailbox.o(i.rt_mbx_psh) refers to rt_list.o(i.rt_rmv_dly) for rt_rmv_dly
    rt_mailbox.o(i.rt_mbx_psh) refers to rt_list.o(i.rt_put_prio) for rt_put_prio
    rt_mailbox.o(i.rt_mbx_psh) refers to hal_cm3.o(.emb_text) for rt_incw
    rt_mailbox.o(i.rt_mbx_psh) refers to rt_list.o(.bss) for os_rdy
    rt_semaphore.o(i.rt_sem_send) refers to rt_list.o(i.rt_get_first) for rt_get_first
    rt_semaphore.o(i.rt_sem_send) refers to rt_list.o(i.rt_rmv_dly) for rt_rmv_dly
    rt_semaphore.o(i.rt_sem_send) refers to rt_task.o(i.rt_dispatch) for rt_dispatch
    rt_semaphore.o(i.rt_sem_send) refers to rt_task.o(.data) for os_tsk
    rt_semaphore.o(i.rt_sem_wait) refers to rt_list.o(i.rt_put_prio) for rt_put_prio
    rt_semaphore.o(i.rt_sem_wait) refers to rt_task.o(i.rt_block) for rt_block
    rt_semaphore.o(i.rt_sem_wait) refers to rt_task.o(.data) for os_tsk
    rt_semaphore.o(i.isr_sem_send) refers to rt_list.o(i.rt_psq_enq) for rt_psq_enq
    rt_semaphore.o(i.isr_sem_send) refers to rt_system.o(i.rt_psh_req) for rt_psh_req
    rt_semaphore.o(i.rt_sem_psh) refers to rt_list.o(i.rt_get_first) for rt_get_first
    rt_semaphore.o(i.rt_sem_psh) refers to rt_list.o(i.rt_rmv_dly) for rt_rmv_dly
    rt_semaphore.o(i.rt_sem_psh) refers to rt_list.o(i.rt_put_prio) for rt_put_prio
    rt_semaphore.o(i.rt_sem_psh) refers to rt_list.o(.bss) for os_rdy
    rt_timer.o(i.rt_tmr_tick) refers to rtx_config.o(.text) for os_tmr_call
    rt_timer.o(i.rt_tmr_tick) refers to rt_membox.o(i.rt_free_box) for rt_free_box
    rt_timer.o(i.rt_tmr_tick) refers to rt_timer.o(.data) for .data
    rt_timer.o(i.rt_tmr_tick) refers to rtx_config.o(.data) for m_tmr
    rt_timer.o(i.rt_tmr_create) refers to rt_membox.o(i.rt_alloc_box) for rt_alloc_box
    rt_timer.o(i.rt_tmr_create) refers to rtx_config.o(.data) for m_tmr
    rt_timer.o(i.rt_tmr_create) refers to rt_timer.o(.data) for .data
    rt_timer.o(i.rt_tmr_kill) refers to rt_membox.o(i.rt_free_box) for rt_free_box
    rt_timer.o(i.rt_tmr_kill) refers to rt_timer.o(.data) for .data
    rt_timer.o(i.rt_tmr_kill) refers to rtx_config.o(.data) for m_tmr
    entry.o($$startup$$) refers to init.o(.text) for __init
    entry.o($$startup$$) refers to stm32f10x.o(STACK) for __initial_sp
    entry.o(__vectab_stack_and_reset_area) refers to stm32f10x.o(STACK) for __initial_sp
    entry.o(__vectab_stack_and_reset_area) refers to entry.o($$startup$$) for __main
    init.o(.text) refers to init.o(.emb_text) for __call_main
    init.o(.text) refers to blinky.o(.text) for main


================================================================================

Removing Unused input sections from the image.

    Removing stm32f10x.o(HEAP), (0 bytes).
    Removing rt_task.o(i.rt_tsk_pass), (48 bytes).
    Removing rt_task.o(i.rt_tsk_self), (16 bytes).
    Removing rt_task.o(i.rt_tsk_prio), (124 bytes).
    Removing rt_event.o(i.rt_evt_clr), (28 bytes).
    Removing rt_event.o(i.isr_evt_set), (40 bytes).
    Removing rt_event.o(i.rt_evt_get), (12 bytes).
    Removing rt_time.o(i.rt_itv_set), (24 bytes).
    Removing rt_time.o(i.rt_itv_wait), (40 bytes).
    Removing rt_system.o(i.rt_tsk_lock), (20 bytes).
    Removing rt_system.o(i.rt_tsk_unlock), (36 bytes).
    Removing rt_system.o(i.rt_psh_req), (32 bytes).
    Removing rt_list.o(i.rt_get_same_rdy_prio), (36 bytes).
    Removing rt_list.o(i.rt_resort_prio), (52 bytes).
    Removing rt_list.o(i.rt_psq_enq), (28 bytes).
    Removing rt_membox.o(i._calloc_box), (30 bytes).
    Removing rt_mailbox.o(i.rt_mbx_init), (24 bytes).
    Removing rt_mailbox.o(i.rt_mbx_send), (160 bytes).
    Removing rt_mailbox.o(i.rt_mbx_wait), (172 bytes).
    Removing rt_mailbox.o(i.rt_mbx_check), (8 bytes).
    Removing rt_mailbox.o(i.isr_mbx_send), (14 bytes).
    Removing rt_mailbox.o(i.isr_mbx_receive), (72 bytes).
    Removing rt_semaphore.o(i.rt_sem_init), (12 bytes).
    Removing rt_semaphore.o(i.rt_sem_send), (56 bytes).
    Removing rt_semaphore.o(i.rt_sem_wait), (60 bytes).
    Removing rt_semaphore.o(i.isr_sem_send), (16 bytes).
    Removing rt_timer.o(i.rt_tmr_create), (76 bytes).
    Removing rt_timer.o(i.rt_tmr_kill), (52 bytes).

28 unused section(s) (total 1288 bytes) removed from the image.

================================================================================

Image Symbol Table

    Local Symbols

    Symbol Name                              Value     Ov Type        Size  Object(Section)

    ../../microlib/init/entry.s              0x00000000   Number         0  entry.o ABSOLUTE
    ../../microlib/init/init.c               0x00000000   Number         0  init.o ABSOLUTE
    Blinky.c                                 0x00000000   Number         0  blinky.o ABSOLUTE
    CAN.c                                    0x00000000   Number         0  can.o ABSOLUTE
    LCD_4bit.c                               0x00000000   Number         0  lcd_4bit.o ABSOLUTE
    RTX_Config.c                             0x00000000   Number         0  rtx_config.o ABSOLUTE
    SRC\CM\HAL_CM3.c                         0x00000000   Number         0  hal_cm3.o ABSOLUTE
    SRC\CM\SVC_Table.s                       0x00000000   Number         0  SVC_Table.o ABSOLUTE
    SRC\CM\rt_Event.c                        0x00000000   Number         0  rt_event.o ABSOLUTE
    SRC\CM\rt_List.c                         0x00000000   Number         0  rt_list.o ABSOLUTE
    SRC\CM\rt_Mailbox.c                      0x00000000   Number         0  rt_mailbox.o ABSOLUTE
    SRC\CM\rt_MemBox.c                       0x00000000   Number         0  rt_membox.o ABSOLUTE
    SRC\CM\rt_Robin.c                        0x00000000   Number         0  rt_robin.o ABSOLUTE
    SRC\CM\rt_Semaphore.c                    0x00000000   Number         0  rt_semaphore.o ABSOLUTE
    SRC\CM\rt_System.c                       0x00000000   Number         0  rt_system.o ABSOLUTE
    SRC\CM\rt_Task.c                         0x00000000   Number         0  rt_task.o ABSOLUTE
    SRC\CM\rt_Time.c                         0x00000000   Number         0  rt_time.o ABSOLUTE
    SRC\CM\rt_Timer.c                        0x00000000   Number         0  rt_timer.o ABSOLUTE
    SRC\\CM\\HAL_CM3.c                       0x00000000   Number         0  hal_cm3.o ABSOLUTE
    STM32F10x.s                              0x00000000   Number         0  stm32f10x.o ABSOLUTE
    STM32_Init.c                             0x00000000   Number         0  stm32_init.o ABSOLUTE
    dc.s                                     0x00000000   Number         0  dc.o ABSOLUTE
    handlers.s                               0x00000000   Number         0  handlers.o ABSOLUTE
    RESET                                    0x08000000   Section      236  stm32f10x.o(RESET)
    $$startup$$                              0x080000ec   Section       12  entry.o($$startup$$)
    .emb_text                                0x080000f8   Section        2  init.o(.emb_text)
    .text                                    0x080000fc   Section       44  init.o(.text)
    i.__scatterload_copy                     0x08000128   Section       14  handlers.o(i.__scatterload_copy)
    i.__scatterload_null                     0x08000136   Section        2  handlers.o(i.__scatterload_null)
    i.__scatterload_zeroinit                 0x08000138   Section       14  handlers.o(i.__scatterload_zeroinit)
    .emb_text                                0x08004168   Section      356  hal_cm3.o(.emb_text)
    .text                                    0x080042cc   Section       28  stm32f10x.o(.text)
    .text                                    0x080042e8   Section      392  stm32_init.o(.text)
    .text                                    0x08004470   Section        6  rtx_config.o(.text)
    .text                                    0x08004478   Section      884  blinky.o(.text)
    .text                                    0x080047ec   Section      596  lcd_4bit.o(.text)
    delay                                    0x08004995   Thumb Code     6  lcd_4bit.o(.text)
    wait_while_busy                          0x0800499b   Thumb Code    12  lcd_4bit.o(.text)
    lcd_read_status                          0x080049a7   Thumb Code   134  lcd_4bit.o(.text)
    .text                                    0x08004a40   Section      708  can.o(.text)
    SVC_TABLE                                0x08004d04   Section        4  SVC_Table.o(SVC_TABLE)
    i._init_box                              0x08004d08   Section       70  rt_membox.o(i._init_box)
    i.dbg_init                               0x08004d50   Section       44  hal_cm3.o(i.dbg_init)
    i.dbg_task_notify                        0x08004d7c   Section       32  hal_cm3.o(i.dbg_task_notify)
    i.dbg_task_switch                        0x08004d9c   Section       16  hal_cm3.o(i.dbg_task_switch)
    i.rt_alloc_box                           0x08004dac   Section       16  rt_membox.o(i.rt_alloc_box)
    i.rt_block                               0x08004dbc   Section       56  rt_task.o(i.rt_block)
    i.rt_chk_robin                           0x08004df4   Section       84  rt_robin.o(i.rt_chk_robin)
    i.rt_dec_dly                             0x08004e48   Section      116  rt_list.o(i.rt_dec_dly)
    i.rt_dispatch                            0x08004ebc   Section       68  rt_task.o(i.rt_dispatch)
    i.rt_dly_wait                            0x08004f00   Section        6  rt_time.o(i.rt_dly_wait)
    i.rt_evt_psh                             0x08004f08   Section       84  rt_event.o(i.rt_evt_psh)
    i.rt_evt_set                             0x08004f5c   Section      100  rt_event.o(i.rt_evt_set)
    i.rt_evt_wait                            0x08004fc0   Section       64  rt_event.o(i.rt_evt_wait)
    i.rt_free_box                            0x08005000   Section       32  rt_membox.o(i.rt_free_box)
    i.rt_get_first                           0x08005020   Section       40  rt_list.o(i.rt_get_first)
    i.rt_init_context                        0x08005048   Section       68  rt_task.o(i.rt_init_context)
    rt_init_context                          0x08005049   Thumb Code    64  rt_task.o(i.rt_init_context)
    i.rt_init_stack                          0x0800508c   Section       80  hal_cm3.o(i.rt_init_stack)
    i.rt_mbx_psh                             0x080050dc   Section      124  rt_mailbox.o(i.rt_mbx_psh)
    i.rt_pop_req                             0x08005158   Section       96  rt_system.o(i.rt_pop_req)
    i.rt_psq_deq                             0x080051b8   Section       32  rt_list.o(i.rt_psq_deq)
    i.rt_put_dly                             0x080051d8   Section       76  rt_list.o(i.rt_put_dly)
    i.rt_put_prio                            0x08005224   Section       54  rt_list.o(i.rt_put_prio)
    i.rt_put_rdy_first                       0x0800525c   Section       20  rt_list.o(i.rt_put_rdy_first)
    i.rt_rmv_dly                             0x08005270   Section       40  rt_list.o(i.rt_rmv_dly)
    i.rt_rmv_list                            0x08005298   Section       48  rt_list.o(i.rt_rmv_list)
    i.rt_sem_psh                             0x080052c8   Section       52  rt_semaphore.o(i.rt_sem_psh)
    i.rt_switch_req                          0x080052fc   Section       92  rt_task.o(i.rt_switch_req)
    i.rt_sys_init                            0x08005358   Section      288  rt_task.o(i.rt_sys_init)
    i.rt_systick                             0x08005478   Section       68  rt_system.o(i.rt_systick)
    i.rt_tmr_tick                            0x080054bc   Section       64  rt_timer.o(i.rt_tmr_tick)
    i.rt_tsk_create                          0x080054fc   Section      148  rt_task.o(i.rt_tsk_create)
    i.rt_tsk_delete                          0x08005590   Section      172  rt_task.o(i.rt_tsk_delete)
    .constdata                               0x0800563c   Section       18  rtx_config.o(.constdata)
    .constdata                               0x0800564e   Section        2  rtx_config.o(.constdata)
    .constdata                               0x08005650   Section        4  rtx_config.o(.constdata)
    .constdata                               0x08005654   Section        4  rtx_config.o(.constdata)
    .constdata                               0x08005658   Section        4  rtx_config.o(.constdata)
    .constdata                               0x0800565c   Section        1  rtx_config.o(.constdata)
    .constdata                               0x08005660   Section      128  lcd_4bit.o(.constdata)
    .data                                    0x20000000   Section        4  rtx_config.o(.data)
    .data                                    0x20000004   Section       48  blinky.o(.data)
    disp_buf@val_display_0                   0x2000001c   Data           8  blinky.o(.data)
    .data                                    0x20000034   Section       12  can.o(.data)
    CAN_filterIdx@CAN_wrFilter_0             0x20000034   Data           2  can.o(.data)
    .data                                    0x20000040   Section        8  rt_task.o(.data)
    .data                                    0x20000048   Section        2  rt_time.o(.data)
    .data                                    0x2000004a   Section        1  hal_cm3.o(.data)
    .data                                    0x2000004b   Section        2  rt_system.o(.data)
    os_lock                                  0x2000004b   Data           1  rt_system.o(.data)
    os_psh_flag                              0x2000004c   Data           1  rt_system.o(.data)
    .data                                    0x20000050   Section        8  rt_robin.o(.data)
    .data                                    0x20000058   Section        8  rt_timer.o(.data)
    .bss                                     0x20000060   Section     2752  rtx_config.o(.bss)
    .bss                                     0x20000b20   Section       16  can.o(.bss)
    .bss                                     0x20000b30   Section       16  can.o(.bss)
    .bss                                     0x20000b40   Section      180  rt_task.o(.bss)
    .bss                                     0x20000bf4   Section       48  rt_list.o(.bss)
    STACK                                    0x20000c28   Section      512  stm32f10x.o(STACK)

    Global Symbols

    Symbol Name                              Value     Ov Type        Size  Object(Section)

    BuildAttributes$$THM_ISAv4$M$P$D$K$S$PE$A:L22UL41UL21$X:L11$S22US41US21$IEEE1$IW$USESV6$~STKCKD$USESV7$~SHL$OSPACE$EBA8$MICROLIB$REQ8$PRES8$EABIv2 0x00000000   Number         0  anon$$obj.o ABSOLUTE
    __ARM_use_no_argv                        0x00000000   Number         0  blinky.o ABSOLUTE
    __decompress                              - Undefined Weak Reference
    __Vectors                                0x08000000   Data           4  stm32f10x.o(RESET)
    __main                                   0x080000ed   Thumb Code     8  entry.o($$startup$$)
    __call_main                              0x080000f9   Thumb Code     2  init.o(.emb_text)
    __init                                   0x080000fd   Thumb Code    30  init.o(.text)
    __scatterload_rt2                        0x080000fd   Thumb Code     0  init.o(.text)
    __scatterload_copy                       0x08000129   Thumb Code    14  handlers.o(i.__scatterload_copy)
    __scatterload_null                       0x08000137   Thumb Code     2  handlers.o(i.__scatterload_null)
    __scatterload_zeroinit                   0x08000139   Thumb Code    14  handlers.o(i.__scatterload_zeroinit)
    Region$$Table$$Base                      0x08000148   Number         0  anon$$obj.o(Region$$Table)
    Region$$Table$$Limit                     0x08000168   Number         0  anon$$obj.o(Region$$Table)
    rt_incw                                  0x08004169   Thumb Code    12  hal_cm3.o(.emb_text)
    rt_decw                                  0x08004175   Thumb Code    12  hal_cm3.o(.emb_text)
    rt_inc16                                 0x08004181   Thumb Code    18  hal_cm3.o(.emb_text)
    rt_set_PSP                               0x08004193   Thumb Code     6  hal_cm3.o(.emb_text)
    os_set_env                               0x08004199   Thumb Code    24  hal_cm3.o(.emb_text)
    _alloc_box                               0x080041b5   Thumb Code    28  hal_cm3.o(.emb_text)
    _free_box                                0x080041d5   Thumb Code    28  hal_cm3.o(.emb_text)
    SVC_Handler                              0x080041f5   Thumb Code   124  hal_cm3.o(.emb_text)
    PendSV_Handler                           0x0800427d   Thumb Code     0  hal_cm3.o(.emb_text)
    Sys_Handler                              0x0800427d   Thumb Code    76  hal_cm3.o(.emb_text)
    SysTick_Handler                          0x080042c3   Thumb Code     0  hal_cm3.o(.emb_text)
    Reset_Handler                            0x080042cd   Thumb Code     4  stm32f10x.o(.text)
    NMI_Handler                              0x080042d1   Thumb Code     2  stm32f10x.o(.text)
    HardFault_Handler                        0x080042d3   Thumb Code     2  stm32f10x.o(.text)
    MemManage_Handler                        0x080042d5   Thumb Code     2  stm32f10x.o(.text)
    BusFault_Handler                         0x080042d7   Thumb Code     2  stm32f10x.o(.text)
    UsageFault_Handler                       0x080042d9   Thumb Code     2  stm32f10x.o(.text)
    DebugMon_Handler                         0x080042dd   Thumb Code     2  stm32f10x.o(.text)
    ADC_IRQHandler                           0x080042e3   Thumb Code     0  stm32f10x.o(.text)
    CAN_RX1_IRQHandler                       0x080042e3   Thumb Code     0  stm32f10x.o(.text)
    CAN_SCE_IRQHandler                       0x080042e3   Thumb Code     0  stm32f10x.o(.text)
    DMAChannel1_IRQHandler                   0x080042e3   Thumb Code     0  stm32f10x.o(.text)
    DMAChannel2_IRQHandler                   0x080042e3   Thumb Code     0  stm32f10x.o(.text)
    DMAChannel3_IRQHandler                   0x080042e3   Thumb Code     0  stm32f10x.o(.text)
    DMAChannel4_IRQHandler                   0x080042e3   Thumb Code     0  stm32f10x.o(.text)
    DMAChannel5_IRQHandler                   0x080042e3   Thumb Code     0  stm32f10x.o(.text)
    DMAChannel6_IRQHandler                   0x080042e3   Thumb Code     0  stm32f10x.o(.text)
    DMAChannel7_IRQHandler                   0x080042e3   Thumb Code     0  stm32f10x.o(.text)
    EXTI0_IRQHandler                         0x080042e3   Thumb Code     0  stm32f10x.o(.text)
    EXTI15_10_IRQHandler                     0x080042e3   Thumb Code     0  stm32f10x.o(.text)
    EXTI1_IRQHandler                         0x080042e3   Thumb Code     0  stm32f10x.o(.text)
    EXTI2_IRQHandler                         0x080042e3   Thumb Code     0  stm32f10x.o(.text)
    EXTI3_IRQHandler                         0x080042e3   Thumb Code     0  stm32f10x.o(.text)
    EXTI4_IRQHandler                         0x080042e3   Thumb Code     0  stm32f10x.o(.text)
    EXTI9_5_IRQHandler                       0x080042e3   Thumb Code     0  stm32f10x.o(.text)
    FLASH_IRQHandler                         0x080042e3   Thumb Code     0  stm32f10x.o(.text)
    I2C1_ER_IRQHandler                       0x080042e3   Thumb Code     0  stm32f10x.o(.text)
    I2C1_EV_IRQHandler                       0x080042e3   Thumb Code     0  stm32f10x.o(.text)
    I2C2_ER_IRQHandler                       0x080042e3   Thumb Code     0  stm32f10x.o(.text)
    I2C2_EV_IRQHandler                       0x080042e3   Thumb Code     0  stm32f10x.o(.text)
    PVD_IRQHandler                           0x080042e3   Thumb Code     0  stm32f10x.o(.text)
    RCC_IRQHandler                           0x080042e3   Thumb Code     0  stm32f10x.o(.text)
    RTCAlarm_IRQHandler                      0x080042e3   Thumb Code     0  stm32f10x.o(.text)
    RTC_IRQHandler                           0x080042e3   Thumb Code     0  stm32f10x.o(.text)
    SPI1_IRQHandler                          0x080042e3   Thumb Code     0  stm32f10x.o(.text)
    SPI2_IRQHandler                          0x080042e3   Thumb Code     0  stm32f10x.o(.text)
    TAMPER_IRQHandler                        0x080042e3   Thumb Code     0  stm32f10x.o(.text)
    TIM1_BRK_IRQHandler                      0x080042e3   Thumb Code     0  stm32f10x.o(.text)
    TIM1_CC_IRQHandler                       0x080042e3   Thumb Code     0  stm32f10x.o(.text)
    TIM1_TRG_COM_IRQHandler                  0x080042e3   Thumb Code     0  stm32f10x.o(.text)
    TIM1_UP_IRQHandler                       0x080042e3   Thumb Code     0  stm32f10x.o(.text)
    TIM2_IRQHandler                          0x080042e3   Thumb Code     0  stm32f10x.o(.text)
    TIM3_IRQHandler                          0x080042e3   Thumb Code     0  stm32f10x.o(.text)
    TIM4_IRQHandler                          0x080042e3   Thumb Code     0  stm32f10x.o(.text)
    USART1_IRQHandler                        0x080042e3   Thumb Code     0  stm32f10x.o(.text)
    USART2_IRQHandler                        0x080042e3   Thumb Code     0  stm32f10x.o(.text)
    USART3_IRQHandler                        0x080042e3   Thumb Code     0  stm32f10x.o(.text)
    USBWakeUp_IRQHandler                     0x080042e3   Thumb Code     0  stm32f10x.o(.text)
    WWDG_IRQHandler                          0x080042e3   Thumb Code     0  stm32f10x.o(.text)
    stm32_EfiSetup                           0x080042e9   Thumb Code     8  stm32_init.o(.text)
    stm32_ClockSetup                         0x080042f1   Thumb Code    34  stm32_init.o(.text)
    stm32_NvicSetup                          0x08004313   Thumb Code     2  stm32_init.o(.text)
    stm32_IwdgSetup                          0x08004315   Thumb Code    32  stm32_init.o(.text)
    stm32_SysTickSetup                       0x08004335   Thumb Code    26  stm32_init.o(.text)
    stm32_RtcSetup                           0x0800434f   Thumb Code   116  stm32_init.o(.text)
    stm32_TimerSetup                         0x080043c3   Thumb Code     2  stm32_init.o(.text)
    stm32_GpioSetup                          0x080043c5   Thumb Code    22  stm32_init.o(.text)
    stm32_UsartSetup                         0x080043db   Thumb Code     2  stm32_init.o(.text)
    stm32_ExtiSetup                          0x080043dd   Thumb Code     2  stm32_init.o(.text)
    stm32_AfRemapSetup                       0x080043df   Thumb Code     2  stm32_init.o(.text)
    stm32_TamperSetup                        0x080043e1   Thumb Code    70  stm32_init.o(.text)
    stm32_Init                               0x08004427   Thumb Code    18  stm32_init.o(.text)
    stm32_GetPCLK1                           0x08004439   Thumb Code     4  stm32_init.o(.text)
    os_idle_demon                            0x08004471   Thumb Code     2  rtx_config.o(.text)
    os_tmr_call                              0x08004473   Thumb Code     2  rtx_config.o(.text)
    os_stk_overflow                          0x08004475   Thumb Code     2  rtx_config.o(.text)
    Hex_Str                                  0x08004479   Thumb Code    34  blinky.o(.text)
    delay                                    0x0800449b   Thumb Code    10  blinky.o(.text)
    adc_Init                                 0x080044a5   Thumb Code    42  blinky.o(.text)
    adc_Get                                  0x080044cf   Thumb Code    20  blinky.o(.text)
    val_display                              0x080044e3   Thumb Code    94  blinky.o(.text)
    can_Init                                 0x08004541   Thumb Code    34  blinky.o(.text)
    signal_func                              0x08004563   Thumb Code    60  blinky.o(.text)
    emmit                                    0x0800459f   Thumb Code   120  blinky.o(.text)
    receiv                                   0x08004617   Thumb Code   108  blinky.o(.text)
    clock                                    0x08004683   Thumb Code    56  blinky.o(.text)
    lcd                                      0x080046bb   Thumb Code    62  blinky.o(.text)
    init                                     0x080046f9   Thumb Code    94  blinky.o(.text)
    main                                     0x08004757   Thumb Code    44  blinky.o(.text)
    lcd_write_4bit                           0x080047ed   Thumb Code    64  lcd_4bit.o(.text)
    lcd_write_cmd                            0x0800482d   Thumb Code    32  lcd_4bit.o(.text)
    lcd_putchar                              0x0800484d   Thumb Code    32  lcd_4bit.o(.text)
    lcd_init                                 0x0800486d   Thumb Code   146  lcd_4bit.o(.text)
    set_cursor                               0x080048ff   Thumb Code    18  lcd_4bit.o(.text)
    lcd_clear                                0x08004911   Thumb Code    18  lcd_4bit.o(.text)
    lcd_print                                0x08004923   Thumb Code    20  lcd_4bit.o(.text)
    lcd_bargraph                             0x08004937   Thumb Code    44  lcd_4bit.o(.text)
    lcd_bargraphXY                           0x08004963   Thumb Code    50  lcd_4bit.o(.text)
    CAN_setup                                0x08004a41   Thumb Code   158  can.o(.text)
    CAN_start                                0x08004adf   Thumb Code    24  can.o(.text)
    CAN_testmode                             0x08004af7   Thumb Code    24  can.o(.text)
    CAN_waitReady                            0x08004b0f   Thumb Code    18  can.o(.text)
    CAN_wrMsg                                0x08004b21   Thumb Code   130  can.o(.text)
    CAN_rdMsg                                0x08004ba3   Thumb Code   138  can.o(.text)
    CAN_wrFilter                             0x08004c2d   Thumb Code   106  can.o(.text)
    USB_HP_CAN_TX_IRQHandler                 0x08004c97   Thumb Code    38  can.o(.text)
    USB_LP_CAN_RX0_IRQHandler                0x08004cbd   Thumb Code    26  can.o(.text)
    SVC_Count                                0x08004d04   Data           4  SVC_Table.o(SVC_TABLE)
    SVC_Table                                0x08004d09   Thumb Code     0  SVC_Table.o(SVC_TABLE)
    _init_box                                0x08004d09   Thumb Code    70  rt_membox.o(i._init_box)
    dbg_init                                 0x08004d51   Thumb Code    36  hal_cm3.o(i.dbg_init)
    dbg_task_notify                          0x08004d7d   Thumb Code    32  hal_cm3.o(i.dbg_task_notify)
    dbg_task_switch                          0x08004d9d   Thumb Code    16  hal_cm3.o(i.dbg_task_switch)
    rt_alloc_box                             0x08004dad   Thumb Code    16  rt_membox.o(i.rt_alloc_box)
    rt_block                                 0x08004dbd   Thumb Code    48  rt_task.o(i.rt_block)
    rt_chk_robin                             0x08004df5   Thumb Code    66  rt_robin.o(i.rt_chk_robin)
    rt_dec_dly                               0x08004e49   Thumb Code   106  rt_list.o(i.rt_dec_dly)
    rt_dispatch                              0x08004ebd   Thumb Code    60  rt_task.o(i.rt_dispatch)
    rt_dly_wait                              0x08004f01   Thumb Code     6  rt_time.o(i.rt_dly_wait)
    rt_evt_psh                               0x08004f09   Thumb Code    80  rt_event.o(i.rt_evt_psh)
    rt_evt_set                               0x08004f5d   Thumb Code    96  rt_event.o(i.rt_evt_set)
    rt_evt_wait                              0x08004fc1   Thumb Code    58  rt_event.o(i.rt_evt_wait)
    rt_free_box                              0x08005001   Thumb Code    32  rt_membox.o(i.rt_free_box)
    rt_get_first                             0x08005021   Thumb Code    40  rt_list.o(i.rt_get_first)
    rt_init_stack                            0x0800508d   Thumb Code    70  hal_cm3.o(i.rt_init_stack)
    rt_mbx_psh                               0x080050dd   Thumb Code   120  rt_mailbox.o(i.rt_mbx_psh)
    rt_pop_req                               0x08005159   Thumb Code    80  rt_system.o(i.rt_pop_req)
    rt_psq_deq                               0x080051b9   Thumb Code    28  rt_list.o(i.rt_psq_deq)
    rt_put_dly                               0x080051d9   Thumb Code    70  rt_list.o(i.rt_put_dly)
    rt_put_prio                              0x08005225   Thumb Code    54  rt_list.o(i.rt_put_prio)
    rt_put_rdy_first                         0x0800525d   Thumb Code    14  rt_list.o(i.rt_put_rdy_first)
    rt_rmv_dly                               0x08005271   Thumb Code    40  rt_list.o(i.rt_rmv_dly)
    rt_rmv_list                              0x08005299   Thumb Code    44  rt_list.o(i.rt_rmv_list)
    rt_sem_psh                               0x080052c9   Thumb Code    46  rt_semaphore.o(i.rt_sem_psh)
    rt_switch_req                            0x080052fd   Thumb Code    74  rt_task.o(i.rt_switch_req)
    rt_sys_init                              0x08005359   Thumb Code   216  rt_task.o(i.rt_sys_init)
    rt_systick                               0x08005479   Thumb Code    52  rt_system.o(i.rt_systick)
    rt_tmr_tick                              0x080054bd   Thumb Code    56  rt_timer.o(i.rt_tmr_tick)
    rt_tsk_create                            0x080054fd   Thumb Code   126  rt_task.o(i.rt_tsk_create)
    rt_tsk_delete                            0x08005591   Thumb Code   148  rt_task.o(i.rt_tsk_delete)
    os_clockrate                             0x0800563c   Data           4  rtx_config.o(.constdata)
    os_timernum                              0x08005640   Data           4  rtx_config.o(.constdata)
    mp_tcb_size                              0x08005644   Data           2  rtx_config.o(.constdata)
    mp_stk_size                              0x08005648   Data           4  rtx_config.o(.constdata)
    mp_tmr_size                              0x0800564c   Data           2  rtx_config.o(.constdata)
    os_maxtaskrun                            0x0800564e   Data           2  rtx_config.o(.constdata)
    os_stackinfo                             0x08005650   Data           4  rtx_config.o(.constdata)
    os_rrobin                                0x08005654   Data           4  rtx_config.o(.constdata)
    os_trv                                   0x08005658   Data           4  rtx_config.o(.constdata)
    os_flags                                 0x0800565c   Data           1  rtx_config.o(.constdata)
    SWAP_DATA                                0x08005660   Data          64  lcd_4bit.o(.constdata)
    UserFont                                 0x080056a0   Data          64  lcd_4bit.o(.constdata)
    m_tmr                                    0x20000000   Data           4  rtx_config.o(.data)
    val_Tx                                   0x20000004   Data           4  blinky.o(.data)
    val_Rx                                   0x20000008   Data           4  blinky.o(.data)
    t_emmit                                  0x2000000c   Data           4  blinky.o(.data)
    t_receiv                                 0x20000010   Data           4  blinky.o(.data)
    t_clock                                  0x20000014   Data           4  blinky.o(.data)
    t_lcd                                    0x20000018   Data           4  blinky.o(.data)
    hex_chars                                0x20000024   Data          16  blinky.o(.data)
    CAN_TxRdy                                0x20000038   Data           4  can.o(.data)
    CAN_RxRdy                                0x2000003c   Data           4  can.o(.data)
    os_tsk                                   0x20000040   Data           8  rt_task.o(.data)
    os_time                                  0x20000048   Data           2  rt_time.o(.data)
    dbg_msg                                  0x2000004a   Data           1  hal_cm3.o(.data)
    os_robin_time                            0x20000050   Data           2  rt_robin.o(.data)
    os_tsk_robin                             0x20000054   Data           4  rt_robin.o(.data)
    os_tmr                                   0x20000058   Data           8  rt_timer.o(.data)
    mp_tcb                                   0x20000060   Data         492  rtx_config.o(.bss)
    mp_stk                                   0x20000250   Data        2216  rtx_config.o(.bss)
    os_active_TCB                            0x20000af8   Data          40  rtx_config.o(.bss)
    CAN_RxMsg                                0x20000b20   Data          16  can.o(.bss)
    CAN_TxMsg                                0x20000b30   Data          16  can.o(.bss)
    os_psq                                   0x20000b40   Data         132  rt_task.o(.bss)
    os_idle_TCB                              0x20000bc4   Data          48  rt_task.o(.bss)
    os_rdy                                   0x20000bf4   Data          24  rt_list.o(.bss)
    os_dly                                   0x20000c0c   Data          24  rt_list.o(.bss)
    __initial_sp                             0x20000e28   Number         0  stm32f10x.o(STACK)


================================================================================

Memory Map of the image

  Image Entry point : 0x080042cd

  Load Region LR_IROM1 (Base: 0x08000000, Size: 0x00005740, Max: 0x00080000, ABSOLUTE)

    Execution Region ER_IROM1 (Base: 0x08000000, Size: 0x00000168, Max: 0x00080000, ABSOLUTE)

    Base Addr    Size         Type   Attr      Idx    E Section Name        Object

    0x08000000   0x000000ec   Data   RO            3    RESET               stm32f10x.o
    0x080000ec   0x0000000c   Code   RO          684  * $$startup$$         entry.o(mc_w.l)
    0x080000f8   0x00000002   Code   RO          690    .emb_text           init.o(mc_w.l)
    0x080000fa   0x00000002   PAD
    0x080000fc   0x0000002c   Code   RO          689    .text               init.o(mc_w.l)
    0x08000128   0x0000000e   Code   RO          696    i.__scatterload_copy  handlers.o(mc_w.l)
    0x08000136   0x00000002   Code   RO          698    i.__scatterload_null  handlers.o(mc_w.l)
    0x08000138   0x0000000e   Code   RO          697    i.__scatterload_zeroinit  handlers.o(mc_w.l)
    0x08000146   0x00000002   PAD
    0x08000148   0x00000020   Data   RO          693    Region$$Table       anon$$obj.o


    Execution Region ER_IROM2 (Base: 0x08004168, Size: 0x00001578, Max: 0xffffffff, ABSOLUTE, FIXED)

    Base Addr    Size         Type   Attr      Idx    E Section Name        Object

    0x08004168   0x00000164   Code   RO          355    .emb_text           hal_cm3.o(RTX_CM3.LIB)
    0x080042cc   0x0000001c   Code   RO            4  * .text               stm32f10x.o
    0x080042e8   0x00000188   Code   RO           11    .text               stm32_init.o
    0x08004470   0x00000006   Code   RO          111    .text               rtx_config.o
    0x08004476   0x00000002   PAD
    0x08004478   0x00000374   Code   RO          137    .text               blinky.o
    0x080047ec   0x00000254   Code   RO          157    .text               lcd_4bit.o
    0x08004a40   0x000002c4   Code   RO          170    .text               can.o
    0x08004d04   0x00000004   Code   RO          570    SVC_TABLE           SVC_Table.o(RTX_CM3.LIB)
    0x08004d08   0x00000046   Code   RO          538    i._init_box         rt_membox.o(RTX_CM3.LIB)
    0x08004d4e   0x00000002   PAD
    0x08004d50   0x0000002c   Code   RO          357    i.dbg_init          hal_cm3.o(RTX_CM3.LIB)
    0x08004d7c   0x00000020   Code   RO          358    i.dbg_task_notify   hal_cm3.o(RTX_CM3.LIB)
    0x08004d9c   0x00000010   Code   RO          359    i.dbg_task_switch   hal_cm3.o(RTX_CM3.LIB)
    0x08004dac   0x00000010   Code   RO          539    i.rt_alloc_box      rt_membox.o(RTX_CM3.LIB)
    0x08004dbc   0x00000038   Code   RO          191    i.rt_block          rt_task.o(RTX_CM3.LIB)
    0x08004df4   0x00000054   Code   RO          520    i.rt_chk_robin      rt_robin.o(RTX_CM3.LIB)
    0x08004e48   0x00000074   Code   RO          449    i.rt_dec_dly        rt_list.o(RTX_CM3.LIB)
    0x08004ebc   0x00000044   Code   RO          190    i.rt_dispatch       rt_task.o(RTX_CM3.LIB)
    0x08004f00   0x00000006   Code   RO          328    i.rt_dly_wait       rt_time.o(RTX_CM3.LIB)
    0x08004f06   0x00000002   PAD
    0x08004f08   0x00000054   Code   RO          287    i.rt_evt_psh        rt_event.o(RTX_CM3.LIB)
    0x08004f5c   0x00000064   Code   RO          283    i.rt_evt_set        rt_event.o(RTX_CM3.LIB)
    0x08004fc0   0x00000040   Code   RO          282    i.rt_evt_wait       rt_event.o(RTX_CM3.LIB)
    0x08005000   0x00000020   Code   RO          541    i.rt_free_box       rt_membox.o(RTX_CM3.LIB)
    0x08005020   0x00000028   Code   RO          443    i.rt_get_first      rt_list.o(RTX_CM3.LIB)
    0x08005048   0x00000044   Code   RO          188    i.rt_init_context   rt_task.o(RTX_CM3.LIB)
    0x0800508c   0x00000050   Code   RO          356    i.rt_init_stack     hal_cm3.o(RTX_CM3.LIB)
    0x080050dc   0x0000007c   Code   RO          579    i.rt_mbx_psh        rt_mailbox.o(RTX_CM3.LIB)
    0x08005158   0x00000060   Code   RO          398    i.rt_pop_req        rt_system.o(RTX_CM3.LIB)
    0x080051b8   0x00000020   Code   RO          452    i.rt_psq_deq        rt_list.o(RTX_CM3.LIB)
    0x080051d8   0x0000004c   Code   RO          448    i.rt_put_dly        rt_list.o(RTX_CM3.LIB)
    0x08005224   0x00000036   Code   RO          442    i.rt_put_prio       rt_list.o(RTX_CM3.LIB)
    0x0800525a   0x00000002   PAD
    0x0800525c   0x00000014   Code   RO          444    i.rt_put_rdy_first  rt_list.o(RTX_CM3.LIB)
    0x08005270   0x00000028   Code   RO          450    i.rt_rmv_dly        rt_list.o(RTX_CM3.LIB)
    0x08005298   0x00000030   Code   RO          446    i.rt_rmv_list       rt_list.o(RTX_CM3.LIB)
    0x080052c8   0x00000034   Code   RO          625    i.rt_sem_psh        rt_semaphore.o(RTX_CM3.LIB)
    0x080052fc   0x0000005c   Code   RO          189    i.rt_switch_req     rt_task.o(RTX_CM3.LIB)
    0x08005358   0x00000120   Code   RO          197    i.rt_sys_init       rt_task.o(RTX_CM3.LIB)
    0x08005478   0x00000044   Code   RO          399    i.rt_systick        rt_system.o(RTX_CM3.LIB)
    0x080054bc   0x00000040   Code   RO          657    i.rt_tmr_tick       rt_timer.o(RTX_CM3.LIB)
    0x080054fc   0x00000094   Code   RO          195    i.rt_tsk_create     rt_task.o(RTX_CM3.LIB)
    0x08005590   0x000000ac   Code   RO          196    i.rt_tsk_delete     rt_task.o(RTX_CM3.LIB)
    0x0800563c   0x00000012   Data   RO          113    .constdata          rtx_config.o
    0x0800564e   0x00000002   Data   RO          115    .constdata          rtx_config.o
    0x08005650   0x00000004   Data   RO          116    .constdata          rtx_config.o
    0x08005654   0x00000004   Data   RO          117    .constdata          rtx_config.o
    0x08005658   0x00000004   Data   RO          118    .constdata          rtx_config.o
    0x0800565c   0x00000001   Data   RO          119    .constdata          rtx_config.o
    0x0800565d   0x00000003   PAD
    0x08005660   0x00000080   Data   RO          158    .constdata          lcd_4bit.o


    Execution Region RW_IRAM1 (Base: 0x20000000, Size: 0x00000060, Max: 0x00018000, ABSOLUTE)

    Base Addr    Size         Type   Attr      Idx    E Section Name        Object

    0x20000000   0x00000004   Data   RW          112    .data               rtx_config.o
    0x20000004   0x00000030   Data   RW          138    .data               blinky.o
    0x20000034   0x0000000c   Data   RW          171    .data               can.o
    0x20000040   0x00000008   Data   RW          198    .data               rt_task.o(RTX_CM3.LIB)
    0x20000048   0x00000002   Data   RW          331    .data               rt_time.o(RTX_CM3.LIB)
    0x2000004a   0x00000001   Data   RW          360    .data               hal_cm3.o(RTX_CM3.LIB)
    0x2000004b   0x00000002   Data   RW          400    .data               rt_system.o(RTX_CM3.LIB)
    0x2000004d   0x00000003   PAD
    0x20000050   0x00000008   Data   RW          521    .data               rt_robin.o(RTX_CM3.LIB)
    0x20000058   0x00000008   Data   RW          660    .data               rt_timer.o(RTX_CM3.LIB)


    Execution Region RW_IRAM2 (Base: 0x20000060, Size: 0x00000dc8, Max: 0x00018000, ABSOLUTE)

    Base Addr    Size         Type   Attr      Idx    E Section Name        Object

    0x20000060   0x00000ac0   Zero   RW          114    .bss                rtx_config.o
    0x20000b20   0x00000010   Zero   RW          172    .bss                can.o
    0x20000b30   0x00000010   Zero   RW          173    .bss                can.o
    0x20000b40   0x000000b4   Zero   RW          199    .bss                rt_task.o(RTX_CM3.LIB)
    0x20000bf4   0x00000030   Zero   RW          453    .bss                rt_list.o(RTX_CM3.LIB)
    0x20000c24   0x00000004   PAD
    0x20000c28   0x00000200   Zero   RW            1    STACK               stm32f10x.o


================================================================================

Image component sizes


      Code (inc. data)   RO Data    RW Data    ZI Data      Debug   Object Name

       884        106          0         48          0       2890   blinky.o
       708         46          0         12         32       2581   can.o
       596         20        128          0          0       3746   lcd_4bit.o
         6          0         33          4       2752       6204   rtx_config.o
       392         52          0          0          0       3073   stm32_init.o
        28          4        236          0        512       2894   stm32f10x.o

    ------------------------------------------------------------------------
      2616        228      16816         64       3296      21389   Object Totals
         0          0         32          0          0          0   (incl. Generated)
         2          0      16387          0          0          1   (incl. Padding)

    ------------------------------------------------------------------------

      Code (inc. data)   RO Data    RW Data    ZI Data      Debug   Library Member Name

         4          4          0          0          0        176   SVC_Table.o
        12          4          0          0          0          0   entry.o
       528         48          0          1          0       2069   hal_cm3.o
        30          0          0          0          0          0   handlers.o
        46         14          0          0          0          0   init.o
       248         14          0          0          0       1656   rt_event.o
       426         30          0          0         48       3778   rt_list.o
       124          4          0          0          0        589   rt_mailbox.o
       118          0          0          0          0       1745   rt_membox.o
        84         18          0          8          0        612   rt_robin.o
        52          6          0          0          0        445   rt_semaphore.o
       164         32          0          2          0       1141   rt_system.o
       892        156          0          8        180       5697   rt_task.o
         6          0          0          2          0        500   rt_time.o
        64          8          0          8          0        547   rt_timer.o

    ------------------------------------------------------------------------
      2808        338          0         32        232      18955   Library Totals
        10          0          0          3          4          0   (incl. Padding)

    ------------------------------------------------------------------------

      Code (inc. data)   RO Data    RW Data    ZI Data      Debug   Library Name

      2710        320          0         29        228      18955   RTX_CM3.LIB
        88         18          0          0          0          0   mc_w.l

    ------------------------------------------------------------------------
      2808        338          0         32        232      18955   Library Totals

    ------------------------------------------------------------------------

================================================================================


      Code (inc. data)   RO Data    RW Data    ZI Data      Debug   

      5424        566      16816         96       3528      40344   Grand Totals
      5424        566      16816         96       3528      40344   ELF Image Totals
      5424        566      16816         96          0          0   ROM Totals

================================================================================

    Total RO  Size (Code + RO Data)                22240 (  21.72kB)
    Total RW  Size (RW Data + ZI Data)              3624 (   3.54kB)
    Total ROM Size (Code + RO Data + RW Data)      22336 (  21.81kB)

================================================================================

