<html>
<body>
<pre>
<h1>µVision Build Log</h1>
<h2>Project:</h2>
D:\Projets\MCU\ARM\Cortex\proj_cm3\Reseau_Capteurs\V1\Reseau_capteurs_v1.uvproj
Project File Date:  03/04/2010

<h2>Output:</h2>
Build target 'Target 1'
assembling STM32F10x.s...
compiling test.c...
test.c(11): warning:  #1-D: last line of file ends without a newline
linking...
Program Size: Code=140 RO-data=268 RW-data=4 ZI-data=516  
"Reseau_capteurs_v1.axf" - 0 Error(s), 1 Warning(s).
Build target 'Target 1'
compiling test.c...
linking...
Program Size: Code=140 RO-data=268 RW-data=4 ZI-data=516  
"Reseau_capteurs_v1.axf" - 0 Error(s), 0 Warning(s).
Build target 'Target 1'
assembling STM32F10x.s...
compiling test.c...
linking...
Program Size: Code=140 RO-data=268 RW-data=4 ZI-data=516  
"Reseau_capteurs_v1.axf" - 0 Error(s), 0 Warning(s).
Build target 'Simu'
assembling STM32F10x.s...
compiling STM32_Init.c...
compiling main.c...
compiling adc.c...
compiling at.c...
compiling gpio.c...
compiling LCD_4bit.c...
compiling rs606.c...
compiling time.c...
compiling uart.c...
linking...
Program Size: Code=3300 RO-data=396 RW-data=20 ZI-data=516  
".\obj\Reseau_capteurs_v1.axf" - 0 Error(s), 0 Warning(s).
Build target 'Simu'
compiling LCD_4bit.c...
linking...
Program Size: Code=3300 RO-data=396 RW-data=20 ZI-data=516  
".\obj\Reseau_capteurs_v1.axf" - 0 Error(s), 0 Warning(s).
