<html>
<body>
<pre>
<h1>µVision3 Build Log</h1>
<h2>Project:</h2>
J:\acco\zipzap\insacortexdev_svn\proj_cm3\test_USARTx_Irq\Usart.uv2
Project File Date:  09/23/2008

<h2>Output:</h2>
Build target 'Simulator'
assembling STM32F10x.s...
compiling STM32_Init.c...
compiling lib_usartx_irq.c...
..\..\lib_cm3\lib_usartx_irq.c(213): error:  #20: identifier "__USART2_CR1" is undefined
..\..\lib_cm3\lib_usartx_irq.c(278): error:  #20: identifier "__USART3_CR1" is undefined
compiling test_usartx_irq.c...
test_usartx_irq.c(25): warning:  #223-D: function "buffer_Init" declared implicitly
test_usartx_irq.c(26): warning:  #223-D: function "stm32_Init" declared implicitly
Target not created
Build target 'Simulator'
compiling STM32_Init.c...
compiling lib_usartx_irq.c...
..\..\lib_cm3\lib_usartx_irq.c(162): error:  #20: identifier "__USART_INTERRUPTS" is undefined
..\..\lib_cm3\lib_usartx_irq.c(213): error:  #20: identifier "__USART2_CR1" is undefined
..\..\lib_cm3\lib_usartx_irq.c(278): error:  #20: identifier "__USART3_CR1" is undefined
Target not created
Build target 'Simulator'
compiling lib_usartx_irq.c...
..\..\lib_cm3\lib_usartx_irq.c(213): error:  #20: identifier "__USART2_CR1" is undefined
..\..\lib_cm3\lib_usartx_irq.c(278): error:  #20: identifier "__USART3_CR1" is undefined
Target not created
Build target 'Simulator'
compiling lib_usartx_irq.c...
..\..\lib_cm3\lib_usartx_irq.c(213): error:  #20: identifier "__USART2_CR1" is undefined
..\..\lib_cm3\lib_usartx_irq.c(278): error:  #20: identifier "__USART3_CR1" is undefined
compiling test_usartx_irq.c...
test_usartx_irq.c(25): warning:  #223-D: function "buffer_Init" declared implicitly
test_usartx_irq.c(26): warning:  #223-D: function "stm32_Init" declared implicitly
Target not created
Build target 'Simulator'
assembling STM32F10x.s...
compiling STM32_Init.c...
compiling lib_usartx_irq.c...
..\..\lib_cm3\lib_usartx_irq.c(213): error:  #20: identifier "__USART2_CR1" is undefined
..\..\lib_cm3\lib_usartx_irq.c(278): error:  #20: identifier "__USART3_CR1" is undefined
compiling test_usartx_irq.c...
test_usartx_irq.c(25): warning:  #223-D: function "buffer_Init" declared implicitly
test_usartx_irq.c(26): warning:  #223-D: function "stm32_Init" declared implicitly
Target not created
Build target 'Simulator'
compiling lib_usartx_irq.c...
linking...
Program Size: Code=2728 RO-data=16652 RW-data=12 ZI-data=1044  
".\Obj\usart.axf" - 0 Error(s), 0 Warning(s).
Build target 'Simulator'
assembling STM32F10x.s...
compiling STM32_Init.c...
compiling lib_usartx_irq.c...
compiling test_usartx_irq.c...
test_usartx_irq.c(25): warning:  #223-D: function "buffer_Init" declared implicitly
test_usartx_irq.c(26): warning:  #223-D: function "stm32_Init" declared implicitly
linking...
Program Size: Code=2728 RO-data=16652 RW-data=12 ZI-data=1044  
".\Obj\usart.axf" - 0 Error(s), 2 Warning(s).
Build target 'Simulator'
compiling lib_usartx_irq.c...
..\..\lib_cm3\lib_usartx_irq.h(61): warning:  #1-D: last line of file ends without a newline
compiling test_usartx_irq.c...
../../lib_cm3/lib_usartx_irq.h(61): warning:  #1-D: last line of file ends without a newline
linking...
Program Size: Code=2728 RO-data=16652 RW-data=12 ZI-data=1044  
".\Obj\usart.axf" - 0 Error(s), 2 Warning(s).
Build target 'Simulator'
compiling lib_usartx_irq.c...
compiling test_usartx_irq.c...
linking...
Program Size: Code=2732 RO-data=16652 RW-data=12 ZI-data=1044  
".\Obj\usart.axf" - 0 Error(s), 0 Warning(s).
Build target 'Simulator'
assembling STM32F10x.s...
compiling STM32_Init.c...
compiling lib_usartx_irq.c...
compiling test_usartx_irq.c...
linking...
Program Size: Code=2732 RO-data=16652 RW-data=12 ZI-data=1044  
".\Obj\usart.axf" - 0 Error(s), 0 Warning(s).
Build target 'Simulator'
compiling STM32_Init.c...
compiling lib_usartx_irq.c...
compiling test_usartx_irq.c...
linking...
Program Size: Code=2280 RO-data=16652 RW-data=12 ZI-data=1044  
".\Obj\usart.axf" - 0 Error(s), 0 Warning(s).
Build target 'Simulator'
compiling test_usartx_irq.c...
linking...
Program Size: Code=1488 RO-data=16652 RW-data=12 ZI-data=1044  
".\Obj\usart.axf" - 0 Error(s), 0 Warning(s).
Build target 'Simulator'
assembling STM32F10x.s...
compiling lib_usartx_irq.c...
compiling test_usartx_irq.c...
linking...
Program Size: Code=2794 RO-data=16670 RW-data=12 ZI-data=1140  
".\Obj\usart.axf" - 0 Error(s), 0 Warning(s).
Build target 'Simulator'
compiling test_usartx_irq.c...
linking...
Program Size: Code=2794 RO-data=16670 RW-data=12 ZI-data=1140  
".\Obj\usart.axf" - 0 Error(s), 0 Warning(s).
Build target 'Simulator'
compiling lib_usartx_irq.c...
compiling test_usartx_irq.c...
linking...
Program Size: Code=2798 RO-data=16670 RW-data=12 ZI-data=1140  
".\Obj\usart.axf" - 0 Error(s), 0 Warning(s).
Build target 'Simulator'
assembling STM32F10x.s...
compiling lib_usartx_irq.c...
compiling test_usartx_irq.c...
linking...
Program Size: Code=2798 RO-data=16670 RW-data=12 ZI-data=1140  
".\Obj\usart.axf" - 0 Error(s), 0 Warning(s).
Build target 'Simulator'
compiling lib_usartx_irq.c...
compiling test_usartx_irq.c...
linking...
Program Size: Code=2798 RO-data=16670 RW-data=12 ZI-data=1140  
".\Obj\usart.axf" - 0 Error(s), 0 Warning(s).
Build target 'Simulator'
compiling lib_usartx_irq.c...
..\..\lib_cm3\lib_usartx_irq.c(367): error:  #65: expected a ";"
..\..\lib_cm3\lib_usartx_irq.c(404): warning:  #12-D: parsing restarts here after previous syntax error
Target not created
Build target 'Simulator'
compiling lib_usartx_irq.c...
..\..\lib_cm3\lib_usartx_irq.c(367): error:  #65: expected a ";"
..\..\lib_cm3\lib_usartx_irq.c(404): warning:  #12-D: parsing restarts here after previous syntax error
Target not created
Build target 'Simulator'
compiling lib_usartx_irq.c...
..\..\lib_cm3\lib_usartx_irq.c(367): error:  #65: expected a ";"
..\..\lib_cm3\lib_usartx_irq.c(404): warning:  #12-D: parsing restarts here after previous syntax error
Target not created
Build target 'Simulator'
compiling lib_usartx_irq.c...
linking...
Program Size: Code=2802 RO-data=16670 RW-data=12 ZI-data=1140  
".\Obj\usart.axf" - 0 Error(s), 0 Warning(s).
Build target 'Simulator'
assembling STM32F10x.s...
compiling lib_usartx_irq.c...
compiling test_usartx_irq.c...
linking...
Program Size: Code=2802 RO-data=16670 RW-data=12 ZI-data=1140  
".\Obj\usart.axf" - 0 Error(s), 0 Warning(s).
Build target 'Simulator'
compiling lib_usartx_irq.c...
compiling test_usartx_irq.c...
linking...
Program Size: Code=2794 RO-data=16670 RW-data=12 ZI-data=1140  
".\Obj\usart.axf" - 0 Error(s), 0 Warning(s).
Build target 'Simulator'
compiling lib_usartx_irq.c...
linking...
Program Size: Code=2794 RO-data=16670 RW-data=12 ZI-data=1140  
".\Obj\usart.axf" - 0 Error(s), 0 Warning(s).
Build target 'Simulator'
assembling STM32F10x.s...
compiling lib_usartx_irq.c...
compiling test_usartx_irq.c...
linking...
Program Size: Code=2794 RO-data=16670 RW-data=12 ZI-data=1140  
".\Obj\usart.axf" - 0 Error(s), 0 Warning(s).
Build target 'Simulator'
compiling lib_usartx_irq.c...
linking...
Program Size: Code=2794 RO-data=16670 RW-data=12 ZI-data=1140  
".\Obj\usart.axf" - 0 Error(s), 0 Warning(s).
Build target 'Simulator'
assembling STM32F10x.s...
compiling lib_usartx_irq.c...
compiling test_usartx_irq.c...
linking...
Program Size: Code=2794 RO-data=16670 RW-data=12 ZI-data=1140  
".\Obj\usart.axf" - 0 Error(s), 0 Warning(s).
Build target 'Simulator'
assembling STM32F10x.s...
compiling lib_usartx_irq.c...
compiling test_usartx_irq.c...
linking...
Program Size: Code=2806 RO-data=16670 RW-data=12 ZI-data=1140  
".\Obj\usart.axf" - 0 Error(s), 0 Warning(s).
Build target 'Simulator'
assembling STM32F10x.s...
compiling lib_usartx_irq.c...
compiling test_usartx_irq.c...
linking...
Program Size: Code=2806 RO-data=16670 RW-data=12 ZI-data=1140  
".\Obj\usart.axf" - 0 Error(s), 0 Warning(s).
Build target 'Simulator'
compiling lib_usartx_irq.c...
linking...
Program Size: Code=2806 RO-data=16670 RW-data=12 ZI-data=1140  
".\Obj\usart.axf" - 0 Error(s), 0 Warning(s).
Build target 'Simulator'
compiling lib_usartx_irq.c...
compiling test_usartx_irq.c...
linking...
Program Size: Code=2806 RO-data=16670 RW-data=12 ZI-data=1140  
".\Obj\usart.axf" - 0 Error(s), 0 Warning(s).
