<!doctype html public "-//w3c//dtd html 4.0 transitional//en">
<html><head>
<title>Static Call Graph - [.\Obj\usart.axf]</title></head>
<body><HR>
<H1>Static Call Graph for image .\Obj\usart.axf</H1><HR>
<BR><P>#&#060CALLGRAPH&#062# ARM Linker, RVCT3.1 [Build 942]: Last Updated: Tue Jul 28 19:06:46 2009
<BR><P>
<H3>Maximum Stack Usage =         64 bytes + Unknown(Functions without stacksize, Cycles, Untraceable Function Pointers)</H3><H3>
Call chain for Maximum Stack Depth:</H3>
__main &rArr; __rt_entry &rArr; __rt_lib_init &rArr; _fp_init
<P>
<H3>
Functions with no stack information
</H3><UL>
 <LI><a href="#[b13480]">__user_initial_stackheap</a>
</UL>
</UL>
<P>
<H3>
Mutually Recursive functions
</H3> <LI><a href="#[b13318]">NMI_Handler</a>&nbsp;&nbsp;&nbsp;&rArr;&nbsp;&nbsp;&nbsp;<a href="#[b13318]">NMI_Handler</a><BR>
 <LI><a href="#[b132d0]">HardFault_Handler</a>&nbsp;&nbsp;&nbsp;&rArr;&nbsp;&nbsp;&nbsp;<a href="#[b132d0]">HardFault_Handler</a><BR>
 <LI><a href="#[b13288]">MemManage_Handler</a>&nbsp;&nbsp;&nbsp;&rArr;&nbsp;&nbsp;&nbsp;<a href="#[b13288]">MemManage_Handler</a><BR>
 <LI><a href="#[b13240]">BusFault_Handler</a>&nbsp;&nbsp;&nbsp;&rArr;&nbsp;&nbsp;&nbsp;<a href="#[b13240]">BusFault_Handler</a><BR>
 <LI><a href="#[b131f8]">UsageFault_Handler</a>&nbsp;&nbsp;&nbsp;&rArr;&nbsp;&nbsp;&nbsp;<a href="#[b131f8]">UsageFault_Handler</a><BR>
 <LI><a href="#[b131b0]">SVC_Handler</a>&nbsp;&nbsp;&nbsp;&rArr;&nbsp;&nbsp;&nbsp;<a href="#[b131b0]">SVC_Handler</a><BR>
 <LI><a href="#[b13168]">DebugMon_Handler</a>&nbsp;&nbsp;&nbsp;&rArr;&nbsp;&nbsp;&nbsp;<a href="#[b13168]">DebugMon_Handler</a><BR>
 <LI><a href="#[b13120]">PendSV_Handler</a>&nbsp;&nbsp;&nbsp;&rArr;&nbsp;&nbsp;&nbsp;<a href="#[b13120]">PendSV_Handler</a><BR>
 <LI><a href="#[b130d8]">SysTick_Handler</a>&nbsp;&nbsp;&nbsp;&rArr;&nbsp;&nbsp;&nbsp;<a href="#[b130d8]">SysTick_Handler</a><BR>
 <LI><a href="#[b13090]">ADC_IRQHandler</a>&nbsp;&nbsp;&nbsp;&rArr;&nbsp;&nbsp;&nbsp;<a href="#[b13090]">ADC_IRQHandler</a><BR>
</UL>
<P>
<H3>
Function Pointers
</H3><UL>
 <LI><a href="#[b13360]">Reset_Handler</a>
 <LI><a href="#[b13318]">NMI_Handler</a>
 <LI><a href="#[b132d0]">HardFault_Handler</a>
 <LI><a href="#[b13288]">MemManage_Handler</a>
 <LI><a href="#[b13240]">BusFault_Handler</a>
 <LI><a href="#[b131f8]">UsageFault_Handler</a>
 <LI><a href="#[b131b0]">SVC_Handler</a>
 <LI><a href="#[b13168]">DebugMon_Handler</a>
 <LI><a href="#[b13120]">PendSV_Handler</a>
 <LI><a href="#[b130d8]">SysTick_Handler</a>
 <LI><a href="#[b124c0]">WWDG_IRQHandler</a>
 <LI><a href="#[b12a60]">PVD_IRQHandler</a>
 <LI><a href="#[b128b0]">TAMPER_IRQHandler</a>
 <LI><a href="#[b12988]">RTC_IRQHandler</a>
 <LI><a href="#[b12bc8]">FLASH_IRQHandler</a>
 <LI><a href="#[b12a18]">RCC_IRQHandler</a>
 <LI><a href="#[b12dc0]">EXTI0_IRQHandler</a>
 <LI><a href="#[b12d30]">EXTI1_IRQHandler</a>
 <LI><a href="#[b12ce8]">EXTI2_IRQHandler</a>
 <LI><a href="#[b12ca0]">EXTI3_IRQHandler</a>
 <LI><a href="#[b12c58]">EXTI4_IRQHandler</a>
 <LI><a href="#[b12fb8]">DMAChannel1_IRQHandler</a>
 <LI><a href="#[b12f70]">DMAChannel2_IRQHandler</a>
 <LI><a href="#[b12f28]">DMAChannel3_IRQHandler</a>
 <LI><a href="#[b12ee0]">DMAChannel4_IRQHandler</a>
 <LI><a href="#[b12e98]">DMAChannel5_IRQHandler</a>
 <LI><a href="#[b12e50]">DMAChannel6_IRQHandler</a>
 <LI><a href="#[b12e08]">DMAChannel7_IRQHandler</a>
 <LI><a href="#[b13090]">ADC_IRQHandler</a>
 <LI><a href="#[b12550]">USB_HP_CAN_TX_IRQHandler</a>
 <LI><a href="#[b12508]">USB_LP_CAN_RX0_IRQHandler</a>
 <LI><a href="#[b13048]">CAN_RX1_IRQHandler</a>
 <LI><a href="#[b13000]">CAN_SCE_IRQHandler</a>
 <LI><a href="#[b12c10]">EXTI9_5_IRQHandler</a>
 <LI><a href="#[b12868]">TIM1_BRK_IRQHandler</a>
 <LI><a href="#[b12790]">TIM1_UP_IRQHandler</a>
 <LI><a href="#[b127d8]">TIM1_TRG_COM_IRQHandler</a>
 <LI><a href="#[b12820]">TIM1_CC_IRQHandler</a>
 <LI><a href="#[b12748]">TIM2_IRQHandler</a>
 <LI><a href="#[b12700]">TIM3_IRQHandler</a>
 <LI><a href="#[b126b8]">TIM4_IRQHandler</a>
 <LI><a href="#[b12b38]">I2C1_EV_IRQHandler</a>
 <LI><a href="#[b12b80]">I2C1_ER_IRQHandler</a>
 <LI><a href="#[b12aa8]">I2C2_EV_IRQHandler</a>
 <LI><a href="#[b12af0]">I2C2_ER_IRQHandler</a>
 <LI><a href="#[b12940]">SPI1_IRQHandler</a>
 <LI><a href="#[b128f8]">SPI2_IRQHandler</a>
 <LI><a href="#[b12670]">USART1_IRQHandler</a>
 <LI><a href="#[b12628]">USART2_IRQHandler</a>
 <LI><a href="#[b125e0]">USART3_IRQHandler</a>
 <LI><a href="#[b12d78]">EXTI15_10_IRQHandler</a>
 <LI><a href="#[b129d0]">RTCAlarm_IRQHandler</a>
 <LI><a href="#[b12598]">USBWakeUp_IRQHandler</a>
 <LI><a href="#[b0d720]">__main</a>
 <LI><a href="#[b10b18]">fputc</a>
 <LI><a href="#[b0bfb8]">_printf_outstr_char</a>
 <LI><a href="#[b0be48]">_printf_input_char</a>
 <LI><a href="#[b0a888]">__I_use_semihosting</a>
</UL>
<P>
<H3>
Global Symbols
</H3>
<P><STRONG><a name="[b0d720]"></a>__main</STRONG> (Thumb, 8 bytes, Stack size 0 bytes, __main.o(!!!main))
<BR><BR>[Stack]<UL><LI>Max Depth = 64 + Unknown Stack Size
<LI>Call Chain = __main &rArr; __rt_entry &rArr; __rt_lib_init &rArr; _fp_init
</UL>
<BR>[Calls]<UL><LI><a href="#[b06a28]">&gt;&gt;</a>&nbsp;&nbsp;&nbsp;__scatterload
<LI><a href="#[b0d468]">&gt;&gt;</a>&nbsp;&nbsp;&nbsp;__rt_entry
</UL>

<P><STRONG><a name="[b06a28]"></a>__scatterload</STRONG> (Thumb, 0 bytes, Stack size unknown bytes, __scatter.o(!!!scatter))
<BR><BR>[Called By]<UL><LI><a href="#[b0d720]">&gt;&gt;</a>&nbsp;&nbsp;&nbsp;__main
</UL>

<P><STRONG><a name="[b069e0]"></a>__scatterload_rt2</STRONG> (Thumb, 44 bytes, Stack size unknown bytes, __scatter.o(!!!scatter), UNUSED)
<BR><BR>[Calls]<UL><LI><a href="#[b0d468]">&gt;&gt;</a>&nbsp;&nbsp;&nbsp;__rt_entry
</UL>

<P><STRONG><a name="[b06998]"></a>__scatterload_rt2_thumb_only</STRONG> (Thumb, 0 bytes, Stack size unknown bytes, __scatter.o(!!!scatter), UNUSED)

<P><STRONG><a name="[b06950]"></a>__scatterload_null</STRONG> (Thumb, 0 bytes, Stack size unknown bytes, __scatter.o(!!!scatter), UNUSED)

<P><STRONG><a name="[b06710]"></a>__scatterload_copy</STRONG> (Thumb, 26 bytes, Stack size unknown bytes, __scatter_copy.o(!!handler_copy), UNUSED)
<BR><BR>[Calls]<UL><LI><a href="#[b06710]">&gt;&gt;</a>&nbsp;&nbsp;&nbsp;__scatterload_copy
</UL>
<BR>[Called By]<UL><LI><a href="#[b06710]">&gt;&gt;</a>&nbsp;&nbsp;&nbsp;__scatterload_copy
</UL>

<P><STRONG><a name="[b065a8]"></a>__scatterload_zeroinit</STRONG> (Thumb, 28 bytes, Stack size unknown bytes, __scatter_zi.o(!!handler_zi), UNUSED)

<P><STRONG><a name="[b0b7c0]"></a>__ARM_argv_veneer</STRONG> (Thumb, 4 bytes, Stack size 0 bytes, lib_init.o(.emb_text))
<BR><BR>[Calls]<UL><LI><a href="#[b09e58]">&gt;&gt;</a>&nbsp;&nbsp;&nbsp;__ARM_get_argv
</UL>
<BR>[Called By]<UL><LI><a href="#[b0b730]">&gt;&gt;</a>&nbsp;&nbsp;&nbsp;__rt_lib_init
</UL>

<P><STRONG><a name="[b13360]"></a>Reset_Handler</STRONG> (Thumb, 4 bytes, Stack size 0 bytes, stm32f10x.o(.text))

<P><STRONG><a name="[b13318]"></a>NMI_Handler</STRONG> (Thumb, 2 bytes, Stack size 0 bytes, stm32f10x.o(.text))
<BR><BR>[Calls]<UL><LI><a href="#[b13318]">&gt;&gt;</a>&nbsp;&nbsp;&nbsp;NMI_Handler
</UL>
<BR>[Called By]<UL><LI><a href="#[b13318]">&gt;&gt;</a>&nbsp;&nbsp;&nbsp;NMI_Handler
</UL>
<BR>[Address Reference Count : 1]<UL><LI> stm32f10x.o(RESET)
</UL>
<P><STRONG><a name="[b132d0]"></a>HardFault_Handler</STRONG> (Thumb, 2 bytes, Stack size 0 bytes, stm32f10x.o(.text))
<BR><BR>[Calls]<UL><LI><a href="#[b132d0]">&gt;&gt;</a>&nbsp;&nbsp;&nbsp;HardFault_Handler
</UL>
<BR>[Called By]<UL><LI><a href="#[b132d0]">&gt;&gt;</a>&nbsp;&nbsp;&nbsp;HardFault_Handler
</UL>
<BR>[Address Reference Count : 1]<UL><LI> stm32f10x.o(RESET)
</UL>
<P><STRONG><a name="[b13288]"></a>MemManage_Handler</STRONG> (Thumb, 2 bytes, Stack size 0 bytes, stm32f10x.o(.text))
<BR><BR>[Calls]<UL><LI><a href="#[b13288]">&gt;&gt;</a>&nbsp;&nbsp;&nbsp;MemManage_Handler
</UL>
<BR>[Called By]<UL><LI><a href="#[b13288]">&gt;&gt;</a>&nbsp;&nbsp;&nbsp;MemManage_Handler
</UL>
<BR>[Address Reference Count : 1]<UL><LI> stm32f10x.o(RESET)
</UL>
<P><STRONG><a name="[b13240]"></a>BusFault_Handler</STRONG> (Thumb, 2 bytes, Stack size 0 bytes, stm32f10x.o(.text))
<BR><BR>[Calls]<UL><LI><a href="#[b13240]">&gt;&gt;</a>&nbsp;&nbsp;&nbsp;BusFault_Handler
</UL>
<BR>[Called By]<UL><LI><a href="#[b13240]">&gt;&gt;</a>&nbsp;&nbsp;&nbsp;BusFault_Handler
</UL>
<BR>[Address Reference Count : 1]<UL><LI> stm32f10x.o(RESET)
</UL>
<P><STRONG><a name="[b131f8]"></a>UsageFault_Handler</STRONG> (Thumb, 2 bytes, Stack size 0 bytes, stm32f10x.o(.text))
<BR><BR>[Calls]<UL><LI><a href="#[b131f8]">&gt;&gt;</a>&nbsp;&nbsp;&nbsp;UsageFault_Handler
</UL>
<BR>[Called By]<UL><LI><a href="#[b131f8]">&gt;&gt;</a>&nbsp;&nbsp;&nbsp;UsageFault_Handler
</UL>
<BR>[Address Reference Count : 1]<UL><LI> stm32f10x.o(RESET)
</UL>
<P><STRONG><a name="[b131b0]"></a>SVC_Handler</STRONG> (Thumb, 2 bytes, Stack size 0 bytes, stm32f10x.o(.text))
<BR><BR>[Calls]<UL><LI><a href="#[b131b0]">&gt;&gt;</a>&nbsp;&nbsp;&nbsp;SVC_Handler
</UL>
<BR>[Called By]<UL><LI><a href="#[b131b0]">&gt;&gt;</a>&nbsp;&nbsp;&nbsp;SVC_Handler
</UL>
<BR>[Address Reference Count : 1]<UL><LI> stm32f10x.o(RESET)
</UL>
<P><STRONG><a name="[b13168]"></a>DebugMon_Handler</STRONG> (Thumb, 2 bytes, Stack size 0 bytes, stm32f10x.o(.text))
<BR><BR>[Calls]<UL><LI><a href="#[b13168]">&gt;&gt;</a>&nbsp;&nbsp;&nbsp;DebugMon_Handler
</UL>
<BR>[Called By]<UL><LI><a href="#[b13168]">&gt;&gt;</a>&nbsp;&nbsp;&nbsp;DebugMon_Handler
</UL>
<BR>[Address Reference Count : 1]<UL><LI> stm32f10x.o(RESET)
</UL>
<P><STRONG><a name="[b13120]"></a>PendSV_Handler</STRONG> (Thumb, 2 bytes, Stack size 0 bytes, stm32f10x.o(.text))
<BR><BR>[Calls]<UL><LI><a href="#[b13120]">&gt;&gt;</a>&nbsp;&nbsp;&nbsp;PendSV_Handler
</UL>
<BR>[Called By]<UL><LI><a href="#[b13120]">&gt;&gt;</a>&nbsp;&nbsp;&nbsp;PendSV_Handler
</UL>
<BR>[Address Reference Count : 1]<UL><LI> stm32f10x.o(RESET)
</UL>
<P><STRONG><a name="[b130d8]"></a>SysTick_Handler</STRONG> (Thumb, 2 bytes, Stack size 0 bytes, stm32f10x.o(.text))
<BR><BR>[Calls]<UL><LI><a href="#[b130d8]">&gt;&gt;</a>&nbsp;&nbsp;&nbsp;SysTick_Handler
</UL>
<BR>[Called By]<UL><LI><a href="#[b130d8]">&gt;&gt;</a>&nbsp;&nbsp;&nbsp;SysTick_Handler
</UL>
<BR>[Address Reference Count : 1]<UL><LI> stm32f10x.o(RESET)
</UL>
<P><STRONG><a name="[b13090]"></a>ADC_IRQHandler</STRONG> (Thumb, 0 bytes, Stack size 0 bytes, stm32f10x.o(.text))
<BR><BR>[Calls]<UL><LI><a href="#[b13090]">&gt;&gt;</a>&nbsp;&nbsp;&nbsp;ADC_IRQHandler
</UL>
<BR>[Called By]<UL><LI><a href="#[b13090]">&gt;&gt;</a>&nbsp;&nbsp;&nbsp;ADC_IRQHandler
</UL>
<BR>[Address Reference Count : 1]<UL><LI> stm32f10x.o(RESET)
</UL>
<P><STRONG><a name="[b13048]"></a>CAN_RX1_IRQHandler</STRONG> (Thumb, 0 bytes, Stack size 0 bytes, stm32f10x.o(.text))
<BR>[Address Reference Count : 1]<UL><LI> stm32f10x.o(RESET)
</UL>
<P><STRONG><a name="[b13000]"></a>CAN_SCE_IRQHandler</STRONG> (Thumb, 0 bytes, Stack size 0 bytes, stm32f10x.o(.text))
<BR>[Address Reference Count : 1]<UL><LI> stm32f10x.o(RESET)
</UL>
<P><STRONG><a name="[b12fb8]"></a>DMAChannel1_IRQHandler</STRONG> (Thumb, 0 bytes, Stack size 0 bytes, stm32f10x.o(.text))
<BR>[Address Reference Count : 1]<UL><LI> stm32f10x.o(RESET)
</UL>
<P><STRONG><a name="[b12f70]"></a>DMAChannel2_IRQHandler</STRONG> (Thumb, 0 bytes, Stack size 0 bytes, stm32f10x.o(.text))
<BR>[Address Reference Count : 1]<UL><LI> stm32f10x.o(RESET)
</UL>
<P><STRONG><a name="[b12f28]"></a>DMAChannel3_IRQHandler</STRONG> (Thumb, 0 bytes, Stack size 0 bytes, stm32f10x.o(.text))
<BR>[Address Reference Count : 1]<UL><LI> stm32f10x.o(RESET)
</UL>
<P><STRONG><a name="[b12ee0]"></a>DMAChannel4_IRQHandler</STRONG> (Thumb, 0 bytes, Stack size 0 bytes, stm32f10x.o(.text))
<BR>[Address Reference Count : 1]<UL><LI> stm32f10x.o(RESET)
</UL>
<P><STRONG><a name="[b12e98]"></a>DMAChannel5_IRQHandler</STRONG> (Thumb, 0 bytes, Stack size 0 bytes, stm32f10x.o(.text))
<BR>[Address Reference Count : 1]<UL><LI> stm32f10x.o(RESET)
</UL>
<P><STRONG><a name="[b12e50]"></a>DMAChannel6_IRQHandler</STRONG> (Thumb, 0 bytes, Stack size 0 bytes, stm32f10x.o(.text))
<BR>[Address Reference Count : 1]<UL><LI> stm32f10x.o(RESET)
</UL>
<P><STRONG><a name="[b12e08]"></a>DMAChannel7_IRQHandler</STRONG> (Thumb, 0 bytes, Stack size 0 bytes, stm32f10x.o(.text))
<BR>[Address Reference Count : 1]<UL><LI> stm32f10x.o(RESET)
</UL>
<P><STRONG><a name="[b12dc0]"></a>EXTI0_IRQHandler</STRONG> (Thumb, 0 bytes, Stack size 0 bytes, stm32f10x.o(.text))
<BR>[Address Reference Count : 1]<UL><LI> stm32f10x.o(RESET)
</UL>
<P><STRONG><a name="[b12d78]"></a>EXTI15_10_IRQHandler</STRONG> (Thumb, 0 bytes, Stack size 0 bytes, stm32f10x.o(.text))
<BR>[Address Reference Count : 1]<UL><LI> stm32f10x.o(RESET)
</UL>
<P><STRONG><a name="[b12d30]"></a>EXTI1_IRQHandler</STRONG> (Thumb, 0 bytes, Stack size 0 bytes, stm32f10x.o(.text))
<BR>[Address Reference Count : 1]<UL><LI> stm32f10x.o(RESET)
</UL>
<P><STRONG><a name="[b12ce8]"></a>EXTI2_IRQHandler</STRONG> (Thumb, 0 bytes, Stack size 0 bytes, stm32f10x.o(.text))
<BR>[Address Reference Count : 1]<UL><LI> stm32f10x.o(RESET)
</UL>
<P><STRONG><a name="[b12ca0]"></a>EXTI3_IRQHandler</STRONG> (Thumb, 0 bytes, Stack size 0 bytes, stm32f10x.o(.text))
<BR>[Address Reference Count : 1]<UL><LI> stm32f10x.o(RESET)
</UL>
<P><STRONG><a name="[b12c58]"></a>EXTI4_IRQHandler</STRONG> (Thumb, 0 bytes, Stack size 0 bytes, stm32f10x.o(.text))
<BR>[Address Reference Count : 1]<UL><LI> stm32f10x.o(RESET)
</UL>
<P><STRONG><a name="[b12c10]"></a>EXTI9_5_IRQHandler</STRONG> (Thumb, 0 bytes, Stack size 0 bytes, stm32f10x.o(.text))
<BR>[Address Reference Count : 1]<UL><LI> stm32f10x.o(RESET)
</UL>
<P><STRONG><a name="[b12bc8]"></a>FLASH_IRQHandler</STRONG> (Thumb, 0 bytes, Stack size 0 bytes, stm32f10x.o(.text))
<BR>[Address Reference Count : 1]<UL><LI> stm32f10x.o(RESET)
</UL>
<P><STRONG><a name="[b12b80]"></a>I2C1_ER_IRQHandler</STRONG> (Thumb, 0 bytes, Stack size 0 bytes, stm32f10x.o(.text))
<BR>[Address Reference Count : 1]<UL><LI> stm32f10x.o(RESET)
</UL>
<P><STRONG><a name="[b12b38]"></a>I2C1_EV_IRQHandler</STRONG> (Thumb, 0 bytes, Stack size 0 bytes, stm32f10x.o(.text))
<BR>[Address Reference Count : 1]<UL><LI> stm32f10x.o(RESET)
</UL>
<P><STRONG><a name="[b12af0]"></a>I2C2_ER_IRQHandler</STRONG> (Thumb, 0 bytes, Stack size 0 bytes, stm32f10x.o(.text))
<BR>[Address Reference Count : 1]<UL><LI> stm32f10x.o(RESET)
</UL>
<P><STRONG><a name="[b12aa8]"></a>I2C2_EV_IRQHandler</STRONG> (Thumb, 0 bytes, Stack size 0 bytes, stm32f10x.o(.text))
<BR>[Address Reference Count : 1]<UL><LI> stm32f10x.o(RESET)
</UL>
<P><STRONG><a name="[b12a60]"></a>PVD_IRQHandler</STRONG> (Thumb, 0 bytes, Stack size 0 bytes, stm32f10x.o(.text))
<BR>[Address Reference Count : 1]<UL><LI> stm32f10x.o(RESET)
</UL>
<P><STRONG><a name="[b12a18]"></a>RCC_IRQHandler</STRONG> (Thumb, 0 bytes, Stack size 0 bytes, stm32f10x.o(.text))
<BR>[Address Reference Count : 1]<UL><LI> stm32f10x.o(RESET)
</UL>
<P><STRONG><a name="[b129d0]"></a>RTCAlarm_IRQHandler</STRONG> (Thumb, 0 bytes, Stack size 0 bytes, stm32f10x.o(.text))
<BR>[Address Reference Count : 1]<UL><LI> stm32f10x.o(RESET)
</UL>
<P><STRONG><a name="[b12988]"></a>RTC_IRQHandler</STRONG> (Thumb, 0 bytes, Stack size 0 bytes, stm32f10x.o(.text))
<BR>[Address Reference Count : 1]<UL><LI> stm32f10x.o(RESET)
</UL>
<P><STRONG><a name="[b12940]"></a>SPI1_IRQHandler</STRONG> (Thumb, 0 bytes, Stack size 0 bytes, stm32f10x.o(.text))
<BR>[Address Reference Count : 1]<UL><LI> stm32f10x.o(RESET)
</UL>
<P><STRONG><a name="[b128f8]"></a>SPI2_IRQHandler</STRONG> (Thumb, 0 bytes, Stack size 0 bytes, stm32f10x.o(.text))
<BR>[Address Reference Count : 1]<UL><LI> stm32f10x.o(RESET)
</UL>
<P><STRONG><a name="[b128b0]"></a>TAMPER_IRQHandler</STRONG> (Thumb, 0 bytes, Stack size 0 bytes, stm32f10x.o(.text))
<BR>[Address Reference Count : 1]<UL><LI> stm32f10x.o(RESET)
</UL>
<P><STRONG><a name="[b12868]"></a>TIM1_BRK_IRQHandler</STRONG> (Thumb, 0 bytes, Stack size 0 bytes, stm32f10x.o(.text))
<BR>[Address Reference Count : 1]<UL><LI> stm32f10x.o(RESET)
</UL>
<P><STRONG><a name="[b12820]"></a>TIM1_CC_IRQHandler</STRONG> (Thumb, 0 bytes, Stack size 0 bytes, stm32f10x.o(.text))
<BR>[Address Reference Count : 1]<UL><LI> stm32f10x.o(RESET)
</UL>
<P><STRONG><a name="[b127d8]"></a>TIM1_TRG_COM_IRQHandler</STRONG> (Thumb, 0 bytes, Stack size 0 bytes, stm32f10x.o(.text))
<BR>[Address Reference Count : 1]<UL><LI> stm32f10x.o(RESET)
</UL>
<P><STRONG><a name="[b12790]"></a>TIM1_UP_IRQHandler</STRONG> (Thumb, 0 bytes, Stack size 0 bytes, stm32f10x.o(.text))
<BR>[Address Reference Count : 1]<UL><LI> stm32f10x.o(RESET)
</UL>
<P><STRONG><a name="[b12748]"></a>TIM2_IRQHandler</STRONG> (Thumb, 0 bytes, Stack size 0 bytes, stm32f10x.o(.text))
<BR>[Address Reference Count : 1]<UL><LI> stm32f10x.o(RESET)
</UL>
<P><STRONG><a name="[b12700]"></a>TIM3_IRQHandler</STRONG> (Thumb, 0 bytes, Stack size 0 bytes, stm32f10x.o(.text))
<BR>[Address Reference Count : 1]<UL><LI> stm32f10x.o(RESET)
</UL>
<P><STRONG><a name="[b126b8]"></a>TIM4_IRQHandler</STRONG> (Thumb, 0 bytes, Stack size 0 bytes, stm32f10x.o(.text))
<BR>[Address Reference Count : 1]<UL><LI> stm32f10x.o(RESET)
</UL>
<P><STRONG><a name="[b12670]"></a>USART1_IRQHandler</STRONG> (Thumb, 0 bytes, Stack size 0 bytes, stm32f10x.o(.text))
<BR>[Address Reference Count : 1]<UL><LI> stm32f10x.o(RESET)
</UL>
<P><STRONG><a name="[b12628]"></a>USART2_IRQHandler</STRONG> (Thumb, 0 bytes, Stack size 0 bytes, stm32f10x.o(.text))
<BR>[Address Reference Count : 1]<UL><LI> stm32f10x.o(RESET)
</UL>
<P><STRONG><a name="[b12598]"></a>USBWakeUp_IRQHandler</STRONG> (Thumb, 0 bytes, Stack size 0 bytes, stm32f10x.o(.text))
<BR>[Address Reference Count : 1]<UL><LI> stm32f10x.o(RESET)
</UL>
<P><STRONG><a name="[b12550]"></a>USB_HP_CAN_TX_IRQHandler</STRONG> (Thumb, 0 bytes, Stack size 0 bytes, stm32f10x.o(.text))
<BR>[Address Reference Count : 1]<UL><LI> stm32f10x.o(RESET)
</UL>
<P><STRONG><a name="[b12508]"></a>USB_LP_CAN_RX0_IRQHandler</STRONG> (Thumb, 0 bytes, Stack size 0 bytes, stm32f10x.o(.text))
<BR>[Address Reference Count : 1]<UL><LI> stm32f10x.o(RESET)
</UL>
<P><STRONG><a name="[b124c0]"></a>WWDG_IRQHandler</STRONG> (Thumb, 0 bytes, Stack size 0 bytes, stm32f10x.o(.text))
<BR>[Address Reference Count : 1]<UL><LI> stm32f10x.o(RESET)
</UL>
<P><STRONG><a name="[b13480]"></a>__user_initial_stackheap</STRONG> (Thumb, 0 bytes, Stack size unknown bytes, stm32f10x.o(.text))
<BR><BR>[Called By]<UL><LI><a href="#[b0cea8]">&gt;&gt;</a>&nbsp;&nbsp;&nbsp;__user_setup_stackheap
</UL>

<P><STRONG><a name="[b10c38]"></a>buffer_init</STRONG> (Thumb, 24 bytes, Stack size 0 bytes, lib_usartx_irq.o(.text))
<BR><BR>[Called By]<UL><LI><a href="#[b10bf0]">&gt;&gt;</a>&nbsp;&nbsp;&nbsp;usartx_setup
</UL>

<P><STRONG><a name="[b10bf0]"></a>usartx_setup</STRONG> (Thumb, 620 bytes, Stack size 4 bytes, lib_usartx_irq.o(.text))
<BR><BR>[Stack]<UL><LI>Max Depth = 4<LI>Call Chain = usartx_setup
</UL>
<BR>[Calls]<UL><LI><a href="#[b10c38]">&gt;&gt;</a>&nbsp;&nbsp;&nbsp;buffer_init
</UL>
<BR>[Called By]<UL><LI><a href="#[b0fd08]">&gt;&gt;</a>&nbsp;&nbsp;&nbsp;main
</UL>

<P><STRONG><a name="[b125e0]"></a>USART3_IRQHandler</STRONG> (Thumb, 160 bytes, Stack size 8 bytes, lib_usartx_irq.o(.text))
<BR><BR>[Stack]<UL><LI>Max Depth = 8<LI>Call Chain = USART3_IRQHandler
</UL>
<BR>[Address Reference Count : 1]<UL><LI> stm32f10x.o(RESET)
</UL>
<P><STRONG><a name="[b10ba8]"></a>SendChar</STRONG> (Thumb, 78 bytes, Stack size 8 bytes, lib_usartx_irq.o(.text))
<BR><BR>[Stack]<UL><LI>Max Depth = 8<LI>Call Chain = SendChar
</UL>
<BR>[Called By]<UL><LI><a href="#[b10ad0]">&gt;&gt;</a>&nbsp;&nbsp;&nbsp;fgetc
<LI><a href="#[b10b18]">&gt;&gt;</a>&nbsp;&nbsp;&nbsp;fputc
</UL>

<P><STRONG><a name="[b10b60]"></a>GetKey</STRONG> (Thumb, 40 bytes, Stack size 0 bytes, lib_usartx_irq.o(.text))
<BR><BR>[Called By]<UL><LI><a href="#[b10ad0]">&gt;&gt;</a>&nbsp;&nbsp;&nbsp;fgetc
</UL>

<P><STRONG><a name="[b10b18]"></a>fputc</STRONG> (Thumb, 14 bytes, Stack size 12 bytes, lib_usartx_irq.o(.text))
<BR><BR>[Stack]<UL><LI>Max Depth = 20<LI>Call Chain = fputc &rArr; SendChar
</UL>
<BR>[Calls]<UL><LI><a href="#[b10ba8]">&gt;&gt;</a>&nbsp;&nbsp;&nbsp;SendChar
</UL>
<BR>[Address Reference Count : 1]<UL><LI> __0printf.o(.text)
</UL>
<P><STRONG><a name="[b10ad0]"></a>fgetc</STRONG> (Thumb, 26 bytes, Stack size 12 bytes, lib_usartx_irq.o(.text))
<BR><BR>[Stack]<UL><LI>Max Depth = 20<LI>Call Chain = fgetc &rArr; SendChar
</UL>
<BR>[Calls]<UL><LI><a href="#[b10b60]">&gt;&gt;</a>&nbsp;&nbsp;&nbsp;GetKey
<LI><a href="#[b10ba8]">&gt;&gt;</a>&nbsp;&nbsp;&nbsp;SendChar
</UL>
<BR>[Called By]<UL><LI><a href="#[b0dba0]">&gt;&gt;</a>&nbsp;&nbsp;&nbsp;getc
</UL>

<P><STRONG><a name="[b0fd08]"></a>main</STRONG> (Thumb, 46 bytes, Stack size 8 bytes, test_usartx_irq.o(.text))
<BR><BR>[Stack]<UL><LI>Max Depth = 32<LI>Call Chain = main &rArr; __1printf
</UL>
<BR>[Calls]<UL><LI><a href="#[b0dba0]">&gt;&gt;</a>&nbsp;&nbsp;&nbsp;getc
<LI><a href="#[b0de38]">&gt;&gt;</a>&nbsp;&nbsp;&nbsp;__1printf
<LI><a href="#[b10bf0]">&gt;&gt;</a>&nbsp;&nbsp;&nbsp;usartx_setup
</UL>
<BR>[Called By]<UL><LI><a href="#[b0d468]">&gt;&gt;</a>&nbsp;&nbsp;&nbsp;__rt_entry
</UL>

<P><STRONG><a name="[b0e600]"></a>__printf</STRONG> (Thumb, 734 bytes, Stack size 56 bytes, __printf.o(.text), UNUSED)
<BR><BR>[Calls]<UL><LI><a href="#[b0e0d8]">&gt;&gt;</a>&nbsp;&nbsp;&nbsp;_printf_str
<LI><a href="#[b0e258]">&gt;&gt;</a>&nbsp;&nbsp;&nbsp;_printf_wctomb (Weak Reference)
<LI><a href="#[b0e2a0]">&gt;&gt;</a>&nbsp;&nbsp;&nbsp;_printf_wc (Weak Reference)
<LI><a href="#[b0e2e8]">&gt;&gt;</a>&nbsp;&nbsp;&nbsp;_printf_mbtowc (Weak Reference)
<LI><a href="#[b0e330]">&gt;&gt;</a>&nbsp;&nbsp;&nbsp;_printf_longlong_oct (Weak Reference)
<LI><a href="#[b0e378]">&gt;&gt;</a>&nbsp;&nbsp;&nbsp;_printf_longlong_hex (Weak Reference)
<LI><a href="#[b0e3c0]">&gt;&gt;</a>&nbsp;&nbsp;&nbsp;_printf_longlong_dec (Weak Reference)
<LI><a href="#[b0e408]">&gt;&gt;</a>&nbsp;&nbsp;&nbsp;_printf_int_dec (Weak Reference)
<LI><a href="#[b0e450]">&gt;&gt;</a>&nbsp;&nbsp;&nbsp;_printf_fp_hex (Weak Reference)
<LI><a href="#[b0e498]">&gt;&gt;</a>&nbsp;&nbsp;&nbsp;_printf_fp_dec (Weak Reference)
<LI><a href="#[b0e4e0]">&gt;&gt;</a>&nbsp;&nbsp;&nbsp;_printf_charcount (Weak Reference)
</UL>
<BR>[Called By]<UL><LI><a href="#[b0c890]">&gt;&gt;</a>&nbsp;&nbsp;&nbsp;_printf_char_common
</UL>

<P><STRONG><a name="[b0e5b8]"></a>_printf_return_value</STRONG> (Thumb, 2 bytes, Stack size 0 bytes, __printf.o(.text), UNUSED)

<P><STRONG><a name="[b0e570]"></a>_printf_percent</STRONG> (Thumb, 2 bytes, Stack size 0 bytes, __printf.o(.text), UNUSED)

<P><STRONG><a name="[b0e528]"></a>_printf_sizespec</STRONG> (Thumb, 2 bytes, Stack size 0 bytes, __printf.o(.text), UNUSED)

<P><STRONG><a name="[b0e0d8]"></a>_printf_str</STRONG> (Thumb, 88 bytes, Stack size 16 bytes, _printf_str.o(.text), UNUSED)
<BR><BR>[Calls]<UL><LI><a href="#[b0e048]">&gt;&gt;</a>&nbsp;&nbsp;&nbsp;_printf_pre_padding (Weak Reference)
<LI><a href="#[b0e090]">&gt;&gt;</a>&nbsp;&nbsp;&nbsp;_printf_post_padding (Weak Reference)
</UL>
<BR>[Called By]<UL><LI><a href="#[b0e600]">&gt;&gt;</a>&nbsp;&nbsp;&nbsp;__printf
</UL>

<P><STRONG><a name="[b0de80]"></a>__0printf</STRONG> (Thumb, 42 bytes, Stack size 24 bytes, __0printf.o(.text), UNUSED)
<BR><BR>[Calls]<UL><LI><a href="#[b0c648]">&gt;&gt;</a>&nbsp;&nbsp;&nbsp;ferror
<LI><a href="#[b0c890]">&gt;&gt;</a>&nbsp;&nbsp;&nbsp;_printf_char_common
</UL>

<P><STRONG><a name="[b0de38]"></a>__1printf</STRONG> (Thumb, 0 bytes, Stack size 24 bytes, __0printf.o(.text))
<BR><BR>[Stack]<UL><LI>Max Depth = 24<LI>Call Chain = __1printf
</UL>
<BR>[Called By]<UL><LI><a href="#[b0fd08]">&gt;&gt;</a>&nbsp;&nbsp;&nbsp;main
</UL>

<P><STRONG><a name="[b0dba0]"></a>getc</STRONG> (Thumb, 4 bytes, Stack size 0 bytes, getc.o(.text))
<BR><BR>[Stack]<UL><LI>Max Depth = 20<LI>Call Chain = getc &rArr; fgetc &rArr; SendChar
</UL>
<BR>[Calls]<UL><LI><a href="#[b10ad0]">&gt;&gt;</a>&nbsp;&nbsp;&nbsp;fgetc
</UL>
<BR>[Called By]<UL><LI><a href="#[b0fd08]">&gt;&gt;</a>&nbsp;&nbsp;&nbsp;main
</UL>

<P><STRONG><a name="[b0d9f0]"></a>__use_two_region_memory</STRONG> (Thumb, 2 bytes, Stack size 0 bytes, stkheap2.o(.text), UNUSED)

<P><STRONG><a name="[b0d9a8]"></a>__rt_stackheap_init</STRONG> (Thumb, 24 bytes, Stack size 16 bytes, stkheap2.o(.text))
<BR><BR>[Stack]<UL><LI>Max Depth = 24 + Unknown Stack Size
<LI>Call Chain = __rt_stackheap_init &rArr; __user_setup_stackheap
</UL>
<BR>[Calls]<UL><LI><a href="#[b0ca48]">&gt;&gt;</a>&nbsp;&nbsp;&nbsp;__rt_stackheap_storage
<LI><a href="#[b0cea8]">&gt;&gt;</a>&nbsp;&nbsp;&nbsp;__user_setup_stackheap
</UL>
<BR>[Called By]<UL><LI><a href="#[b0d468]">&gt;&gt;</a>&nbsp;&nbsp;&nbsp;__rt_entry
</UL>

<P><STRONG><a name="[b0d960]"></a>__rt_heap_extend</STRONG> (Thumb, 12 bytes, Stack size 8 bytes, stkheap2.o(.text), UNUSED)
<BR><BR>[Calls]<UL><LI><a href="#[b0d888]">&gt;&gt;</a>&nbsp;&nbsp;&nbsp;__user_heap_extend (Weak Reference)
</UL>

<P><STRONG><a name="[b0d468]"></a>__rt_entry</STRONG> (Thumb, 36 bytes, Stack size 16 bytes, kernel.o(.text))
<BR><BR>[Stack]<UL><LI>Max Depth = 64 + Unknown Stack Size
<LI>Call Chain = __rt_entry &rArr; __rt_lib_init &rArr; _fp_init
</UL>
<BR>[Calls]<UL><LI><a href="#[b0abb8]">&gt;&gt;</a>&nbsp;&nbsp;&nbsp;_platform_post_lib_init
<LI><a href="#[b0ad28]">&gt;&gt;</a>&nbsp;&nbsp;&nbsp;_platform_post_stackheap_init
<LI><a href="#[b0b730]">&gt;&gt;</a>&nbsp;&nbsp;&nbsp;__rt_lib_init
<LI><a href="#[b0bce0]">&gt;&gt;</a>&nbsp;&nbsp;&nbsp;exit
<LI><a href="#[b0d9a8]">&gt;&gt;</a>&nbsp;&nbsp;&nbsp;__rt_stackheap_init
<LI><a href="#[b0fd08]">&gt;&gt;</a>&nbsp;&nbsp;&nbsp;main
</UL>
<BR>[Called By]<UL><LI><a href="#[b069e0]">&gt;&gt;</a>&nbsp;&nbsp;&nbsp;__scatterload_rt2
<LI><a href="#[b0d720]">&gt;&gt;</a>&nbsp;&nbsp;&nbsp;__main
</UL>

<P><STRONG><a name="[b0d420]"></a>__rt_exit</STRONG> (Thumb, 18 bytes, Stack size 8 bytes, kernel.o(.text))
<BR><BR>[Stack]<UL><LI>Max Depth = 16<LI>Call Chain = __rt_exit &rArr; __rt_lib_shutdown
</UL>
<BR>[Calls]<UL><LI><a href="#[b0b6e8]">&gt;&gt;</a>&nbsp;&nbsp;&nbsp;__rt_lib_shutdown
</UL>
<BR>[Called By]<UL><LI><a href="#[b0bce0]">&gt;&gt;</a>&nbsp;&nbsp;&nbsp;exit
</UL>

<P><STRONG><a name="[b0d3d8]"></a>__rt_abort</STRONG> (Thumb, 8 bytes, Stack size 0 bytes, kernel.o(.text), UNUSED)
<BR><BR>[Calls]<UL><LI><a href="#[b0c448]">&gt;&gt;</a>&nbsp;&nbsp;&nbsp;_sys_exit
</UL>

<P><STRONG><a name="[b0cea8]"></a>__user_setup_stackheap</STRONG> (Thumb, 74 bytes, Stack size 8 bytes, sys_stackheap_outer.o(.text))
<BR><BR>[Stack]<UL><LI>Max Depth = 8 + Unknown Stack Size
<LI>Call Chain = __user_setup_stackheap
</UL>
<BR>[Calls]<UL><LI><a href="#[b0c170]">&gt;&gt;</a>&nbsp;&nbsp;&nbsp;__user_perproc_libspace
<LI><a href="#[b13480]">&gt;&gt;</a>&nbsp;&nbsp;&nbsp;__user_initial_stackheap
</UL>
<BR>[Called By]<UL><LI><a href="#[b0d9a8]">&gt;&gt;</a>&nbsp;&nbsp;&nbsp;__rt_stackheap_init
</UL>

<P><STRONG><a name="[b0ca48]"></a>__rt_stackheap_storage</STRONG> (Thumb, 6 bytes, Stack size 0 bytes, rt_stackheap_storage_intlibspace.o(.text))
<BR><BR>[Called By]<UL><LI><a href="#[b0d9a8]">&gt;&gt;</a>&nbsp;&nbsp;&nbsp;__rt_stackheap_init
</UL>

<P><STRONG><a name="[b0c890]"></a>_printf_char_common</STRONG> (Thumb, 42 bytes, Stack size 88 bytes, _printf_char_common.o(.text), UNUSED)
<BR><BR>[Calls]<UL><LI><a href="#[b0e600]">&gt;&gt;</a>&nbsp;&nbsp;&nbsp;__printf
</UL>
<BR>[Called By]<UL><LI><a href="#[b0de80]">&gt;&gt;</a>&nbsp;&nbsp;&nbsp;__0printf
</UL>

<P><STRONG><a name="[b0c648]"></a>ferror</STRONG> (Thumb, 30 bytes, Stack size 16 bytes, ferror.o(.text), UNUSED)
<BR><BR>[Calls]<UL><LI><a href="#[b0c5b8]">&gt;&gt;</a>&nbsp;&nbsp;&nbsp;_mutex_release (Weak Reference)
<LI><a href="#[b0c600]">&gt;&gt;</a>&nbsp;&nbsp;&nbsp;_mutex_acquire (Weak Reference)
</UL>
<BR>[Called By]<UL><LI><a href="#[b0de80]">&gt;&gt;</a>&nbsp;&nbsp;&nbsp;__0printf
</UL>

<P><STRONG><a name="[b0c448]"></a>_sys_exit</STRONG> (Thumb, 16 bytes, Stack size 0 bytes, sys_exit.o(.text), UNUSED)
<BR><BR>[Called By]<UL><LI><a href="#[b0d3d8]">&gt;&gt;</a>&nbsp;&nbsp;&nbsp;__rt_abort
</UL>

<P><STRONG><a name="[b0c1b8]"></a>__user_libspace</STRONG> (Thumb, 4 bytes, Stack size 0 bytes, libspace.o(.text), UNUSED)

<P><STRONG><a name="[b0c170]"></a>__user_perproc_libspace</STRONG> (Thumb, 0 bytes, Stack size 0 bytes, libspace.o(.text))
<BR><BR>[Called By]<UL><LI><a href="#[b0cea8]">&gt;&gt;</a>&nbsp;&nbsp;&nbsp;__user_setup_stackheap
</UL>

<P><STRONG><a name="[b0c128]"></a>__user_perthread_libspace</STRONG> (Thumb, 0 bytes, Stack size 0 bytes, libspace.o(.text), UNUSED)

<P><STRONG><a name="[b0bfb8]"></a>_printf_outstr_char</STRONG> (Thumb, 26 bytes, Stack size 16 bytes, _printf_outstr_char.o(.text))
<BR><BR>[Stack]<UL><LI>Max Depth = 16<LI>Call Chain = _printf_outstr_char
</UL>
<BR>[Address Reference Count : 1]<UL><LI> _printf_char_common.o(.text)
</UL>
<P><STRONG><a name="[b0be48]"></a>_printf_input_char</STRONG> (Thumb, 10 bytes, Stack size 0 bytes, _printf_input_char.o(.text))
<BR>[Address Reference Count : 1]<UL><LI> _printf_char_common.o(.text)
</UL>
<P><STRONG><a name="[b0bce0]"></a>exit</STRONG> (Thumb, 12 bytes, Stack size 0 bytes, exit.o(.text))
<BR><BR>[Stack]<UL><LI>Max Depth = 16<LI>Call Chain = exit &rArr; __rt_exit &rArr; __rt_lib_shutdown
</UL>
<BR>[Calls]<UL><LI><a href="#[b0bc50]">&gt;&gt;</a>&nbsp;&nbsp;&nbsp;_call_atexit_fns (Weak Reference)
<LI><a href="#[b0d420]">&gt;&gt;</a>&nbsp;&nbsp;&nbsp;__rt_exit
</UL>
<BR>[Called By]<UL><LI><a href="#[b0d468]">&gt;&gt;</a>&nbsp;&nbsp;&nbsp;__rt_entry
</UL>

<P><STRONG><a name="[b0b730]"></a>__rt_lib_init</STRONG> (Thumb, 174 bytes, Stack size 40 bytes, lib_init.o(.text))
<BR><BR>[Stack]<UL><LI>Max Depth = 48<LI>Call Chain = __rt_lib_init &rArr; _fp_init
</UL>
<BR>[Calls]<UL><LI><a href="#[b09c70]">&gt;&gt;</a>&nbsp;&nbsp;&nbsp;_fp_init
<LI><a href="#[b0a4d0]">&gt;&gt;</a>&nbsp;&nbsp;&nbsp;__rt_locale
<LI><a href="#[b0b100]">&gt;&gt;</a>&nbsp;&nbsp;&nbsp;_signal_init (Weak Reference)
<LI><a href="#[b0b148]">&gt;&gt;</a>&nbsp;&nbsp;&nbsp;_rand_init (Weak Reference)
<LI><a href="#[b0b190]">&gt;&gt;</a>&nbsp;&nbsp;&nbsp;_initio (Weak Reference)
<LI><a href="#[b0b1d8]">&gt;&gt;</a>&nbsp;&nbsp;&nbsp;_init_user_alloc (Weak Reference)
<LI><a href="#[b0b220]">&gt;&gt;</a>&nbsp;&nbsp;&nbsp;_init_alloc (Weak Reference)
<LI><a href="#[b0b268]">&gt;&gt;</a>&nbsp;&nbsp;&nbsp;_getenv_init (Weak Reference)
<LI><a href="#[b0b2b0]">&gt;&gt;</a>&nbsp;&nbsp;&nbsp;_get_lc_time (Weak Reference)
<LI><a href="#[b0b2f8]">&gt;&gt;</a>&nbsp;&nbsp;&nbsp;_get_lc_numeric (Weak Reference)
<LI><a href="#[b0b340]">&gt;&gt;</a>&nbsp;&nbsp;&nbsp;_get_lc_monetary (Weak Reference)
<LI><a href="#[b0b388]">&gt;&gt;</a>&nbsp;&nbsp;&nbsp;_get_lc_ctype (Weak Reference)
<LI><a href="#[b0b3d0]">&gt;&gt;</a>&nbsp;&nbsp;&nbsp;_get_lc_collate (Weak Reference)
<LI><a href="#[b0b418]">&gt;&gt;</a>&nbsp;&nbsp;&nbsp;_fp_trap_init (Weak Reference)
<LI><a href="#[b0b460]">&gt;&gt;</a>&nbsp;&nbsp;&nbsp;_clock_init (Weak Reference)
<LI><a href="#[b0b4a8]">&gt;&gt;</a>&nbsp;&nbsp;&nbsp;_atexit_init (Weak Reference)
<LI><a href="#[b0b538]">&gt;&gt;</a>&nbsp;&nbsp;&nbsp;__cpp_initialize__aeabi_ (Weak Reference)
<LI><a href="#[b0b580]">&gt;&gt;</a>&nbsp;&nbsp;&nbsp;__alloca_initialize (Weak Reference)
<LI><a href="#[b0b5c8]">&gt;&gt;</a>&nbsp;&nbsp;&nbsp;__Heap_DescSize (Weak Reference)
<LI><a href="#[b0b610]">&gt;&gt;</a>&nbsp;&nbsp;&nbsp;__ARM_exceptions_init (Weak Reference)
<LI><a href="#[b0b7c0]">&gt;&gt;</a>&nbsp;&nbsp;&nbsp;__ARM_argv_veneer
</UL>
<BR>[Called By]<UL><LI><a href="#[b0d468]">&gt;&gt;</a>&nbsp;&nbsp;&nbsp;__rt_entry
</UL>

<P><STRONG><a name="[b0b6e8]"></a>__rt_lib_shutdown</STRONG> (Thumb, 18 bytes, Stack size 8 bytes, lib_init.o(.text))
<BR><BR>[Stack]<UL><LI>Max Depth = 8<LI>Call Chain = __rt_lib_shutdown
</UL>
<BR>[Calls]<UL><LI><a href="#[b0b070]">&gt;&gt;</a>&nbsp;&nbsp;&nbsp;_terminateio (Weak Reference)
<LI><a href="#[b0b0b8]">&gt;&gt;</a>&nbsp;&nbsp;&nbsp;_terminate_user_alloc (Weak Reference)
<LI><a href="#[b0b4f0]">&gt;&gt;</a>&nbsp;&nbsp;&nbsp;__cxa_finalize (Weak Reference)
</UL>
<BR>[Called By]<UL><LI><a href="#[b0d420]">&gt;&gt;</a>&nbsp;&nbsp;&nbsp;__rt_exit
</UL>

<P><STRONG><a name="[b0ad28]"></a>_platform_post_stackheap_init</STRONG> (Thumb, 10 bytes, Stack size 0 bytes, boardinit2.o(.text))
<BR><BR>[Called By]<UL><LI><a href="#[b0d468]">&gt;&gt;</a>&nbsp;&nbsp;&nbsp;__rt_entry
</UL>

<P><STRONG><a name="[b0abb8]"></a>_platform_post_lib_init</STRONG> (Thumb, 8 bytes, Stack size 8 bytes, boardinit3.o(.text))
<BR><BR>[Stack]<UL><LI>Max Depth = 8<LI>Call Chain = _platform_post_lib_init
</UL>
<BR>[Called By]<UL><LI><a href="#[b0d468]">&gt;&gt;</a>&nbsp;&nbsp;&nbsp;__rt_entry
</UL>

<P><STRONG><a name="[b0a888]"></a>__I_use_semihosting</STRONG> (Thumb, 0 bytes, Stack size 0 bytes, use_no_semi.o(.text))
<BR>[Address Reference Count : 1]<UL><LI> sys_exit.o(.text)
</UL>
<P><STRONG><a name="[b0a840]"></a>__use_no_semihosting_swi</STRONG> (Thumb, 2 bytes, Stack size 0 bytes, use_no_semi.o(.text), UNUSED)

<P><STRONG><a name="[b0a4d0]"></a>__rt_locale</STRONG> (Thumb, 6 bytes, Stack size 0 bytes, rt_locale_intlibspace.o(.text))
<BR><BR>[Called By]<UL><LI><a href="#[b0b730]">&gt;&gt;</a>&nbsp;&nbsp;&nbsp;__rt_lib_init
</UL>

<P><STRONG><a name="[b09e58]"></a>__ARM_get_argv</STRONG> (Thumb, 2 bytes, Stack size 0 bytes, no_argv.o(.text))
<BR><BR>[Called By]<UL><LI><a href="#[b0b7c0]">&gt;&gt;</a>&nbsp;&nbsp;&nbsp;__ARM_argv_veneer
</UL>

<P><STRONG><a name="[b096f8]"></a>__rt_fp_status_addr</STRONG> (Thumb, 6 bytes, Stack size 0 bytes, rt_fp_status_addr_intlibspace.o(.text))
<BR><BR>[Called By]<UL><LI><a href="#[b09c70]">&gt;&gt;</a>&nbsp;&nbsp;&nbsp;_fp_init
</UL>

<P><STRONG><a name="[b09c70]"></a>_fp_init</STRONG> (Thumb, 14 bytes, Stack size 8 bytes, fpinit.o(x$fpl$fpinit))
<BR><BR>[Stack]<UL><LI>Max Depth = 8<LI>Call Chain = _fp_init
</UL>
<BR>[Calls]<UL><LI><a href="#[b096f8]">&gt;&gt;</a>&nbsp;&nbsp;&nbsp;__rt_fp_status_addr
</UL>
<BR>[Called By]<UL><LI><a href="#[b0b730]">&gt;&gt;</a>&nbsp;&nbsp;&nbsp;__rt_lib_init
</UL>

<P><STRONG><a name="[b09c28]"></a>__fplib_config_pureend_doubles</STRONG> (Thumb, 0 bytes, Stack size unknown bytes, fpinit.o(x$fpl$fpinit), UNUSED)
<P>
<H3>
Local Symbols
</H3><P>
<H3>
Undefined Global Symbols
</H3>
<P><STRONG><a name="[b0b610]"></a>__ARM_exceptions_init</STRONG> (Unknown, 0 bytes, Stack size 0 bytes, UNDEFINED)
<BR><BR>[Called By]<UL><LI><a href="#[b0b730]">&gt;&gt;</a>&nbsp;&nbsp;&nbsp;__rt_lib_init (Weak Reference)
</UL>

<P><STRONG><a name="[b0b5c8]"></a>__Heap_DescSize</STRONG> (Unknown, 0 bytes, Stack size 0 bytes, UNDEFINED)
<BR><BR>[Called By]<UL><LI><a href="#[b0b730]">&gt;&gt;</a>&nbsp;&nbsp;&nbsp;__rt_lib_init (Weak Reference)
</UL>

<P><STRONG><a name="[b0b580]"></a>__alloca_initialize</STRONG> (Unknown, 0 bytes, Stack size 0 bytes, UNDEFINED)
<BR><BR>[Called By]<UL><LI><a href="#[b0b730]">&gt;&gt;</a>&nbsp;&nbsp;&nbsp;__rt_lib_init (Weak Reference)
</UL>

<P><STRONG><a name="[b0b538]"></a>__cpp_initialize__aeabi_</STRONG> (Unknown, 0 bytes, Stack size 0 bytes, UNDEFINED)
<BR><BR>[Called By]<UL><LI><a href="#[b0b730]">&gt;&gt;</a>&nbsp;&nbsp;&nbsp;__rt_lib_init (Weak Reference)
</UL>

<P><STRONG><a name="[b0b4f0]"></a>__cxa_finalize</STRONG> (Unknown, 0 bytes, Stack size 0 bytes, UNDEFINED)
<BR><BR>[Called By]<UL><LI><a href="#[b0b6e8]">&gt;&gt;</a>&nbsp;&nbsp;&nbsp;__rt_lib_shutdown (Weak Reference)
</UL>

<P><STRONG><a name="[b0d888]"></a>__user_heap_extend</STRONG> (Unknown, 0 bytes, Stack size 0 bytes, UNDEFINED, UNUSED)
<BR><BR>[Called By]<UL><LI><a href="#[b0d960]">&gt;&gt;</a>&nbsp;&nbsp;&nbsp;__rt_heap_extend (Weak Reference)
</UL>

<P><STRONG><a name="[b0b4a8]"></a>_atexit_init</STRONG> (Unknown, 0 bytes, Stack size 0 bytes, UNDEFINED)
<BR><BR>[Called By]<UL><LI><a href="#[b0b730]">&gt;&gt;</a>&nbsp;&nbsp;&nbsp;__rt_lib_init (Weak Reference)
</UL>

<P><STRONG><a name="[b0bc50]"></a>_call_atexit_fns</STRONG> (Unknown, 0 bytes, Stack size 0 bytes, UNDEFINED)
<BR><BR>[Called By]<UL><LI><a href="#[b0bce0]">&gt;&gt;</a>&nbsp;&nbsp;&nbsp;exit (Weak Reference)
</UL>

<P><STRONG><a name="[b0b460]"></a>_clock_init</STRONG> (Unknown, 0 bytes, Stack size 0 bytes, UNDEFINED)
<BR><BR>[Called By]<UL><LI><a href="#[b0b730]">&gt;&gt;</a>&nbsp;&nbsp;&nbsp;__rt_lib_init (Weak Reference)
</UL>

<P><STRONG><a name="[b0b418]"></a>_fp_trap_init</STRONG> (Unknown, 0 bytes, Stack size 0 bytes, UNDEFINED)
<BR><BR>[Called By]<UL><LI><a href="#[b0b730]">&gt;&gt;</a>&nbsp;&nbsp;&nbsp;__rt_lib_init (Weak Reference)
</UL>

<P><STRONG><a name="[b0b3d0]"></a>_get_lc_collate</STRONG> (Unknown, 0 bytes, Stack size 0 bytes, UNDEFINED)
<BR><BR>[Called By]<UL><LI><a href="#[b0b730]">&gt;&gt;</a>&nbsp;&nbsp;&nbsp;__rt_lib_init (Weak Reference)
</UL>

<P><STRONG><a name="[b0b388]"></a>_get_lc_ctype</STRONG> (Unknown, 0 bytes, Stack size 0 bytes, UNDEFINED)
<BR><BR>[Called By]<UL><LI><a href="#[b0b730]">&gt;&gt;</a>&nbsp;&nbsp;&nbsp;__rt_lib_init (Weak Reference)
</UL>

<P><STRONG><a name="[b0b340]"></a>_get_lc_monetary</STRONG> (Unknown, 0 bytes, Stack size 0 bytes, UNDEFINED)
<BR><BR>[Called By]<UL><LI><a href="#[b0b730]">&gt;&gt;</a>&nbsp;&nbsp;&nbsp;__rt_lib_init (Weak Reference)
</UL>

<P><STRONG><a name="[b0b2f8]"></a>_get_lc_numeric</STRONG> (Unknown, 0 bytes, Stack size 0 bytes, UNDEFINED)
<BR><BR>[Called By]<UL><LI><a href="#[b0b730]">&gt;&gt;</a>&nbsp;&nbsp;&nbsp;__rt_lib_init (Weak Reference)
</UL>

<P><STRONG><a name="[b0b2b0]"></a>_get_lc_time</STRONG> (Unknown, 0 bytes, Stack size 0 bytes, UNDEFINED)
<BR><BR>[Called By]<UL><LI><a href="#[b0b730]">&gt;&gt;</a>&nbsp;&nbsp;&nbsp;__rt_lib_init (Weak Reference)
</UL>

<P><STRONG><a name="[b0b268]"></a>_getenv_init</STRONG> (Unknown, 0 bytes, Stack size 0 bytes, UNDEFINED)
<BR><BR>[Called By]<UL><LI><a href="#[b0b730]">&gt;&gt;</a>&nbsp;&nbsp;&nbsp;__rt_lib_init (Weak Reference)
</UL>

<P><STRONG><a name="[b0b220]"></a>_init_alloc</STRONG> (Unknown, 0 bytes, Stack size 0 bytes, UNDEFINED)
<BR><BR>[Called By]<UL><LI><a href="#[b0b730]">&gt;&gt;</a>&nbsp;&nbsp;&nbsp;__rt_lib_init (Weak Reference)
</UL>

<P><STRONG><a name="[b0b1d8]"></a>_init_user_alloc</STRONG> (Unknown, 0 bytes, Stack size 0 bytes, UNDEFINED)
<BR><BR>[Called By]<UL><LI><a href="#[b0b730]">&gt;&gt;</a>&nbsp;&nbsp;&nbsp;__rt_lib_init (Weak Reference)
</UL>

<P><STRONG><a name="[b0b190]"></a>_initio</STRONG> (Unknown, 0 bytes, Stack size 0 bytes, UNDEFINED)
<BR><BR>[Called By]<UL><LI><a href="#[b0b730]">&gt;&gt;</a>&nbsp;&nbsp;&nbsp;__rt_lib_init (Weak Reference)
</UL>

<P><STRONG><a name="[b0c600]"></a>_mutex_acquire</STRONG> (Unknown, 0 bytes, Stack size 0 bytes, UNDEFINED, UNUSED)
<BR><BR>[Called By]<UL><LI><a href="#[b0c648]">&gt;&gt;</a>&nbsp;&nbsp;&nbsp;ferror (Weak Reference)
</UL>

<P><STRONG><a name="[b0c5b8]"></a>_mutex_release</STRONG> (Unknown, 0 bytes, Stack size 0 bytes, UNDEFINED, UNUSED)
<BR><BR>[Called By]<UL><LI><a href="#[b0c648]">&gt;&gt;</a>&nbsp;&nbsp;&nbsp;ferror (Weak Reference)
</UL>

<P><STRONG><a name="[b0e4e0]"></a>_printf_charcount</STRONG> (Unknown, 0 bytes, Stack size 0 bytes, UNDEFINED, UNUSED)
<BR><BR>[Called By]<UL><LI><a href="#[b0e600]">&gt;&gt;</a>&nbsp;&nbsp;&nbsp;__printf (Weak Reference)
</UL>

<P><STRONG><a name="[b0e498]"></a>_printf_fp_dec</STRONG> (Unknown, 0 bytes, Stack size 0 bytes, UNDEFINED, UNUSED)
<BR><BR>[Called By]<UL><LI><a href="#[b0e600]">&gt;&gt;</a>&nbsp;&nbsp;&nbsp;__printf (Weak Reference)
</UL>

<P><STRONG><a name="[b0e450]"></a>_printf_fp_hex</STRONG> (Unknown, 0 bytes, Stack size 0 bytes, UNDEFINED, UNUSED)
<BR><BR>[Called By]<UL><LI><a href="#[b0e600]">&gt;&gt;</a>&nbsp;&nbsp;&nbsp;__printf (Weak Reference)
</UL>

<P><STRONG><a name="[b0e408]"></a>_printf_int_dec</STRONG> (Unknown, 0 bytes, Stack size 0 bytes, UNDEFINED, UNUSED)
<BR><BR>[Called By]<UL><LI><a href="#[b0e600]">&gt;&gt;</a>&nbsp;&nbsp;&nbsp;__printf (Weak Reference)
</UL>

<P><STRONG><a name="[b0e3c0]"></a>_printf_longlong_dec</STRONG> (Unknown, 0 bytes, Stack size 0 bytes, UNDEFINED, UNUSED)
<BR><BR>[Called By]<UL><LI><a href="#[b0e600]">&gt;&gt;</a>&nbsp;&nbsp;&nbsp;__printf (Weak Reference)
</UL>

<P><STRONG><a name="[b0e378]"></a>_printf_longlong_hex</STRONG> (Unknown, 0 bytes, Stack size 0 bytes, UNDEFINED, UNUSED)
<BR><BR>[Called By]<UL><LI><a href="#[b0e600]">&gt;&gt;</a>&nbsp;&nbsp;&nbsp;__printf (Weak Reference)
</UL>

<P><STRONG><a name="[b0e330]"></a>_printf_longlong_oct</STRONG> (Unknown, 0 bytes, Stack size 0 bytes, UNDEFINED, UNUSED)
<BR><BR>[Called By]<UL><LI><a href="#[b0e600]">&gt;&gt;</a>&nbsp;&nbsp;&nbsp;__printf (Weak Reference)
</UL>

<P><STRONG><a name="[b0e2e8]"></a>_printf_mbtowc</STRONG> (Unknown, 0 bytes, Stack size 0 bytes, UNDEFINED, UNUSED)
<BR><BR>[Called By]<UL><LI><a href="#[b0e600]">&gt;&gt;</a>&nbsp;&nbsp;&nbsp;__printf (Weak Reference)
</UL>

<P><STRONG><a name="[b0e090]"></a>_printf_post_padding</STRONG> (Unknown, 0 bytes, Stack size 0 bytes, UNDEFINED, UNUSED)
<BR><BR>[Called By]<UL><LI><a href="#[b0e0d8]">&gt;&gt;</a>&nbsp;&nbsp;&nbsp;_printf_str (Weak Reference)
</UL>

<P><STRONG><a name="[b0e048]"></a>_printf_pre_padding</STRONG> (Unknown, 0 bytes, Stack size 0 bytes, UNDEFINED, UNUSED)
<BR><BR>[Called By]<UL><LI><a href="#[b0e0d8]">&gt;&gt;</a>&nbsp;&nbsp;&nbsp;_printf_str (Weak Reference)
</UL>

<P><STRONG><a name="[b0e2a0]"></a>_printf_wc</STRONG> (Unknown, 0 bytes, Stack size 0 bytes, UNDEFINED, UNUSED)
<BR><BR>[Called By]<UL><LI><a href="#[b0e600]">&gt;&gt;</a>&nbsp;&nbsp;&nbsp;__printf (Weak Reference)
</UL>

<P><STRONG><a name="[b0e258]"></a>_printf_wctomb</STRONG> (Unknown, 0 bytes, Stack size 0 bytes, UNDEFINED, UNUSED)
<BR><BR>[Called By]<UL><LI><a href="#[b0e600]">&gt;&gt;</a>&nbsp;&nbsp;&nbsp;__printf (Weak Reference)
</UL>

<P><STRONG><a name="[b0b148]"></a>_rand_init</STRONG> (Unknown, 0 bytes, Stack size 0 bytes, UNDEFINED)
<BR><BR>[Called By]<UL><LI><a href="#[b0b730]">&gt;&gt;</a>&nbsp;&nbsp;&nbsp;__rt_lib_init (Weak Reference)
</UL>

<P><STRONG><a name="[b0b100]"></a>_signal_init</STRONG> (Unknown, 0 bytes, Stack size 0 bytes, UNDEFINED)
<BR><BR>[Called By]<UL><LI><a href="#[b0b730]">&gt;&gt;</a>&nbsp;&nbsp;&nbsp;__rt_lib_init (Weak Reference)
</UL>

<P><STRONG><a name="[b0b0b8]"></a>_terminate_user_alloc</STRONG> (Unknown, 0 bytes, Stack size 0 bytes, UNDEFINED)
<BR><BR>[Called By]<UL><LI><a href="#[b0b6e8]">&gt;&gt;</a>&nbsp;&nbsp;&nbsp;__rt_lib_shutdown (Weak Reference)
</UL>

<P><STRONG><a name="[b0b070]"></a>_terminateio</STRONG> (Unknown, 0 bytes, Stack size 0 bytes, UNDEFINED)
<BR><BR>[Called By]<UL><LI><a href="#[b0b6e8]">&gt;&gt;</a>&nbsp;&nbsp;&nbsp;__rt_lib_shutdown (Weak Reference)
</UL>
<HR></body></html>
