<html>
<body>
<pre>
<h1>µVision3 Build Log</h1>
<h2>Project:</h2>
C:\insacortexdev_svn\proj_cm3\test_can\CAN_Emet_Recv\CAN.uv2
Project File Date:  07/27/2009

<h2>Output:</h2>
Build target 'OLIMEX Emmeteur'
assembling STM32F10x.s...
compiling STM32_Init.c...
compiling LCD_4bit.c...
compiling CAN.c...
compiling CanDemo.c...
linking...
Program Size: Code=2900 RO-data=396 RW-data=56 ZI-data=544  
".\Obj\CanDemo.axf" - 0 Error(s), 0 Warning(s).
Load "C:\\insacortexdev_svn\\proj_cm3\\test_can\\CAN_Emet_Recv\\Obj\\CanDemo.AXF" 
Erase Done.
Programming Done.
Verify OK.
Application running ...
Build target 'MCBSTM32_Recepteur'
assembling STM32F10x.s...
compiling STM32_Init.c...
compiling LCD_4bit.c...
compiling CAN.c...
compiling CanDemo.c...
linking...
Program Size: Code=2948 RO-data=396 RW-data=56 ZI-data=544  
".\Obj\CanDemo.axf" - 0 Error(s), 0 Warning(s).
Load "C:\\insacortexdev_svn\\proj_cm3\\test_can\\CAN_Emet_Recv\\Obj\\CanDemo.AXF" 
Erase Done.
Programming Done.
Verify OK.
Application running ...
Build target 'OLIMEX Emmeteur'
linking...
Program Size: Code=2948 RO-data=396 RW-data=56 ZI-data=544  
".\Obj\CanDemo.axf" - 0 Error(s), 0 Warning(s).
Load "C:\\insacortexdev_svn\\proj_cm3\\test_can\\CAN_Emet_Recv\\Obj\\CanDemo.AXF" 
Erase Done.
Programming Done.
Verify OK.
Application running ...
Build target 'OLIMEX Emmeteur'
linking...
Program Size: Code=2948 RO-data=396 RW-data=56 ZI-data=544  
".\Obj\CanDemo.axf" - 0 Error(s), 0 Warning(s).
Build target 'OLIMEX Emmeteur'
assembling STM32F10x.s...
compiling STM32_Init.c...
compiling LCD_4bit.c...
compiling CAN.c...
compiling CanDemo.c...
linking...
Program Size: Code=2900 RO-data=396 RW-data=56 ZI-data=544  
".\Obj\CanDemo.axf" - 0 Error(s), 0 Warning(s).
Load "C:\\insacortexdev_svn\\proj_cm3\\test_can\\CAN_Emet_Recv\\Obj\\CanDemo.AXF" 
Erase Done.
Programming Done.
Verify OK.
Application running ...
Build target 'OLIMEX Emmeteur'
assembling STM32F10x.s...
compiling STM32_Init.c...
compiling LCD_4bit.c...
compiling CAN.c...
compiling CanDemo.c...
linking...
Program Size: Code=2900 RO-data=396 RW-data=56 ZI-data=544  
".\Obj\CanDemo.axf" - 0 Error(s), 0 Warning(s).
Build target 'OLIMEX Emmeteur'
compiling STM32_Init.c...
compiling LCD_4bit.c...
compiling CAN.c...
compiling CanDemo.c...
linking...
Program Size: Code=2960 RO-data=396 RW-data=56 ZI-data=544  
".\Obj\CanDemo.axf" - 0 Error(s), 0 Warning(s).
Load "C:\\insacortexdev_svn\\proj_cm3\\test_can\\CAN_Emet_Recv\\Obj\\CanDemo.AXF" 
Erase Done.
Programming Done.
Verify OK.
Application running ...
Build target 'MCBSTM32_Emmeteur'
assembling STM32F10x.s...
compiling STM32_Init.c...
compiling LCD_4bit.c...
compiling CAN.c...
compiling CanDemo.c...
linking...
Program Size: Code=2960 RO-data=396 RW-data=56 ZI-data=544  
".\Obj\CanDemo.axf" - 0 Error(s), 0 Warning(s).
Build target 'MCBSTM32_Emmeteur'
linking...
Program Size: Code=2960 RO-data=396 RW-data=56 ZI-data=544  
".\Obj\CanDemo.axf" - 0 Error(s), 0 Warning(s).
Load "C:\\insacortexdev_svn\\proj_cm3\\test_can\\CAN_Emet_Recv\\Obj\\CanDemo.AXF" 
Erase Done.
Programming Done.
Verify OK.
Application running ...
Build target 'Simulator_Emetteru'
assembling STM32F10x.s...
compiling STM32_Init.c...
compiling LCD_4bit.c...
compiling CAN.c...
compiling CanDemo.c...
linking...
Program Size: Code=2960 RO-data=396 RW-data=56 ZI-data=544  
".\Obj\CanDemo.axf" - 0 Error(s), 0 Warning(s).
Build target 'Simulator_Emetteru'
compiling CAN.c...
linking...
Program Size: Code=2960 RO-data=396 RW-data=56 ZI-data=544  
".\Obj\CanDemo.axf" - 0 Error(s), 0 Warning(s).
Build target 'Simulator_Emetteru'
compiling CAN.c...
linking...
Program Size: Code=2960 RO-data=396 RW-data=56 ZI-data=544  
".\Obj\CanDemo.axf" - 0 Error(s), 0 Warning(s).
Build target 'Simulator_Emetteru'
compiling CanDemo.c...
linking...
Program Size: Code=2940 RO-data=396 RW-data=56 ZI-data=544  
".\Obj\CanDemo.axf" - 0 Error(s), 0 Warning(s).
Build target 'MCBSTM32_Emmeteur'
linking...
Program Size: Code=2940 RO-data=396 RW-data=56 ZI-data=544  
".\Obj\CanDemo.axf" - 0 Error(s), 0 Warning(s).
Build target 'MCBSTM32_Emmeteur'
assembling STM32F10x.s...
compiling STM32_Init.c...
compiling LCD_4bit.c...
compiling CAN.c...
compiling CanDemo.c...
linking...
Program Size: Code=2940 RO-data=396 RW-data=56 ZI-data=544  
".\Obj\CanDemo.axf" - 0 Error(s), 0 Warning(s).
Load "C:\\insacortexdev_svn\\proj_cm3\\test_can\\CAN_Emet_Recv\\Obj\\CanDemo.AXF" 
Erase Done.
Programming Done.
Verify OK.
Application running ...
Build target 'OLIMEX Emmeteur'
assembling STM32F10x.s...
compiling STM32_Init.c...
compiling LCD_4bit.c...
compiling CAN.c...
compiling CanDemo.c...
linking...
Program Size: Code=2940 RO-data=396 RW-data=56 ZI-data=544  
".\Obj\CanDemo.axf" - 0 Error(s), 0 Warning(s).
Load "C:\\insacortexdev_svn\\proj_cm3\\test_can\\CAN_Emet_Recv\\Obj\\CanDemo.AXF" 
Erase Done.
Programming Done.
Verify OK.
Application running ...
Build target 'OLIMEX Emmeteur'
compiling CanDemo.c...
linking...
Program Size: Code=2852 RO-data=396 RW-data=56 ZI-data=544  
".\Obj\CanDemo.axf" - 0 Error(s), 0 Warning(s).
Load "C:\\insacortexdev_svn\\proj_cm3\\test_can\\CAN_Emet_Recv\\Obj\\CanDemo.AXF" 
Erase Done.
Programming Done.
Verify OK.
Application running ...
