Build target 'MCBSTM32'
compiling lib_usartx_irq.c...
compiling test_usartx_irq.c...
linking...
.\Obj\Usart.axf: Error: L6218E: Undefined symbol __use_two_region_memory (referred from stm32f10x.o).
.\Obj\Usart.axf: Error: L6218E: Undefined symbol __initial_sp (referred from entry2.o).
Target not created
Build target 'MCBSTM32'
assembling STM32F10x.s...
compiling lib_usartx_irq.c...
compiling test_usartx_irq.c...
linking...
Program Size: Code=1488 RO-data=268 RW-data=12 ZI-data=1044  
".\Obj\Usart.axf" - 0 Error(s), 0 Warning(s).
Load "C:\\insacortexdev_svn\\proj_cm3\\test_USARTx_Irq\\Obj\\Usart.AXF" 
Erase Done.
Programming Done.
Verify OK.
Application running ...
