<html>
<body>
<pre>
<h1>µVision3 Build Log</h1>
<h2>Project:</h2>
C:\insacortexdev_svn\proj_cm3\test_periphs\essai_1.uv2
Project File Date:  07/21/2009

<h2>Output:</h2>
Build target 'SIMU'
assembling STM32F10x.s...
compiling metro_lib_v2009a.c...
..\..\lib_cm3\metro_lib_v2009a.c(2): error:  #5: cannot open source input file "STM32_Reg.h": No such file or directory
compiling pwm_1.c...
pwm_1.c(2): error:  #5: cannot open source input file "STM32_Init.h": No such file or directory
Target not created
Build target 'SIMU'
compiling metro_lib_v2009a.c...
..\..\lib_cm3\metro_lib_v2009a.c(2): error:  #5: cannot open source input file "STM32_Reg.h": No such file or directory
compiling pwm_1.c...
pwm_1.c(2): error:  #5: cannot open source input file "../../lib_cm3/lib_metro_v2009a.h": No such file or directory
Target not created
Build target 'SIMU'
compiling metro_lib_v2009a.c...
compiling pwm_1.c...
pwm_1.c(2): error:  #5: cannot open source input file "../../lib_cm3/lib_metro_v2009a.h": No such file or directory
Target not created
Build target 'SIMU'
compiling pwm_1.c...
pwm_1.c(2): error:  #5: cannot open source input file "../../../lib_cm3/lib_metro_v2009a.h": No such file or directory
Target not created
Build target 'SIMU'
compiling pwm_1.c...
linking...
Program Size: Code=1504 RO-data=268 RW-data=8 ZI-data=608  
"essai_1.axf" - 0 Error(s), 0 Warning(s).
Build target 'SIMU'
compiling pwm_1.c...
linking...
Program Size: Code=1504 RO-data=268 RW-data=8 ZI-data=608  
"essai_1.axf" - 0 Error(s), 0 Warning(s).
Build target 'SIMU'
linking...
Program Size: Code=1504 RO-data=268 RW-data=8 ZI-data=608  
"essai_1.axf" - 0 Error(s), 0 Warning(s).
Build target 'SIMU'
compiling metro_lib_v2009a.c...
..\..\lib_cm3\metro_lib_v2009a.c(91): error:  #20: identifier "RCC" is undefined
..\..\lib_cm3\metro_lib_v2009a.c(104): error:  #20: identifier "RCC" is undefined
..\..\lib_cm3\metro_lib_v2009a.c(105): error:  #20: identifier "GPIOA" is undefined
..\..\lib_cm3\metro_lib_v2009a.c(111): error:  #20: identifier "RCC" is undefined
..\..\lib_cm3\metro_lib_v2009a.c(117): error:  #20: identifier "TIM1" is undefined
..\..\lib_cm3\metro_lib_v2009a.c(140): error:  #20: identifier "NVIC" is undefined
..\..\lib_cm3\metro_lib_v2009a.c(159): error:  #20: identifier "RCC" is undefined
..\..\lib_cm3\metro_lib_v2009a.c(160): error:  #20: identifier "GPIOB" is undefined
..\..\lib_cm3\metro_lib_v2009a.c(165): error:  #20: identifier "RCC" is undefined
..\..\lib_cm3\metro_lib_v2009a.c(166): error:  #20: identifier "GPIOC" is undefined
..\..\lib_cm3\metro_lib_v2009a.c(171): error:  #20: identifier "RCC" is undefined
..\..\lib_cm3\metro_lib_v2009a.c(177): error:  #20: identifier "TIM2" is undefined
..\..\lib_cm3\metro_lib_v2009a.c(200): error:  #20: identifier "NVIC" is undefined
..\..\lib_cm3\metro_lib_v2009a.c(212): error:  #20: identifier "RCC" is undefined
..\..\lib_cm3\metro_lib_v2009a.c(218): error:  #20: identifier "TIM4" is undefined
..\..\lib_cm3\metro_lib_v2009a.c(241): error:  #20: identifier "NVIC" is undefined
..\..\lib_cm3\metro_lib_v2009a.c(256): error:  #20: identifier "SCB" is undefined
..\..\lib_cm3\metro_lib_v2009a.c(256): error:  #20: identifier "u32" is undefined
..\..\lib_cm3\metro_lib_v2009a.c(256): error:  #18: expected a ")"
..\..\lib_cm3\metro_lib_v2009a.c(282): error:  #20: identifier "RCC" is undefined
..\..\lib_cm3\metro_lib_v2009a.c(283): error:  #20: identifier "ADC1" is undefined
..\..\lib_cm3\metro_lib_v2009a.c(292): error:  #20: identifier "NVIC" is undefined
..\..\lib_cm3\metro_lib_v2009a.c(297): error:  #20: identifier "ADC1" is undefined
..\..\lib_cm3\metro_lib_v2009a.c(302): error:  #20: identifier "ADC1" is undefined
..\..\lib_cm3\metro_lib_v2009a.c(307): error:  #20: identifier "ADC1" is undefined
..\..\lib_cm3\metro_lib_v2009a.c(310): error:  #20: identifier "u32" is undefined
..\..\lib_cm3\metro_lib_v2009a.c(311): error:  #20: identifier "u32" is undefined
..\..\lib_cm3\metro_lib_v2009a.c(312): error:  #20: identifier "ADC1" is undefined
..\..\lib_cm3\metro_lib_v2009a.c(313): warning:  #1166-D: returning pointer to local variable
..\..\lib_cm3\metro_lib_v2009a.c(355): error:  #20: identifier "RCC" is undefined
..\..\lib_cm3\metro_lib_v2009a.c(361): error:  #20: identifier "TIM3" is undefined
Target not created
Build target 'SIMU'
compiling metro_lib_v2009a.c...
linking...
Program Size: Code=1504 RO-data=268 RW-data=8 ZI-data=608  
"essai_1.axf" - 0 Error(s), 0 Warning(s).
Build target 'SIMU'
linking...
Program Size: Code=1504 RO-data=268 RW-data=8 ZI-data=608  
"essai_1.axf" - 0 Error(s), 0 Warning(s).
Build target 'SIMU'
assembling STM32F10x.s...
compiling metro_lib_v2009a.c...
compiling pwm_1.c...
linking...
Program Size: Code=1504 RO-data=268 RW-data=8 ZI-data=608  
"essai_1.axf" - 0 Error(s), 0 Warning(s).
