Archive member included because of file (symbol)

c:/program files/codesourcery/sourcery g++ lite/bin/../lib/gcc/arm-none-eabi/4.3.3/../../../../arm-none-eabi/lib/thumb2\libc.a(lib_a-memset.o)
                              ./obj/syscalls.o (memset)
c:/program files/codesourcery/sourcery g++ lite/bin/../lib/gcc/arm-none-eabi/4.3.3/../../../../arm-none-eabi/lib/thumb2\libcs3.a(start_c.o)
                              (__cs3_start_c)
c:/program files/codesourcery/sourcery g++ lite/bin/../lib/gcc/arm-none-eabi/4.3.3/../../../../arm-none-eabi/lib/thumb2\libcs3unhosted.a(unhosted-start.o)
                              ./obj/stm32f10x.o (_start)
c:/program files/codesourcery/sourcery g++ lite/bin/../lib/gcc/arm-none-eabi/4.3.3/../../../../arm-none-eabi/lib/thumb2\libc.a(lib_a-init.o)
                              c:/program files/codesourcery/sourcery g++ lite/bin/../lib/gcc/arm-none-eabi/4.3.3/../../../../arm-none-eabi/lib/thumb2\libcs3.a(start_c.o) (__libc_init_array)

Allocating common symbols
Common symbol       size              file

Clock1s             0x1               ./obj/blinky.o
ADC_ConvertedValue  0x2               ./obj/blinky.o

Memory Configuration

Name             Origin             Length             Attributes
rom              0x08000000         0x00008000         xr
ram              0x20000000         0x00005000         rw
*default*        0x00000000         0xffffffff

Linker script and memory map

LOAD c:/program files/codesourcery/sourcery g++ lite/bin/../lib/gcc/arm-none-eabi/4.3.3/thumb2/crti.o
LOAD c:/program files/codesourcery/sourcery g++ lite/bin/../lib/gcc/arm-none-eabi/4.3.3/thumb2/crtbegin.o
LOAD ./obj/stm32f10x.o
LOAD ./obj/startup.o
LOAD ./obj/syscalls.o
LOAD ./obj/lcd_4bit.o
LOAD ./obj/serial.o
LOAD ./obj/stm32_init.o
LOAD ./obj/blinky.o
START GROUP
LOAD c:/program files/codesourcery/sourcery g++ lite/bin/../lib/gcc/arm-none-eabi/4.3.3/thumb2\libgcc.a
LOAD c:/program files/codesourcery/sourcery g++ lite/bin/../lib/gcc/arm-none-eabi/4.3.3/../../../../arm-none-eabi/lib/thumb2\libc.a
END GROUP
LOAD c:/program files/codesourcery/sourcery g++ lite/bin/../lib/gcc/arm-none-eabi/4.3.3/thumb2/crtend.o
LOAD c:/program files/codesourcery/sourcery g++ lite/bin/../lib/gcc/arm-none-eabi/4.3.3/thumb2/crtn.o
START GROUP
LOAD c:/program files/codesourcery/sourcery g++ lite/bin/../lib/gcc/arm-none-eabi/4.3.3/thumb2\libgcc.a
LOAD c:/program files/codesourcery/sourcery g++ lite/bin/../lib/gcc/arm-none-eabi/4.3.3/../../../../arm-none-eabi/lib/thumb2\libc.a
LOAD c:/program files/codesourcery/sourcery g++ lite/bin/../lib/gcc/arm-none-eabi/4.3.3/../../../../arm-none-eabi/lib/thumb2\libcs3.a
LOAD c:/program files/codesourcery/sourcery g++ lite/bin/../lib/gcc/arm-none-eabi/4.3.3/../../../../arm-none-eabi/lib/thumb2\libcs3unhosted.a
LOAD c:/program files/codesourcery/sourcery g++ lite/bin/../lib/gcc/arm-none-eabi/4.3.3/../../../../arm-none-eabi/lib/thumb2\libcs3micro.a
END GROUP
                0x20005000                PROVIDE (__cs3_stack, (__cs3_region_start_ram + __cs3_region_size_ram))
                0x00004fc0                PROVIDE (__cs3_stack_size, ((__cs3_region_start_ram + __cs3_region_size_ram) - _end))
                0x20000040                PROVIDE (__cs3_heap_start, _end)
                0x20005000                PROVIDE (__cs3_heap_end, (__cs3_region_start_ram + __cs3_region_size_ram))

.text           0x08000000      0xcc4
 CREATE_OBJECT_SYMBOLS
                0x08000000                __cs3_region_start_rom = .
 *(.cs3.region-head.rom)
                0x08000000                __cs3_interrupt_vector = __cs3_interrupt_vector_cortex_m
 *(.cs3.interrupt_vector)
 .cs3.interrupt_vector
                0x08000000       0xec ./obj/stm32f10x.o
                0x08000000                __cs3_interrupt_vector_cortex_m
                0x08000001                ASSERT ((. != __cs3_interrupt_vector_cortex_m), No interrupt vector)
 *(.rom)
 *(.rom.b)
                0x080000ec                __cs3_reset = __cs3_reset_cortex_m
 *(.cs3.reset)
 .cs3.reset     0x080000ec        0x8 ./obj/stm32f10x.o
                0x080000ec                __cs3_reset_cortex_m
                0x08000001                ASSERT ((. != __cs3_reset), No reset code)
 *(.text .text.* .gnu.linkonce.t.*)
 .text          0x080000f4        0x0 c:/program files/codesourcery/sourcery g++ lite/bin/../lib/gcc/arm-none-eabi/4.3.3/thumb2/crti.o
 .text          0x080000f4       0x68 c:/program files/codesourcery/sourcery g++ lite/bin/../lib/gcc/arm-none-eabi/4.3.3/thumb2/crtbegin.o
 .text          0x0800015c       0x14 ./obj/stm32f10x.o
                0x0800016e                EXTI2_IRQHandler
                0x08000168                DebugMon_Handler
                0x0800016e                TIM1_CC_IRQHandler
                0x0800015e                HardFault_Handler
                0x0800016e                PVD_IRQHandler
                0x0800016a                PendSV_Handler
                0x0800015c                NMI_Handler
                0x0800016e                EXTI3_IRQHandler
                0x0800016e                DMAChannel7_IRQHandler
                0x0800016e                USB_HP_CAN_TX_IRQHandler
                0x0800016e                EXTI0_IRQHandler
                0x0800016e                I2C2_EV_IRQHandler
                0x0800016e                DMAChannel1_IRQHandler
                0x08000164                UsageFault_Handler
                0x0800016e                SPI1_IRQHandler
                0x0800016e                CAN_SCE_IRQHandler
                0x0800016e                TAMPER_IRQHandler
                0x0800016e                DMAChannel4_IRQHandler
                0x0800016e                USART3_IRQHandler
                0x0800016e                RTC_IRQHandler
                0x0800016e                TIM4_IRQHandler
                0x0800016e                CAN_RX1_IRQHandler
                0x0800016e                I2C1_EV_IRQHandler
                0x0800016e                TIM3_IRQHandler
                0x0800016e                RCC_IRQHandler
                0x0800016e                TIM1_TRG_COM_IRQHandler
                0x0800016e                Default_Handler
                0x0800016e                EXTI15_10_IRQHandler
                0x0800016e                ADC_IRQHandler
                0x0800016e                DMAChannel5_IRQHandler
                0x0800016e                EXTI9_5_IRQHandler
                0x0800016e                DMAChannel2_IRQHandler
                0x0800016e                SPI2_IRQHandler
                0x0800016e                USB_LP_CAN_RX0_IRQHandler
                0x08000160                MemManage_Handler
                0x08000166                SVC_Handler
                0x0800016e                EXTI4_IRQHandler
                0x0800016e                TIM1_UP_IRQHandler
                0x0800016e                WWDG_IRQHandler
                0x0800016e                TIM2_IRQHandler
                0x0800016e                TIM1_BRK_IRQHandler
                0x0800016e                EXTI1_IRQHandler
                0x0800016e                RTCAlarm_IRQHandler
                0x0800016e                USART2_IRQHandler
                0x0800016e                I2C2_ER_IRQHandler
                0x0800016e                FLASH_IRQHandler
                0x0800016e                DMAChannel6_IRQHandler
                0x0800016e                DMAChannel3_IRQHandler
                0x08000162                BusFault_Handler
                0x0800016e                USART1_IRQHandler
                0x0800016e                I2C1_ER_IRQHandler
                0x0800016e                USBWakeUp_IRQHandler
 .text          0x08000170       0x50 ./obj/startup.o
                0x08000170                Startup
 .text          0x080001c0       0xb0 ./obj/syscalls.o
                0x08000228                printf
                0x080001dc                isatty
                0x080001e4                _fstat
                0x080001c8                _open
                0x080001c0                _lseek
                0x08000204                _write
                0x08000240                _read
                0x080001d4                _close
 .text          0x08000270      0x308 ./obj/lcd_4bit.o
                0x080004a8                lcd_clear
                0x08000490                set_cursor
                0x0800052c                lcd_bargraphXY
                0x08000374                lcd_write_cmd
                0x080004c0                lcd_print
                0x080003c4                lcd_init
                0x08000324                lcd_write_4bit
                0x0800039c                lcd_putchar
                0x080004d8                lcd_bargraph
 .text          0x08000578       0x50 ./obj/serial.o
                0x080005a0                ser_getchar
                0x08000578                ser_putchar
 .text          0x080005c8      0x2b4 ./obj/stm32_init.o
                0x080005c8                stm32_EfiSetup
                0x0800067c                stm32_RtcSetup
                0x080007e8                stm32_ExtiSetup
                0x080005d8                stm32_ClockSetup
                0x080007ec                stm32_AfRemapSetup
                0x080007f0                stm32_TamperSetup
                0x0800062c                stm32_IwdgSetup
                0x08000870                stm32_GetPCLK1
                0x08000628                stm32_NvicSetup
                0x08000730                stm32_GpioSetup
                0x08000858                stm32_Init
                0x0800072c                stm32_TimerSetup
                0x0800076c                stm32_UsartSetup
                0x08000654                stm32_SysTickSetup
 .text          0x0800087c      0x1b8 ./obj/blinky.o
                0x08000910                SysTick_Handler
                0x0800087c                adc_Init
                0x080009a4                main
 .text          0x08000a34       0xb0 c:/program files/codesourcery/sourcery g++ lite/bin/../lib/gcc/arm-none-eabi/4.3.3/../../../../arm-none-eabi/lib/thumb2\libc.a(lib_a-memset.o)
                0x08000a34                memset
 .text          0x08000ae4        0x0 c:/program files/codesourcery/sourcery g++ lite/bin/../lib/gcc/arm-none-eabi/4.3.3/thumb2/crtend.o
 .text          0x08000ae4        0x0 c:/program files/codesourcery/sourcery g++ lite/bin/../lib/gcc/arm-none-eabi/4.3.3/thumb2/crtn.o
 .text          0x08000ae4       0x90 c:/program files/codesourcery/sourcery g++ lite/bin/../lib/gcc/arm-none-eabi/4.3.3/../../../../arm-none-eabi/lib/thumb2\libcs3.a(start_c.o)
                0x08000ae4                __cs3_start_c
 .text          0x08000b74       0x10 c:/program files/codesourcery/sourcery g++ lite/bin/../lib/gcc/arm-none-eabi/4.3.3/../../../../arm-none-eabi/lib/thumb2\libcs3unhosted.a(unhosted-start.o)
                0x08000b74                _start
 .text          0x08000b84       0x50 c:/program files/codesourcery/sourcery g++ lite/bin/../lib/gcc/arm-none-eabi/4.3.3/../../../../arm-none-eabi/lib/thumb2\libc.a(lib_a-init.o)
                0x08000b84                __libc_init_array
 *(.rodata .rodata.* .gnu.linkonce.r.*)
 .rodata        0x08000bd4       0x80 ./obj/lcd_4bit.o
                0x08000c14                UserFont
                0x08000bd4                SWAP_DATA
 .rodata.str1.4
                0x08000c54       0x3c ./obj/blinky.o
                0x08000c90                . = ALIGN (0x4)
 *(.init)
 .init          0x08000c90        0x4 c:/program files/codesourcery/sourcery g++ lite/bin/../lib/gcc/arm-none-eabi/4.3.3/thumb2/crti.o
                0x08000c90                _init
 .init          0x08000c94        0x8 c:/program files/codesourcery/sourcery g++ lite/bin/../lib/gcc/arm-none-eabi/4.3.3/thumb2/crtn.o
                0x08000c9c                . = ALIGN (0x4)
                0x08000c9c                __preinit_array_start = .
 *(.preinit_array)
                0x08000c9c                __preinit_array_end = .
                0x08000c9c                . = ALIGN (0x4)
                0x08000c9c                __init_array_start = .
 *(SORT(.init_array.*))
 *(.init_array)
 .init_array    0x08000c9c        0x4 c:/program files/codesourcery/sourcery g++ lite/bin/../lib/gcc/arm-none-eabi/4.3.3/thumb2/crtbegin.o
                0x08000ca0                __init_array_end = .
                0x08000ca0                . = ALIGN (0x4)
 *crtbegin.o(.ctors)
 *(EXCLUDE_FILE(*crtend.o) .ctors)
 *(SORT(.ctors.*))
 *crtend.o(.ctors)
                0x08000ca0                . = ALIGN (0x4)
 *(.fini)
 .fini          0x08000ca0        0x4 c:/program files/codesourcery/sourcery g++ lite/bin/../lib/gcc/arm-none-eabi/4.3.3/thumb2/crti.o
                0x08000ca0                _fini
 .fini          0x08000ca4        0x8 c:/program files/codesourcery/sourcery g++ lite/bin/../lib/gcc/arm-none-eabi/4.3.3/thumb2/crtn.o
                0x08000cac                . = ALIGN (0x4)
                0x08000cac                __fini_array_start = .
 *(.fini_array)
 .fini_array    0x08000cac        0x4 c:/program files/codesourcery/sourcery g++ lite/bin/../lib/gcc/arm-none-eabi/4.3.3/thumb2/crtbegin.o
 *(SORT(.fini_array.*))
                0x08000cb0                __fini_array_end = .
 *crtbegin.o(.dtors)
 *(EXCLUDE_FILE(*crtend.o) .dtors)
 *(SORT(.dtors.*))
 *crtend.o(.dtors)
                0x08000cb0                . = ALIGN (0x4)
                0x08000cb0                __cs3_regions = .
                0x08000cb0        0x4 LONG 0x0
                0x08000cb4        0x4 LONG 0x8000cd0 __cs3_region_init_ram
                0x08000cb8        0x4 LONG 0x20000000 __cs3_region_start_ram
                0x08000cbc        0x4 LONG 0x10 __cs3_region_init_size_ram
                0x08000cc0        0x4 LONG 0x30 __cs3_region_zero_size_ram
                0x00008000                __cs3_region_size_rom = 0x8000
                0x00000001                __cs3_region_num = 0x1

.glue_7         0x08000cc4        0x0
 .glue_7        0x00000000        0x0 linker stubs

.glue_7t        0x08000cc4        0x0
 .glue_7t       0x00000000        0x0 linker stubs

.vfp11_veneer   0x08000cc4        0x0
 .vfp11_veneer  0x00000000        0x0 linker stubs

.v4_bx          0x08000cc4        0x0
 .v4_bx         0x00000000        0x0 linker stubs

.eh_frame       0x08000cc4        0x4
 .eh_frame      0x08000cc4        0x0 c:/program files/codesourcery/sourcery g++ lite/bin/../lib/gcc/arm-none-eabi/4.3.3/thumb2/crtbegin.o
 .eh_frame      0x08000cc4        0x4 c:/program files/codesourcery/sourcery g++ lite/bin/../lib/gcc/arm-none-eabi/4.3.3/thumb2/crtend.o

.ARM.extab.cs3.reset
                0x08000cc8        0x0
 .ARM.extab.cs3.reset
                0x08000cc8        0x0 ./obj/stm32f10x.o

.ARM.exidx.cs3.reset
                0x08000cc8        0x8
 .ARM.exidx.cs3.reset
                0x08000cc8        0x8 ./obj/stm32f10x.o

.ARM.extab      0x08000cd0        0x0
 .ARM.extab     0x08000cd0        0x0 c:/program files/codesourcery/sourcery g++ lite/bin/../lib/gcc/arm-none-eabi/4.3.3/../../../../arm-none-eabi/lib/thumb2\libcs3unhosted.a(unhosted-start.o)

.ARM.exidx      0x08000cd0        0x0
 .ARM.exidx     0x08000cd0        0x0 c:/program files/codesourcery/sourcery g++ lite/bin/../lib/gcc/arm-none-eabi/4.3.3/../../../../arm-none-eabi/lib/thumb2\libcs3unhosted.a(unhosted-start.o)
                                  0x8 (size before relaxing)

.data           0x20000000       0x10 load address 0x08000cd0
                0x20000000                __cs3_region_start_ram = .
                0x20000000                __cs3_region_start_data = .
 *(.cs3.region-head.ram)
 *(.data .data.* .gnu.linkonce.d.*)
 .data          0x20000000        0x0 c:/program files/codesourcery/sourcery g++ lite/bin/../lib/gcc/arm-none-eabi/4.3.3/thumb2/crti.o
 .data          0x20000000        0x4 c:/program files/codesourcery/sourcery g++ lite/bin/../lib/gcc/arm-none-eabi/4.3.3/thumb2/crtbegin.o
                0x20000000                __dso_handle
 .data          0x20000004        0x0 ./obj/stm32f10x.o
 .data          0x20000004        0x0 ./obj/startup.o
 .data          0x20000004        0x0 ./obj/syscalls.o
 .data          0x20000004        0x0 ./obj/lcd_4bit.o
 .data          0x20000004        0x0 ./obj/serial.o
 .data          0x20000004        0x0 ./obj/stm32_init.o
 .data          0x20000004        0xc ./obj/blinky.o
                0x2000000d                essai
                0x20000008                str
 .data          0x20000010        0x0 c:/program files/codesourcery/sourcery g++ lite/bin/../lib/gcc/arm-none-eabi/4.3.3/../../../../arm-none-eabi/lib/thumb2\libc.a(lib_a-memset.o)
 .data          0x20000010        0x0 c:/program files/codesourcery/sourcery g++ lite/bin/../lib/gcc/arm-none-eabi/4.3.3/thumb2/crtend.o
 .data          0x20000010        0x0 c:/program files/codesourcery/sourcery g++ lite/bin/../lib/gcc/arm-none-eabi/4.3.3/thumb2/crtn.o
 .data          0x20000010        0x0 c:/program files/codesourcery/sourcery g++ lite/bin/../lib/gcc/arm-none-eabi/4.3.3/../../../../arm-none-eabi/lib/thumb2\libcs3.a(start_c.o)
 .data          0x20000010        0x0 c:/program files/codesourcery/sourcery g++ lite/bin/../lib/gcc/arm-none-eabi/4.3.3/../../../../arm-none-eabi/lib/thumb2\libcs3unhosted.a(unhosted-start.o)
 .data          0x20000010        0x0 c:/program files/codesourcery/sourcery g++ lite/bin/../lib/gcc/arm-none-eabi/4.3.3/../../../../arm-none-eabi/lib/thumb2\libc.a(lib_a-init.o)
 *(.ram)
                0x20000010                . = ALIGN (0x8)
                0x20000010                _edata = .

.jcr            0x20000010        0x4
 .jcr           0x20000010        0x0 c:/program files/codesourcery/sourcery g++ lite/bin/../lib/gcc/arm-none-eabi/4.3.3/thumb2/crtbegin.o
 .jcr           0x20000010        0x4 c:/program files/codesourcery/sourcery g++ lite/bin/../lib/gcc/arm-none-eabi/4.3.3/thumb2/crtend.o

.bss            0x20000014       0x2c load address 0x08000ce0
                0x20000014                __cs3_region_start_bss = .
 *(.bss .bss.* .gnu.linkonce.b.*)
 .bss           0x20000014        0x0 c:/program files/codesourcery/sourcery g++ lite/bin/../lib/gcc/arm-none-eabi/4.3.3/thumb2/crti.o
 .bss           0x20000014       0x1c c:/program files/codesourcery/sourcery g++ lite/bin/../lib/gcc/arm-none-eabi/4.3.3/thumb2/crtbegin.o
 .bss           0x20000030        0x0 ./obj/stm32f10x.o
 .bss           0x20000030        0x0 ./obj/startup.o
 .bss           0x20000030        0x0 ./obj/syscalls.o
 .bss           0x20000030        0x0 ./obj/lcd_4bit.o
 .bss           0x20000030        0x0 ./obj/serial.o
 .bss           0x20000030        0x0 ./obj/stm32_init.o
 .bss           0x20000030        0x8 ./obj/blinky.o
 .bss           0x20000038        0x0 c:/program files/codesourcery/sourcery g++ lite/bin/../lib/gcc/arm-none-eabi/4.3.3/../../../../arm-none-eabi/lib/thumb2\libc.a(lib_a-memset.o)
 .bss           0x20000038        0x0 c:/program files/codesourcery/sourcery g++ lite/bin/../lib/gcc/arm-none-eabi/4.3.3/thumb2/crtend.o
 .bss           0x20000038        0x0 c:/program files/codesourcery/sourcery g++ lite/bin/../lib/gcc/arm-none-eabi/4.3.3/thumb2/crtn.o
 .bss           0x20000038        0x0 c:/program files/codesourcery/sourcery g++ lite/bin/../lib/gcc/arm-none-eabi/4.3.3/../../../../arm-none-eabi/lib/thumb2\libcs3.a(start_c.o)
 .bss           0x20000038        0x0 c:/program files/codesourcery/sourcery g++ lite/bin/../lib/gcc/arm-none-eabi/4.3.3/../../../../arm-none-eabi/lib/thumb2\libcs3unhosted.a(unhosted-start.o)
 .bss           0x20000038        0x0 c:/program files/codesourcery/sourcery g++ lite/bin/../lib/gcc/arm-none-eabi/4.3.3/../../../../arm-none-eabi/lib/thumb2\libc.a(lib_a-init.o)
 *(COMMON)
 COMMON         0x20000038        0x4 ./obj/blinky.o
                0x20000038                Clock1s
                0x2000003a                ADC_ConvertedValue
 *(.ram.b)
                0x20000040                . = ALIGN (0x8)
 *fill*         0x2000003c        0x4 00
                0x20000040                _end = .
                0x20000040                __end = .

.heap           0x20000040     0x1000 load address 0x08000ce0
 *(.heap)
 .heap          0x20000040     0x1000 ./obj/stm32f10x.o
                0x20000040                __cs3_heap_start
                0x20001040                __cs3_heap_end

.stack          0x20004e00      0x200 load address 0x08000ce0
 *(.stack)
 .stack         0x20004e00      0x200 ./obj/stm32f10x.o
                0x20004e00                __cs3_stack_mem
                0x08000cd0                __cs3_region_init_ram_loadaddr = LOADADDR (.data)
                0x08000cd0                __cs3_region_init_ram = __cs3_region_init_ram_loadaddr
                0x00000010                __cs3_region_init_ram_size = (_edata - __cs3_region_start_ram)
                0x00000010                __cs3_region_init_size_ram = __cs3_region_init_ram_size
                0x00000030                __cs3_region_zero_ram_size = (_end - _edata)
                0x00000030                __cs3_region_zero_size_ram = __cs3_region_zero_ram_size
                0x00005000                __cs3_region_size_ram = 0x5000
                0x08000ce0                __cs3_region_zero_ram_loadaddr = LOADADDR (.bss)
                0x00000001                __cs3_region_num = 0x1

.stab
 *(.stab)

.stabstr
 *(.stabstr)

.debug
 *(.debug)

.line
 *(.line)

.debug_srcinfo
 *(.debug_srcinfo)

.debug_sfnames
 *(.debug_sfnames)

.comment        0x00000000       0xd7
 .comment       0x00000000       0x2b ./obj/syscalls.o
 .comment       0x0000002b       0x2b ./obj/lcd_4bit.o
 .comment       0x00000056       0x2b ./obj/serial.o
 .comment       0x00000081       0x2b ./obj/stm32_init.o
 .comment       0x000000ac       0x2b ./obj/blinky.o

.debug_aranges  0x00000000       0xe8
 *(.debug_aranges)
 .debug_aranges
                0x00000000       0x28 ./obj/stm32f10x.o
 .debug_aranges
                0x00000028       0x20 ./obj/startup.o
 .debug_aranges
                0x00000048       0x20 ./obj/syscalls.o
 .debug_aranges
                0x00000068       0x20 ./obj/lcd_4bit.o
 .debug_aranges
                0x00000088       0x20 ./obj/serial.o
 .debug_aranges
                0x000000a8       0x20 ./obj/stm32_init.o
 .debug_aranges
                0x000000c8       0x20 ./obj/blinky.o

.debug_pubnames
                0x00000000      0x2f6
 *(.debug_pubnames)
 .debug_pubnames
                0x00000000       0x68 ./obj/syscalls.o
 .debug_pubnames
                0x00000068       0xbe ./obj/lcd_4bit.o
 .debug_pubnames
                0x00000126       0x32 ./obj/serial.o
 .debug_pubnames
                0x00000158      0x12d ./obj/stm32_init.o
 .debug_pubnames
                0x00000285       0x71 ./obj/blinky.o

.debug_info     0x00000000     0x1f2c
 *(.debug_info .gnu.linkonce.wi.*)
 .debug_info    0x00000000       0x7f ./obj/stm32f10x.o
 .debug_info    0x0000007f       0x81 ./obj/startup.o
 .debug_info    0x00000100      0x40c ./obj/syscalls.o
 .debug_info    0x0000050c      0x465 ./obj/lcd_4bit.o
 .debug_info    0x00000971      0x184 ./obj/serial.o
 .debug_info    0x00000af5     0x1046 ./obj/stm32_init.o
 .debug_info    0x00001b3b      0x3f1 ./obj/blinky.o

.debug_abbrev   0x00000000      0x609
 *(.debug_abbrev)
 .debug_abbrev  0x00000000       0x12 ./obj/stm32f10x.o
 .debug_abbrev  0x00000012       0x14 ./obj/startup.o
 .debug_abbrev  0x00000026      0x128 ./obj/syscalls.o
 .debug_abbrev  0x0000014e      0x1ee ./obj/lcd_4bit.o
 .debug_abbrev  0x0000033c       0xb1 ./obj/serial.o
 .debug_abbrev  0x000003ed       0xf7 ./obj/stm32_init.o
 .debug_abbrev  0x000004e4      0x125 ./obj/blinky.o

.debug_line     0x00000000      0x4e8
 *(.debug_line)
 .debug_line    0x00000000       0x58 ./obj/stm32f10x.o
 .debug_line    0x00000058       0x51 ./obj/startup.o
 .debug_line    0x000000a9       0xf7 ./obj/syscalls.o
 .debug_line    0x000001a0      0x104 ./obj/lcd_4bit.o
 .debug_line    0x000002a4       0x95 ./obj/serial.o
 .debug_line    0x00000339      0x105 ./obj/stm32_init.o
 .debug_line    0x0000043e       0xaa ./obj/blinky.o

.debug_frame    0x00000000      0x3f0
 *(.debug_frame)
 .debug_frame   0x00000000       0xd0 ./obj/syscalls.o
 .debug_frame   0x000000d0      0x12c ./obj/lcd_4bit.o
 .debug_frame   0x000001fc       0x30 ./obj/serial.o
 .debug_frame   0x0000022c       0xf8 ./obj/stm32_init.o
 .debug_frame   0x00000324       0x58 ./obj/blinky.o
 .debug_frame   0x0000037c       0x28 c:/program files/codesourcery/sourcery g++ lite/bin/../lib/gcc/arm-none-eabi/4.3.3/../../../../arm-none-eabi/lib/thumb2\libc.a(lib_a-memset.o)
 .debug_frame   0x000003a4       0x20 c:/program files/codesourcery/sourcery g++ lite/bin/../lib/gcc/arm-none-eabi/4.3.3/../../../../arm-none-eabi/lib/thumb2\libcs3.a(start_c.o)
 .debug_frame   0x000003c4       0x2c c:/program files/codesourcery/sourcery g++ lite/bin/../lib/gcc/arm-none-eabi/4.3.3/../../../../arm-none-eabi/lib/thumb2\libc.a(lib_a-init.o)

.debug_str      0x00000000      0x882
 *(.debug_str)
 .debug_str     0x00000000      0x1cb ./obj/syscalls.o
                                0x221 (size before relaxing)
 .debug_str     0x000001cb      0x124 ./obj/lcd_4bit.o
                                0x1f4 (size before relaxing)
 .debug_str     0x000002ef       0x6c ./obj/serial.o
                                0x118 (size before relaxing)
 .debug_str     0x0000035b      0x44f ./obj/stm32_init.o
                                0x595 (size before relaxing)
 .debug_str     0x000007aa       0xd8 ./obj/blinky.o
                                0x1f8 (size before relaxing)

.debug_loc      0x00000000      0x4ed
 *(.debug_loc)
 .debug_loc     0x00000000      0x214 ./obj/syscalls.o
 .debug_loc     0x00000214      0x288 ./obj/lcd_4bit.o
 .debug_loc     0x0000049c       0x13 ./obj/serial.o
 .debug_loc     0x000004af       0x1f ./obj/stm32_init.o
 .debug_loc     0x000004ce       0x1f ./obj/blinky.o

.debug_macinfo
 *(.debug_macinfo)

.debug_weaknames
 *(.debug_weaknames)

.debug_funcnames
 *(.debug_funcnames)

.debug_typenames
 *(.debug_typenames)

.debug_varnames
 *(.debug_varnames)

.note.gnu.arm.ident
 *(.note.gnu.arm.ident)

.ARM.attributes
                0x00000000       0x25
 *(.ARM.attributes)
 .ARM.attributes
                0x00000000       0x17 c:/program files/codesourcery/sourcery g++ lite/bin/../lib/gcc/arm-none-eabi/4.3.3/thumb2/crti.o
 .ARM.attributes
                0x00000017       0x27 c:/program files/codesourcery/sourcery g++ lite/bin/../lib/gcc/arm-none-eabi/4.3.3/thumb2/crtbegin.o
 .ARM.attributes
                0x0000003e       0x21 ./obj/stm32f10x.o
 .ARM.attributes
                0x0000005f       0x21 ./obj/startup.o
 .ARM.attributes
                0x00000080       0x31 ./obj/syscalls.o
 .ARM.attributes
                0x000000b1       0x31 ./obj/lcd_4bit.o
 .ARM.attributes
                0x000000e2       0x31 ./obj/serial.o
 .ARM.attributes
                0x00000113       0x31 ./obj/stm32_init.o
 .ARM.attributes
                0x00000144       0x31 ./obj/blinky.o
 .ARM.attributes
                0x00000175       0x27 c:/program files/codesourcery/sourcery g++ lite/bin/../lib/gcc/arm-none-eabi/4.3.3/../../../../arm-none-eabi/lib/thumb2\libc.a(lib_a-memset.o)
 .ARM.attributes
                0x0000019c       0x27 c:/program files/codesourcery/sourcery g++ lite/bin/../lib/gcc/arm-none-eabi/4.3.3/thumb2/crtend.o
 .ARM.attributes
                0x000001c3       0x17 c:/program files/codesourcery/sourcery g++ lite/bin/../lib/gcc/arm-none-eabi/4.3.3/thumb2/crtn.o
 .ARM.attributes
                0x000001da       0x27 c:/program files/codesourcery/sourcery g++ lite/bin/../lib/gcc/arm-none-eabi/4.3.3/../../../../arm-none-eabi/lib/thumb2\libcs3.a(start_c.o)
 .ARM.attributes
                0x00000201       0x17 c:/program files/codesourcery/sourcery g++ lite/bin/../lib/gcc/arm-none-eabi/4.3.3/../../../../arm-none-eabi/lib/thumb2\libcs3unhosted.a(unhosted-start.o)
 .ARM.attributes
                0x00000218       0x27 c:/program files/codesourcery/sourcery g++ lite/bin/../lib/gcc/arm-none-eabi/4.3.3/../../../../arm-none-eabi/lib/thumb2\libc.a(lib_a-init.o)

/DISCARD/
 *(.note.GNU-stack)
OUTPUT(./obj/Blinky.elf elf32-littlearm)

.debug_ranges   0x00000000       0x20
 .debug_ranges  0x00000000       0x20 ./obj/stm32f10x.o
