ARM GAS  STM32F10x.s 			page 1


   1              	/*****************************************************************************/
   2              	/* STM32F10x.s: Startup file for ST STM32F10x device series                  */
   3              	/*****************************************************************************/
   4              	/* Version: CodeSourcery Sourcery G++ Lite (with CS3)                        */
   5              	/*****************************************************************************/
   6              	
   7              	
   8              	/* 
   9              	//*** <<< Use Configuration Wizard in Context Menu >>> *** 
  10              	*/
  11              	
  12              	
  13              	/*
  14              	// <h> Stack Configuration
  15              	//   <o> Stack Size (in Bytes) <0x0-0xFFFFFFFF:8>
  16              	// </h>
  17              	*/
  18              	
  19              	    .equ    Stack_Size, 0x00000200
  20              	    .section ".stack", "w"
  21              	    .align  3
  22              	    .globl  __cs3_stack_mem
  23              	    .globl  __cs3_stack_size
  24              	__cs3_stack_mem:
  25              	    .if     Stack_Size
  26 0000 00000000 	    .space  Stack_Size
  26      00000000 
  26      00000000 
  26      00000000 
  26      00000000 
  27              	    .endif
  28              	    .size   __cs3_stack_mem,  . - __cs3_stack_mem
  29              	    .set    __cs3_stack_size, . - __cs3_stack_mem
  30              	
  31              	
  32              	/*
  33              	// <h> Heap Configuration
  34              	//   <o>  Heap Size (in Bytes) <0x0-0xFFFFFFFF:8>
  35              	// </h>
  36              	*/
  37              	
  38              	    .equ    Heap_Size,  0x00001000
  39              	    
  40              	    .section ".heap", "w"
  41              	    .align  3
  42              	    .globl  __cs3_heap_start
  43              	    .globl  __cs3_heap_end
  44              	__cs3_heap_start:
  45              	    .if     Heap_Size
  46 0000 00000000 	    .space  Heap_Size
  46      00000000 
  46      00000000 
  46      00000000 
  46      00000000 
  47              	    .endif
  48              	__cs3_heap_end:
  49              	
ARM GAS  STM32F10x.s 			page 2


  50              	
  51              	/* Vector Table */
  52              	
  53              	    .section ".cs3.interrupt_vector"
  54              	    .globl  __cs3_interrupt_vector_cortex_m
  55              	    .type   __cs3_interrupt_vector_cortex_m, %object
  56              	
  57              	__cs3_interrupt_vector_cortex_m:
  58 0000 00000000 	    .long   __cs3_stack                 /* Top of Stack                 */
  59 0004 00000000 	    .long   __cs3_reset                 /* Reset Handler                */
  60 0008 00000000 	    .long   NMI_Handler                 /* NMI Handler                  */
  61 000c 00000000 	    .long   HardFault_Handler           /* Hard Fault Handler           */
  62 0010 00000000 	    .long   MemManage_Handler           /* MPU Fault Handler            */
  63 0014 00000000 	    .long   BusFault_Handler            /* Bus Fault Handler            */
  64 0018 00000000 	    .long   UsageFault_Handler          /* Usage Fault Handler          */
  65 001c 00000000 	    .long   0                           /* Reserved                     */
  66 0020 00000000 	    .long   0                           /* Reserved                     */
  67 0024 00000000 	    .long   0                           /* Reserved                     */
  68 0028 00000000 	    .long   0                           /* Reserved                     */
  69 002c 00000000 	    .long   SVC_Handler                 /* SVCall Handler               */
  70 0030 00000000 	    .long   DebugMon_Handler            /* Debug Monitor Handler        */
  71 0034 00000000 	    .long   0                           /* Reserved                     */
  72 0038 00000000 	    .long   PendSV_Handler              /* PendSV Handler               */
  73 003c 00000000 	    .long   SysTick_Handler             /* SysTick Handler              */
  74              	
  75              	    /* External Interrupts */
  76 0040 00000000 	    .long   WWDG_IRQHandler             /* Window Watchdog              */
  77 0044 00000000 	    .long   PVD_IRQHandler              /* PVD through EXTI Line detect */
  78 0048 00000000 	    .long   TAMPER_IRQHandler           /* Tamper                       */
  79 004c 00000000 	    .long   RTC_IRQHandler              /* RTC                          */
  80 0050 00000000 	    .long   FLASH_IRQHandler            /* Flash                        */
  81 0054 00000000 	    .long   RCC_IRQHandler              /* RCC                          */
  82 0058 00000000 	    .long   EXTI0_IRQHandler            /* EXTI Line 0                  */
  83 005c 00000000 	    .long   EXTI1_IRQHandler            /* EXTI Line 1                  */
  84 0060 00000000 	    .long   EXTI2_IRQHandler            /* EXTI Line 2                  */
  85 0064 00000000 	    .long   EXTI3_IRQHandler            /* EXTI Line 3                  */
  86 0068 00000000 	    .long   EXTI4_IRQHandler            /* EXTI Line 4                  */
  87 006c 00000000 	    .long   DMAChannel1_IRQHandler      /* DMA Channel 1                */
  88 0070 00000000 	    .long   DMAChannel2_IRQHandler      /* DMA Channel 2                */
  89 0074 00000000 	    .long   DMAChannel3_IRQHandler      /* DMA Channel 3                */
  90 0078 00000000 	    .long   DMAChannel4_IRQHandler      /* DMA Channel 4                */
  91 007c 00000000 	    .long   DMAChannel5_IRQHandler      /* DMA Channel 5                */
  92 0080 00000000 	    .long   DMAChannel6_IRQHandler      /* DMA Channel 6                */
  93 0084 00000000 	    .long   DMAChannel7_IRQHandler      /* DMA Channel 7                */
  94 0088 00000000 	    .long   ADC_IRQHandler              /* ADC                          */
  95 008c 00000000 	    .long   USB_HP_CAN_TX_IRQHandler    /* USB High Priority or CAN TX  */
  96 0090 00000000 	    .long   USB_LP_CAN_RX0_IRQHandler   /* USB Low  Priority or CAN RX0 */ 
  97 0094 00000000 	    .long   CAN_RX1_IRQHandler          /* CAN RX1                      */
  98 0098 00000000 	    .long   CAN_SCE_IRQHandler          /* CAN SCE                      */
  99 009c 00000000 	    .long   EXTI9_5_IRQHandler          /* EXTI Line 9..5               */
 100 00a0 00000000 	    .long   TIM1_BRK_IRQHandler         /* TIM1 Break                   */
 101 00a4 00000000 	    .long   TIM1_UP_IRQHandler          /* TIM1 Update                  */
 102 00a8 00000000 	    .long   TIM1_TRG_COM_IRQHandler     /* TIM1 Trigger and Commutation */
 103 00ac 00000000 	    .long   TIM1_CC_IRQHandler          /* TIM1 Capture Compare         */
 104 00b0 00000000 	    .long   TIM2_IRQHandler             /* TIM2                         */
 105 00b4 00000000 	    .long   TIM3_IRQHandler             /* TIM3                         */
 106 00b8 00000000 	    .long   TIM4_IRQHandler             /* TIM4                         */
ARM GAS  STM32F10x.s 			page 3


 107 00bc 00000000 	    .long   I2C1_EV_IRQHandler          /* I2C1 Event                   */
 108 00c0 00000000 	    .long   I2C1_ER_IRQHandler          /* I2C1 Error                   */
 109 00c4 00000000 	    .long   I2C2_EV_IRQHandler          /* I2C2 Event                   */
 110 00c8 00000000 	    .long   I2C2_ER_IRQHandler          /* I2C2 Error                   */
 111 00cc 00000000 	    .long   SPI1_IRQHandler             /* SPI1                         */
 112 00d0 00000000 	    .long   SPI2_IRQHandler             /* SPI2                         */
 113 00d4 00000000 	    .long   USART1_IRQHandler           /* USART1                       */
 114 00d8 00000000 	    .long   USART2_IRQHandler           /* USART2                       */
 115 00dc 00000000 	    .long   USART3_IRQHandler           /* USART3                       */
 116 00e0 00000000 	    .long   EXTI15_10_IRQHandler        /* EXTI Line 15..10             */
 117 00e4 00000000 	    .long   RTCAlarm_IRQHandler         /* RTC Alarm through EXTI Line  */
 118 00e8 00000000 	    .long   USBWakeUp_IRQHandler        /* USB Wakeup from suspend      */
 119              	
 120              	    .size   __cs3_interrupt_vector_cortex_m, . - __cs3_interrupt_vector_cortex_m
 121              	
 122              	
 123              	    .thumb
 124              	
 125              	
 126              	/* Reset Handler */
 127              	
 128              	    .section .cs3.reset,"x",%progbits
 129              	    .thumb_func
 130              	    .globl  __cs3_reset_cortex_m
 131              	    .type   __cs3_reset_cortex_m, %function
 132              	__cs3_reset_cortex_m:
 133              	    .fnstart
 134 0000 0048     	    LDR     R0,=_start   
 135              		/*LDR		R0,=Startup	*/
 136 0002 0047     	    BX      R0
 137 0004 00000000 	    .pool
 138              	    .cantunwind
 139              	    .fnend
 140              	    .size   __cs3_reset_cortex_m,.-__cs3_reset_cortex_m
 141              	
 142              	    .section ".text"
 143              	
 144              	/* Exception Handlers */
 145              	
 146              	    .weak   NMI_Handler
 147              	    .type   NMI_Handler, %function
 148              	NMI_Handler:
 149 0000 FEE7     	    B       .
 150              	    .size   NMI_Handler, . - NMI_Handler
 151              	
 152              	    .weak   HardFault_Handler
 153              	    .type   HardFault_Handler, %function
 154              	HardFault_Handler:
 155 0002 FEE7     	    B       .
 156              	    .size   HardFault_Handler, . - HardFault_Handler
 157              	
 158              	    .weak   MemManage_Handler
 159              	    .type   MemManage_Handler, %function
 160              	MemManage_Handler:
 161 0004 FEE7     	    B       .
 162              	    .size   MemManage_Handler, . - MemManage_Handler
 163              	
ARM GAS  STM32F10x.s 			page 4


 164              	    .weak   BusFault_Handler
 165              	    .type   BusFault_Handler, %function
 166              	BusFault_Handler:
 167 0006 FEE7     	    B       .
 168              	    .size   BusFault_Handler, . - BusFault_Handler
 169              	
 170              	    .weak   UsageFault_Handler
 171              	    .type   UsageFault_Handler, %function
 172              	UsageFault_Handler:
 173 0008 FEE7     	    B       .
 174              	    .size   UsageFault_Handler, . - UsageFault_Handler
 175              	
 176              	    .weak   SVC_Handler
 177              	    .type   SVC_Handler, %function
 178              	SVC_Handler:
 179 000a FEE7     	    B       .
 180              	    .size   SVC_Handler, . - SVC_Handler
 181              	
 182              	    .weak   DebugMon_Handler
 183              	    .type   DebugMon_Handler, %function
 184              	DebugMon_Handler:
 185 000c FEE7     	    B       .
 186              	    .size   DebugMon_Handler, . - DebugMon_Handler
 187              	
 188              	    .weak   PendSV_Handler
 189              	    .type   PendSV_Handler, %function
 190              	PendSV_Handler:
 191 000e FEE7     	    B       .
 192              	    .size   PendSV_Handler, . - PendSV_Handler
 193              	
 194              	    .weak   SysTick_Handler
 195              	    .type   SysTick_Handler, %function
 196              	SysTick_Handler:
 197 0010 FEE7     	    B       .
 198              	    .size   SysTick_Handler, . - SysTick_Handler
 199              	
 200              	
 201              	/* IRQ Handlers */
 202              	
 203              	    .globl  Default_Handler
 204              	    .type   Default_Handler, %function
 205              	Default_Handler:
 206 0012 FEE7     	    B       .
 207              	    .size   Default_Handler, . - Default_Handler
 208              	
 209              	    .macro  IRQ handler
 210              	    .weak   \handler
 211              	    .set    \handler, Default_Handler
 212              	    .endm
 213              	
 214              	    IRQ     WWDG_IRQHandler
 214              	> .weak WWDG_IRQHandler
 214              	> .set WWDG_IRQHandler,Default_Handler
 215              	    IRQ     PVD_IRQHandler
 215              	> .weak PVD_IRQHandler
 215              	> .set PVD_IRQHandler,Default_Handler
 216              	    IRQ     TAMPER_IRQHandler
ARM GAS  STM32F10x.s 			page 5


 216              	> .weak TAMPER_IRQHandler
 216              	> .set TAMPER_IRQHandler,Default_Handler
 217              	    IRQ     RTC_IRQHandler
 217              	> .weak RTC_IRQHandler
 217              	> .set RTC_IRQHandler,Default_Handler
 218              	    IRQ     FLASH_IRQHandler
 218              	> .weak FLASH_IRQHandler
 218              	> .set FLASH_IRQHandler,Default_Handler
 219              	    IRQ     RCC_IRQHandler
 219              	> .weak RCC_IRQHandler
 219              	> .set RCC_IRQHandler,Default_Handler
 220              	    IRQ     EXTI0_IRQHandler
 220              	> .weak EXTI0_IRQHandler
 220              	> .set EXTI0_IRQHandler,Default_Handler
 221              	    IRQ     EXTI1_IRQHandler
 221              	> .weak EXTI1_IRQHandler
 221              	> .set EXTI1_IRQHandler,Default_Handler
 222              	    IRQ     EXTI2_IRQHandler
 222              	> .weak EXTI2_IRQHandler
 222              	> .set EXTI2_IRQHandler,Default_Handler
 223              	    IRQ     EXTI3_IRQHandler
 223              	> .weak EXTI3_IRQHandler
 223              	> .set EXTI3_IRQHandler,Default_Handler
 224              	    IRQ     EXTI4_IRQHandler
 224              	> .weak EXTI4_IRQHandler
 224              	> .set EXTI4_IRQHandler,Default_Handler
 225              	    IRQ     DMAChannel1_IRQHandler
 225              	> .weak DMAChannel1_IRQHandler
 225              	> .set DMAChannel1_IRQHandler,Default_Handler
 226              	    IRQ     DMAChannel2_IRQHandler
 226              	> .weak DMAChannel2_IRQHandler
 226              	> .set DMAChannel2_IRQHandler,Default_Handler
 227              	    IRQ     DMAChannel3_IRQHandler
 227              	> .weak DMAChannel3_IRQHandler
 227              	> .set DMAChannel3_IRQHandler,Default_Handler
 228              	    IRQ     DMAChannel4_IRQHandler
 228              	> .weak DMAChannel4_IRQHandler
 228              	> .set DMAChannel4_IRQHandler,Default_Handler
 229              	    IRQ     DMAChannel5_IRQHandler
 229              	> .weak DMAChannel5_IRQHandler
 229              	> .set DMAChannel5_IRQHandler,Default_Handler
 230              	    IRQ     DMAChannel6_IRQHandler
 230              	> .weak DMAChannel6_IRQHandler
 230              	> .set DMAChannel6_IRQHandler,Default_Handler
 231              	    IRQ     DMAChannel7_IRQHandler
 231              	> .weak DMAChannel7_IRQHandler
 231              	> .set DMAChannel7_IRQHandler,Default_Handler
 232              	    IRQ     ADC_IRQHandler
 232              	> .weak ADC_IRQHandler
 232              	> .set ADC_IRQHandler,Default_Handler
 233              	    IRQ     USB_HP_CAN_TX_IRQHandler
 233              	> .weak USB_HP_CAN_TX_IRQHandler
 233              	> .set USB_HP_CAN_TX_IRQHandler,Default_Handler
 234              	    IRQ     USB_LP_CAN_RX0_IRQHandler
 234              	> .weak USB_LP_CAN_RX0_IRQHandler
 234              	> .set USB_LP_CAN_RX0_IRQHandler,Default_Handler
 235              	    IRQ     CAN_RX1_IRQHandler
ARM GAS  STM32F10x.s 			page 6


 235              	> .weak CAN_RX1_IRQHandler
 235              	> .set CAN_RX1_IRQHandler,Default_Handler
 236              	    IRQ     CAN_SCE_IRQHandler
 236              	> .weak CAN_SCE_IRQHandler
 236              	> .set CAN_SCE_IRQHandler,Default_Handler
 237              	    IRQ     EXTI9_5_IRQHandler
 237              	> .weak EXTI9_5_IRQHandler
 237              	> .set EXTI9_5_IRQHandler,Default_Handler
 238              	    IRQ     TIM1_BRK_IRQHandler
 238              	> .weak TIM1_BRK_IRQHandler
 238              	> .set TIM1_BRK_IRQHandler,Default_Handler
 239              	    IRQ     TIM1_UP_IRQHandler
 239              	> .weak TIM1_UP_IRQHandler
 239              	> .set TIM1_UP_IRQHandler,Default_Handler
 240              	    IRQ     TIM1_TRG_COM_IRQHandler
 240              	> .weak TIM1_TRG_COM_IRQHandler
 240              	> .set TIM1_TRG_COM_IRQHandler,Default_Handler
 241              	    IRQ     TIM1_CC_IRQHandler
 241              	> .weak TIM1_CC_IRQHandler
 241              	> .set TIM1_CC_IRQHandler,Default_Handler
 242              	    IRQ     TIM2_IRQHandler
 242              	> .weak TIM2_IRQHandler
 242              	> .set TIM2_IRQHandler,Default_Handler
 243              	    IRQ     TIM3_IRQHandler
 243              	> .weak TIM3_IRQHandler
 243              	> .set TIM3_IRQHandler,Default_Handler
 244              	    IRQ     TIM4_IRQHandler
 244              	> .weak TIM4_IRQHandler
 244              	> .set TIM4_IRQHandler,Default_Handler
 245              	    IRQ     I2C1_EV_IRQHandler
 245              	> .weak I2C1_EV_IRQHandler
 245              	> .set I2C1_EV_IRQHandler,Default_Handler
 246              	    IRQ     I2C1_ER_IRQHandler
 246              	> .weak I2C1_ER_IRQHandler
 246              	> .set I2C1_ER_IRQHandler,Default_Handler
 247              	    IRQ     I2C2_EV_IRQHandler
 247              	> .weak I2C2_EV_IRQHandler
 247              	> .set I2C2_EV_IRQHandler,Default_Handler
 248              	    IRQ     I2C2_ER_IRQHandler
 248              	> .weak I2C2_ER_IRQHandler
 248              	> .set I2C2_ER_IRQHandler,Default_Handler
 249              	    IRQ     SPI1_IRQHandler
 249              	> .weak SPI1_IRQHandler
 249              	> .set SPI1_IRQHandler,Default_Handler
 250              	    IRQ     SPI2_IRQHandler
 250              	> .weak SPI2_IRQHandler
 250              	> .set SPI2_IRQHandler,Default_Handler
 251              	    IRQ     USART1_IRQHandler
 251              	> .weak USART1_IRQHandler
 251              	> .set USART1_IRQHandler,Default_Handler
 252              	    IRQ     USART2_IRQHandler
 252              	> .weak USART2_IRQHandler
 252              	> .set USART2_IRQHandler,Default_Handler
 253              	    IRQ     USART3_IRQHandler
 253              	> .weak USART3_IRQHandler
 253              	> .set USART3_IRQHandler,Default_Handler
 254              	    IRQ     EXTI15_10_IRQHandler
ARM GAS  STM32F10x.s 			page 7


 254              	> .weak EXTI15_10_IRQHandler
 254              	> .set EXTI15_10_IRQHandler,Default_Handler
 255              	    IRQ     RTCAlarm_IRQHandler
 255              	> .weak RTCAlarm_IRQHandler
 255              	> .set RTCAlarm_IRQHandler,Default_Handler
 256              	    IRQ     USBWakeUp_IRQHandler
 256              	> .weak USBWakeUp_IRQHandler
 256              	> .set USBWakeUp_IRQHandler,Default_Handler
 257              	
 258              	    .end
ARM GAS  STM32F10x.s 			page 8


DEFINED SYMBOLS
         STM32F10x.s:19     *ABS*:00000200 Stack_Size
         STM32F10x.s:21     .stack:00000000 $d
         STM32F10x.s:24     .stack:00000000 __cs3_stack_mem
                            *ABS*:00000200 __cs3_stack_size
         STM32F10x.s:38     *ABS*:00001000 Heap_Size
         STM32F10x.s:44     .heap:00000000 __cs3_heap_start
         STM32F10x.s:48     .heap:00001000 __cs3_heap_end
         STM32F10x.s:57     .cs3.interrupt_vector:00000000 __cs3_interrupt_vector_cortex_m
         STM32F10x.s:148    .text:00000000 NMI_Handler
         STM32F10x.s:154    .text:00000002 HardFault_Handler
         STM32F10x.s:160    .text:00000004 MemManage_Handler
         STM32F10x.s:166    .text:00000006 BusFault_Handler
         STM32F10x.s:172    .text:00000008 UsageFault_Handler
         STM32F10x.s:178    .text:0000000a SVC_Handler
         STM32F10x.s:184    .text:0000000c DebugMon_Handler
         STM32F10x.s:190    .text:0000000e PendSV_Handler
         STM32F10x.s:196    .text:00000010 SysTick_Handler
         STM32F10x.s:205    .text:00000012 WWDG_IRQHandler
         STM32F10x.s:205    .text:00000012 PVD_IRQHandler
         STM32F10x.s:205    .text:00000012 TAMPER_IRQHandler
         STM32F10x.s:205    .text:00000012 RTC_IRQHandler
         STM32F10x.s:205    .text:00000012 FLASH_IRQHandler
         STM32F10x.s:205    .text:00000012 RCC_IRQHandler
         STM32F10x.s:205    .text:00000012 EXTI0_IRQHandler
         STM32F10x.s:205    .text:00000012 EXTI1_IRQHandler
         STM32F10x.s:205    .text:00000012 EXTI2_IRQHandler
         STM32F10x.s:205    .text:00000012 EXTI3_IRQHandler
         STM32F10x.s:205    .text:00000012 EXTI4_IRQHandler
         STM32F10x.s:205    .text:00000012 DMAChannel1_IRQHandler
         STM32F10x.s:205    .text:00000012 DMAChannel2_IRQHandler
         STM32F10x.s:205    .text:00000012 DMAChannel3_IRQHandler
         STM32F10x.s:205    .text:00000012 DMAChannel4_IRQHandler
         STM32F10x.s:205    .text:00000012 DMAChannel5_IRQHandler
         STM32F10x.s:205    .text:00000012 DMAChannel6_IRQHandler
         STM32F10x.s:205    .text:00000012 DMAChannel7_IRQHandler
         STM32F10x.s:205    .text:00000012 ADC_IRQHandler
         STM32F10x.s:205    .text:00000012 USB_HP_CAN_TX_IRQHandler
         STM32F10x.s:205    .text:00000012 USB_LP_CAN_RX0_IRQHandler
         STM32F10x.s:205    .text:00000012 CAN_RX1_IRQHandler
         STM32F10x.s:205    .text:00000012 CAN_SCE_IRQHandler
         STM32F10x.s:205    .text:00000012 EXTI9_5_IRQHandler
         STM32F10x.s:205    .text:00000012 TIM1_BRK_IRQHandler
         STM32F10x.s:205    .text:00000012 TIM1_UP_IRQHandler
         STM32F10x.s:205    .text:00000012 TIM1_TRG_COM_IRQHandler
         STM32F10x.s:205    .text:00000012 TIM1_CC_IRQHandler
         STM32F10x.s:205    .text:00000012 TIM2_IRQHandler
         STM32F10x.s:205    .text:00000012 TIM3_IRQHandler
         STM32F10x.s:205    .text:00000012 TIM4_IRQHandler
         STM32F10x.s:205    .text:00000012 I2C1_EV_IRQHandler
         STM32F10x.s:205    .text:00000012 I2C1_ER_IRQHandler
         STM32F10x.s:205    .text:00000012 I2C2_EV_IRQHandler
         STM32F10x.s:205    .text:00000012 I2C2_ER_IRQHandler
         STM32F10x.s:205    .text:00000012 SPI1_IRQHandler
         STM32F10x.s:205    .text:00000012 SPI2_IRQHandler
         STM32F10x.s:205    .text:00000012 USART1_IRQHandler
         STM32F10x.s:205    .text:00000012 USART2_IRQHandler
ARM GAS  STM32F10x.s 			page 9


         STM32F10x.s:205    .text:00000012 USART3_IRQHandler
         STM32F10x.s:205    .text:00000012 EXTI15_10_IRQHandler
         STM32F10x.s:205    .text:00000012 RTCAlarm_IRQHandler
         STM32F10x.s:205    .text:00000012 USBWakeUp_IRQHandler
         STM32F10x.s:132    .cs3.reset:00000000 __cs3_reset_cortex_m
         STM32F10x.s:134    .cs3.reset:00000000 $t
         STM32F10x.s:137    .cs3.reset:00000004 $d
             .ARM.exidx.cs3.reset:00000000 $d
         STM32F10x.s:149    .text:00000000 $t
         STM32F10x.s:205    .text:00000012 Default_Handler
                   .debug_aranges:0000000c $d

UNDEFINED SYMBOLS
__cs3_stack
__cs3_reset
_start
