<!doctype html public "-//w3c//dtd html 4.0 transitional//en">
<html><head>
<title>Static Call Graph - [.\Obj\CanDemo.axf]</title></head>
<body><HR>
<H1>Static Call Graph for image .\Obj\CanDemo.axf</H1><HR>
<BR><P>#&#060CALLGRAPH&#062# ARM Linker, RVCT3.1 [Build 942]: Last Updated: Thu Jul 02 15:47:28 2009
<BR><P>
<H3>Maximum Stack Usage =         52 bytes + Unknown(Cycles, Untraceable Function Pointers)</H3><H3>
Call chain for Maximum Stack Depth:</H3>
main &rArr; val_display &rArr; lcd_print &rArr; lcd_putchar &rArr; lcd_write_data &rArr; wait_while_busy &rArr; lcd_read_status
<P>
<H3>
Mutually Recursive functions
</H3> <LI><a href="#[b133a8]">NMI_Handler</a>&nbsp;&nbsp;&nbsp;&rArr;&nbsp;&nbsp;&nbsp;<a href="#[b133a8]">NMI_Handler</a><BR>
 <LI><a href="#[b13360]">HardFault_Handler</a>&nbsp;&nbsp;&nbsp;&rArr;&nbsp;&nbsp;&nbsp;<a href="#[b13360]">HardFault_Handler</a><BR>
 <LI><a href="#[b13318]">MemManage_Handler</a>&nbsp;&nbsp;&nbsp;&rArr;&nbsp;&nbsp;&nbsp;<a href="#[b13318]">MemManage_Handler</a><BR>
 <LI><a href="#[b132d0]">BusFault_Handler</a>&nbsp;&nbsp;&nbsp;&rArr;&nbsp;&nbsp;&nbsp;<a href="#[b132d0]">BusFault_Handler</a><BR>
 <LI><a href="#[b13288]">UsageFault_Handler</a>&nbsp;&nbsp;&nbsp;&rArr;&nbsp;&nbsp;&nbsp;<a href="#[b13288]">UsageFault_Handler</a><BR>
 <LI><a href="#[b13240]">SVC_Handler</a>&nbsp;&nbsp;&nbsp;&rArr;&nbsp;&nbsp;&nbsp;<a href="#[b13240]">SVC_Handler</a><BR>
 <LI><a href="#[b131f8]">DebugMon_Handler</a>&nbsp;&nbsp;&nbsp;&rArr;&nbsp;&nbsp;&nbsp;<a href="#[b131f8]">DebugMon_Handler</a><BR>
 <LI><a href="#[b131b0]">PendSV_Handler</a>&nbsp;&nbsp;&nbsp;&rArr;&nbsp;&nbsp;&nbsp;<a href="#[b131b0]">PendSV_Handler</a><BR>
 <LI><a href="#[b13168]">SysTick_Handler</a>&nbsp;&nbsp;&nbsp;&rArr;&nbsp;&nbsp;&nbsp;<a href="#[b13168]">SysTick_Handler</a><BR>
 <LI><a href="#[b13120]">ADC_IRQHandler</a>&nbsp;&nbsp;&nbsp;&rArr;&nbsp;&nbsp;&nbsp;<a href="#[b13120]">ADC_IRQHandler</a><BR>
</UL>
<P>
<H3>
Function Pointers
</H3><UL>
 <LI><a href="#[b133f0]">Reset_Handler</a>
 <LI><a href="#[b133a8]">NMI_Handler</a>
 <LI><a href="#[b13360]">HardFault_Handler</a>
 <LI><a href="#[b13318]">MemManage_Handler</a>
 <LI><a href="#[b132d0]">BusFault_Handler</a>
 <LI><a href="#[b13288]">UsageFault_Handler</a>
 <LI><a href="#[b13240]">SVC_Handler</a>
 <LI><a href="#[b131f8]">DebugMon_Handler</a>
 <LI><a href="#[b131b0]">PendSV_Handler</a>
 <LI><a href="#[b13168]">SysTick_Handler</a>
 <LI><a href="#[b12550]">WWDG_IRQHandler</a>
 <LI><a href="#[b12af0]">PVD_IRQHandler</a>
 <LI><a href="#[b12940]">TAMPER_IRQHandler</a>
 <LI><a href="#[b12a18]">RTC_IRQHandler</a>
 <LI><a href="#[b12c58]">FLASH_IRQHandler</a>
 <LI><a href="#[b12aa8]">RCC_IRQHandler</a>
 <LI><a href="#[b12e50]">EXTI0_IRQHandler</a>
 <LI><a href="#[b12dc0]">EXTI1_IRQHandler</a>
 <LI><a href="#[b12d78]">EXTI2_IRQHandler</a>
 <LI><a href="#[b12d30]">EXTI3_IRQHandler</a>
 <LI><a href="#[b12ce8]">EXTI4_IRQHandler</a>
 <LI><a href="#[b13048]">DMAChannel1_IRQHandler</a>
 <LI><a href="#[b13000]">DMAChannel2_IRQHandler</a>
 <LI><a href="#[b12fb8]">DMAChannel3_IRQHandler</a>
 <LI><a href="#[b12f70]">DMAChannel4_IRQHandler</a>
 <LI><a href="#[b12f28]">DMAChannel5_IRQHandler</a>
 <LI><a href="#[b12ee0]">DMAChannel6_IRQHandler</a>
 <LI><a href="#[b12e98]">DMAChannel7_IRQHandler</a>
 <LI><a href="#[b13120]">ADC_IRQHandler</a>
 <LI><a href="#[b125e0]">USB_HP_CAN_TX_IRQHandler</a>
 <LI><a href="#[b12598]">USB_LP_CAN_RX0_IRQHandler</a>
 <LI><a href="#[b130d8]">CAN_RX1_IRQHandler</a>
 <LI><a href="#[b13090]">CAN_SCE_IRQHandler</a>
 <LI><a href="#[b12ca0]">EXTI9_5_IRQHandler</a>
 <LI><a href="#[b128f8]">TIM1_BRK_IRQHandler</a>
 <LI><a href="#[b12820]">TIM1_UP_IRQHandler</a>
 <LI><a href="#[b12868]">TIM1_TRG_COM_IRQHandler</a>
 <LI><a href="#[b128b0]">TIM1_CC_IRQHandler</a>
 <LI><a href="#[b127d8]">TIM2_IRQHandler</a>
 <LI><a href="#[b12790]">TIM3_IRQHandler</a>
 <LI><a href="#[b12748]">TIM4_IRQHandler</a>
 <LI><a href="#[b12bc8]">I2C1_EV_IRQHandler</a>
 <LI><a href="#[b12c10]">I2C1_ER_IRQHandler</a>
 <LI><a href="#[b12b38]">I2C2_EV_IRQHandler</a>
 <LI><a href="#[b12b80]">I2C2_ER_IRQHandler</a>
 <LI><a href="#[b129d0]">SPI1_IRQHandler</a>
 <LI><a href="#[b12988]">SPI2_IRQHandler</a>
 <LI><a href="#[b12700]">USART1_IRQHandler</a>
 <LI><a href="#[b126b8]">USART2_IRQHandler</a>
 <LI><a href="#[b12670]">USART3_IRQHandler</a>
 <LI><a href="#[b12e08]">EXTI15_10_IRQHandler</a>
 <LI><a href="#[b12a60]">RTCAlarm_IRQHandler</a>
 <LI><a href="#[b12628]">USBWakeUp_IRQHandler</a>
 <LI><a href="#[b05490]">main</a>
 <LI><a href="#[b04c38]">__main</a>
</UL>
<P>
<H3>
Global Symbols
</H3>
<P><STRONG><a name="[b04c38]"></a>__main</STRONG> (Thumb, 8 bytes, Stack size 0 bytes, entry.o($$startup$$))
<BR><BR>[Calls]<UL><LI><a href="#[b04740]">&gt;&gt;</a>&nbsp;&nbsp;&nbsp;__init
</UL>

<P><STRONG><a name="[b04788]"></a>__call_main</STRONG> (Thumb, 2 bytes, Stack size 0 bytes, init.o(.emb_text))
<BR><BR>[Called By]<UL><LI><a href="#[b04740]">&gt;&gt;</a>&nbsp;&nbsp;&nbsp;__init
</UL>

<P><STRONG><a name="[b04740]"></a>__init</STRONG> (Thumb, 30 bytes, Stack size 0 bytes, init.o(.text))
<BR><BR>[Calls]<UL><LI><a href="#[b04788]">&gt;&gt;</a>&nbsp;&nbsp;&nbsp;__call_main
</UL>
<BR>[Called By]<UL><LI><a href="#[b04c38]">&gt;&gt;</a>&nbsp;&nbsp;&nbsp;__main
</UL>

<P><STRONG><a name="[b046f8]"></a>__scatterload_rt2</STRONG> (Thumb, 0 bytes, Stack size 0 bytes, init.o(.text), UNUSED)

<P><STRONG><a name="[b041d0]"></a>__scatterload_copy</STRONG> (Thumb, 14 bytes, Stack size unknown bytes, handlers.o(i.__scatterload_copy), UNUSED)

<P><STRONG><a name="[b04188]"></a>__scatterload_null</STRONG> (Thumb, 2 bytes, Stack size unknown bytes, handlers.o(i.__scatterload_null), UNUSED)

<P><STRONG><a name="[b04140]"></a>__scatterload_zeroinit</STRONG> (Thumb, 14 bytes, Stack size unknown bytes, handlers.o(i.__scatterload_zeroinit), UNUSED)

<P><STRONG><a name="[b133f0]"></a>Reset_Handler</STRONG> (Thumb, 4 bytes, Stack size 0 bytes, stm32f10x.o(.text))

<P><STRONG><a name="[b133a8]"></a>NMI_Handler</STRONG> (Thumb, 2 bytes, Stack size 0 bytes, stm32f10x.o(.text))
<BR><BR>[Calls]<UL><LI><a href="#[b133a8]">&gt;&gt;</a>&nbsp;&nbsp;&nbsp;NMI_Handler
</UL>
<BR>[Called By]<UL><LI><a href="#[b133a8]">&gt;&gt;</a>&nbsp;&nbsp;&nbsp;NMI_Handler
</UL>
<BR>[Address Reference Count : 1]<UL><LI> stm32f10x.o(RESET)
</UL>
<P><STRONG><a name="[b13360]"></a>HardFault_Handler</STRONG> (Thumb, 2 bytes, Stack size 0 bytes, stm32f10x.o(.text))
<BR><BR>[Calls]<UL><LI><a href="#[b13360]">&gt;&gt;</a>&nbsp;&nbsp;&nbsp;HardFault_Handler
</UL>
<BR>[Called By]<UL><LI><a href="#[b13360]">&gt;&gt;</a>&nbsp;&nbsp;&nbsp;HardFault_Handler
</UL>
<BR>[Address Reference Count : 1]<UL><LI> stm32f10x.o(RESET)
</UL>
<P><STRONG><a name="[b13318]"></a>MemManage_Handler</STRONG> (Thumb, 2 bytes, Stack size 0 bytes, stm32f10x.o(.text))
<BR><BR>[Calls]<UL><LI><a href="#[b13318]">&gt;&gt;</a>&nbsp;&nbsp;&nbsp;MemManage_Handler
</UL>
<BR>[Called By]<UL><LI><a href="#[b13318]">&gt;&gt;</a>&nbsp;&nbsp;&nbsp;MemManage_Handler
</UL>
<BR>[Address Reference Count : 1]<UL><LI> stm32f10x.o(RESET)
</UL>
<P><STRONG><a name="[b132d0]"></a>BusFault_Handler</STRONG> (Thumb, 2 bytes, Stack size 0 bytes, stm32f10x.o(.text))
<BR><BR>[Calls]<UL><LI><a href="#[b132d0]">&gt;&gt;</a>&nbsp;&nbsp;&nbsp;BusFault_Handler
</UL>
<BR>[Called By]<UL><LI><a href="#[b132d0]">&gt;&gt;</a>&nbsp;&nbsp;&nbsp;BusFault_Handler
</UL>
<BR>[Address Reference Count : 1]<UL><LI> stm32f10x.o(RESET)
</UL>
<P><STRONG><a name="[b13288]"></a>UsageFault_Handler</STRONG> (Thumb, 2 bytes, Stack size 0 bytes, stm32f10x.o(.text))
<BR><BR>[Calls]<UL><LI><a href="#[b13288]">&gt;&gt;</a>&nbsp;&nbsp;&nbsp;UsageFault_Handler
</UL>
<BR>[Called By]<UL><LI><a href="#[b13288]">&gt;&gt;</a>&nbsp;&nbsp;&nbsp;UsageFault_Handler
</UL>
<BR>[Address Reference Count : 1]<UL><LI> stm32f10x.o(RESET)
</UL>
<P><STRONG><a name="[b13240]"></a>SVC_Handler</STRONG> (Thumb, 2 bytes, Stack size 0 bytes, stm32f10x.o(.text))
<BR><BR>[Calls]<UL><LI><a href="#[b13240]">&gt;&gt;</a>&nbsp;&nbsp;&nbsp;SVC_Handler
</UL>
<BR>[Called By]<UL><LI><a href="#[b13240]">&gt;&gt;</a>&nbsp;&nbsp;&nbsp;SVC_Handler
</UL>
<BR>[Address Reference Count : 1]<UL><LI> stm32f10x.o(RESET)
</UL>
<P><STRONG><a name="[b131f8]"></a>DebugMon_Handler</STRONG> (Thumb, 2 bytes, Stack size 0 bytes, stm32f10x.o(.text))
<BR><BR>[Calls]<UL><LI><a href="#[b131f8]">&gt;&gt;</a>&nbsp;&nbsp;&nbsp;DebugMon_Handler
</UL>
<BR>[Called By]<UL><LI><a href="#[b131f8]">&gt;&gt;</a>&nbsp;&nbsp;&nbsp;DebugMon_Handler
</UL>
<BR>[Address Reference Count : 1]<UL><LI> stm32f10x.o(RESET)
</UL>
<P><STRONG><a name="[b131b0]"></a>PendSV_Handler</STRONG> (Thumb, 2 bytes, Stack size 0 bytes, stm32f10x.o(.text))
<BR><BR>[Calls]<UL><LI><a href="#[b131b0]">&gt;&gt;</a>&nbsp;&nbsp;&nbsp;PendSV_Handler
</UL>
<BR>[Called By]<UL><LI><a href="#[b131b0]">&gt;&gt;</a>&nbsp;&nbsp;&nbsp;PendSV_Handler
</UL>
<BR>[Address Reference Count : 1]<UL><LI> stm32f10x.o(RESET)
</UL>
<P><STRONG><a name="[b13168]"></a>SysTick_Handler</STRONG> (Thumb, 2 bytes, Stack size 0 bytes, stm32f10x.o(.text))
<BR><BR>[Calls]<UL><LI><a href="#[b13168]">&gt;&gt;</a>&nbsp;&nbsp;&nbsp;SysTick_Handler
</UL>
<BR>[Called By]<UL><LI><a href="#[b13168]">&gt;&gt;</a>&nbsp;&nbsp;&nbsp;SysTick_Handler
</UL>
<BR>[Address Reference Count : 1]<UL><LI> stm32f10x.o(RESET)
</UL>
<P><STRONG><a name="[b13120]"></a>ADC_IRQHandler</STRONG> (Thumb, 0 bytes, Stack size 0 bytes, stm32f10x.o(.text))
<BR><BR>[Calls]<UL><LI><a href="#[b13120]">&gt;&gt;</a>&nbsp;&nbsp;&nbsp;ADC_IRQHandler
</UL>
<BR>[Called By]<UL><LI><a href="#[b13120]">&gt;&gt;</a>&nbsp;&nbsp;&nbsp;ADC_IRQHandler
</UL>
<BR>[Address Reference Count : 1]<UL><LI> stm32f10x.o(RESET)
</UL>
<P><STRONG><a name="[b130d8]"></a>CAN_RX1_IRQHandler</STRONG> (Thumb, 0 bytes, Stack size 0 bytes, stm32f10x.o(.text))
<BR>[Address Reference Count : 1]<UL><LI> stm32f10x.o(RESET)
</UL>
<P><STRONG><a name="[b13090]"></a>CAN_SCE_IRQHandler</STRONG> (Thumb, 0 bytes, Stack size 0 bytes, stm32f10x.o(.text))
<BR>[Address Reference Count : 1]<UL><LI> stm32f10x.o(RESET)
</UL>
<P><STRONG><a name="[b13048]"></a>DMAChannel1_IRQHandler</STRONG> (Thumb, 0 bytes, Stack size 0 bytes, stm32f10x.o(.text))
<BR>[Address Reference Count : 1]<UL><LI> stm32f10x.o(RESET)
</UL>
<P><STRONG><a name="[b13000]"></a>DMAChannel2_IRQHandler</STRONG> (Thumb, 0 bytes, Stack size 0 bytes, stm32f10x.o(.text))
<BR>[Address Reference Count : 1]<UL><LI> stm32f10x.o(RESET)
</UL>
<P><STRONG><a name="[b12fb8]"></a>DMAChannel3_IRQHandler</STRONG> (Thumb, 0 bytes, Stack size 0 bytes, stm32f10x.o(.text))
<BR>[Address Reference Count : 1]<UL><LI> stm32f10x.o(RESET)
</UL>
<P><STRONG><a name="[b12f70]"></a>DMAChannel4_IRQHandler</STRONG> (Thumb, 0 bytes, Stack size 0 bytes, stm32f10x.o(.text))
<BR>[Address Reference Count : 1]<UL><LI> stm32f10x.o(RESET)
</UL>
<P><STRONG><a name="[b12f28]"></a>DMAChannel5_IRQHandler</STRONG> (Thumb, 0 bytes, Stack size 0 bytes, stm32f10x.o(.text))
<BR>[Address Reference Count : 1]<UL><LI> stm32f10x.o(RESET)
</UL>
<P><STRONG><a name="[b12ee0]"></a>DMAChannel6_IRQHandler</STRONG> (Thumb, 0 bytes, Stack size 0 bytes, stm32f10x.o(.text))
<BR>[Address Reference Count : 1]<UL><LI> stm32f10x.o(RESET)
</UL>
<P><STRONG><a name="[b12e98]"></a>DMAChannel7_IRQHandler</STRONG> (Thumb, 0 bytes, Stack size 0 bytes, stm32f10x.o(.text))
<BR>[Address Reference Count : 1]<UL><LI> stm32f10x.o(RESET)
</UL>
<P><STRONG><a name="[b12e50]"></a>EXTI0_IRQHandler</STRONG> (Thumb, 0 bytes, Stack size 0 bytes, stm32f10x.o(.text))
<BR>[Address Reference Count : 1]<UL><LI> stm32f10x.o(RESET)
</UL>
<P><STRONG><a name="[b12e08]"></a>EXTI15_10_IRQHandler</STRONG> (Thumb, 0 bytes, Stack size 0 bytes, stm32f10x.o(.text))
<BR>[Address Reference Count : 1]<UL><LI> stm32f10x.o(RESET)
</UL>
<P><STRONG><a name="[b12dc0]"></a>EXTI1_IRQHandler</STRONG> (Thumb, 0 bytes, Stack size 0 bytes, stm32f10x.o(.text))
<BR>[Address Reference Count : 1]<UL><LI> stm32f10x.o(RESET)
</UL>
<P><STRONG><a name="[b12d78]"></a>EXTI2_IRQHandler</STRONG> (Thumb, 0 bytes, Stack size 0 bytes, stm32f10x.o(.text))
<BR>[Address Reference Count : 1]<UL><LI> stm32f10x.o(RESET)
</UL>
<P><STRONG><a name="[b12d30]"></a>EXTI3_IRQHandler</STRONG> (Thumb, 0 bytes, Stack size 0 bytes, stm32f10x.o(.text))
<BR>[Address Reference Count : 1]<UL><LI> stm32f10x.o(RESET)
</UL>
<P><STRONG><a name="[b12ce8]"></a>EXTI4_IRQHandler</STRONG> (Thumb, 0 bytes, Stack size 0 bytes, stm32f10x.o(.text))
<BR>[Address Reference Count : 1]<UL><LI> stm32f10x.o(RESET)
</UL>
<P><STRONG><a name="[b12ca0]"></a>EXTI9_5_IRQHandler</STRONG> (Thumb, 0 bytes, Stack size 0 bytes, stm32f10x.o(.text))
<BR>[Address Reference Count : 1]<UL><LI> stm32f10x.o(RESET)
</UL>
<P><STRONG><a name="[b12c58]"></a>FLASH_IRQHandler</STRONG> (Thumb, 0 bytes, Stack size 0 bytes, stm32f10x.o(.text))
<BR>[Address Reference Count : 1]<UL><LI> stm32f10x.o(RESET)
</UL>
<P><STRONG><a name="[b12c10]"></a>I2C1_ER_IRQHandler</STRONG> (Thumb, 0 bytes, Stack size 0 bytes, stm32f10x.o(.text))
<BR>[Address Reference Count : 1]<UL><LI> stm32f10x.o(RESET)
</UL>
<P><STRONG><a name="[b12bc8]"></a>I2C1_EV_IRQHandler</STRONG> (Thumb, 0 bytes, Stack size 0 bytes, stm32f10x.o(.text))
<BR>[Address Reference Count : 1]<UL><LI> stm32f10x.o(RESET)
</UL>
<P><STRONG><a name="[b12b80]"></a>I2C2_ER_IRQHandler</STRONG> (Thumb, 0 bytes, Stack size 0 bytes, stm32f10x.o(.text))
<BR>[Address Reference Count : 1]<UL><LI> stm32f10x.o(RESET)
</UL>
<P><STRONG><a name="[b12b38]"></a>I2C2_EV_IRQHandler</STRONG> (Thumb, 0 bytes, Stack size 0 bytes, stm32f10x.o(.text))
<BR>[Address Reference Count : 1]<UL><LI> stm32f10x.o(RESET)
</UL>
<P><STRONG><a name="[b12af0]"></a>PVD_IRQHandler</STRONG> (Thumb, 0 bytes, Stack size 0 bytes, stm32f10x.o(.text))
<BR>[Address Reference Count : 1]<UL><LI> stm32f10x.o(RESET)
</UL>
<P><STRONG><a name="[b12aa8]"></a>RCC_IRQHandler</STRONG> (Thumb, 0 bytes, Stack size 0 bytes, stm32f10x.o(.text))
<BR>[Address Reference Count : 1]<UL><LI> stm32f10x.o(RESET)
</UL>
<P><STRONG><a name="[b12a60]"></a>RTCAlarm_IRQHandler</STRONG> (Thumb, 0 bytes, Stack size 0 bytes, stm32f10x.o(.text))
<BR>[Address Reference Count : 1]<UL><LI> stm32f10x.o(RESET)
</UL>
<P><STRONG><a name="[b12a18]"></a>RTC_IRQHandler</STRONG> (Thumb, 0 bytes, Stack size 0 bytes, stm32f10x.o(.text))
<BR>[Address Reference Count : 1]<UL><LI> stm32f10x.o(RESET)
</UL>
<P><STRONG><a name="[b129d0]"></a>SPI1_IRQHandler</STRONG> (Thumb, 0 bytes, Stack size 0 bytes, stm32f10x.o(.text))
<BR>[Address Reference Count : 1]<UL><LI> stm32f10x.o(RESET)
</UL>
<P><STRONG><a name="[b12988]"></a>SPI2_IRQHandler</STRONG> (Thumb, 0 bytes, Stack size 0 bytes, stm32f10x.o(.text))
<BR>[Address Reference Count : 1]<UL><LI> stm32f10x.o(RESET)
</UL>
<P><STRONG><a name="[b12940]"></a>TAMPER_IRQHandler</STRONG> (Thumb, 0 bytes, Stack size 0 bytes, stm32f10x.o(.text))
<BR>[Address Reference Count : 1]<UL><LI> stm32f10x.o(RESET)
</UL>
<P><STRONG><a name="[b128f8]"></a>TIM1_BRK_IRQHandler</STRONG> (Thumb, 0 bytes, Stack size 0 bytes, stm32f10x.o(.text))
<BR>[Address Reference Count : 1]<UL><LI> stm32f10x.o(RESET)
</UL>
<P><STRONG><a name="[b128b0]"></a>TIM1_CC_IRQHandler</STRONG> (Thumb, 0 bytes, Stack size 0 bytes, stm32f10x.o(.text))
<BR>[Address Reference Count : 1]<UL><LI> stm32f10x.o(RESET)
</UL>
<P><STRONG><a name="[b12868]"></a>TIM1_TRG_COM_IRQHandler</STRONG> (Thumb, 0 bytes, Stack size 0 bytes, stm32f10x.o(.text))
<BR>[Address Reference Count : 1]<UL><LI> stm32f10x.o(RESET)
</UL>
<P><STRONG><a name="[b12820]"></a>TIM1_UP_IRQHandler</STRONG> (Thumb, 0 bytes, Stack size 0 bytes, stm32f10x.o(.text))
<BR>[Address Reference Count : 1]<UL><LI> stm32f10x.o(RESET)
</UL>
<P><STRONG><a name="[b127d8]"></a>TIM2_IRQHandler</STRONG> (Thumb, 0 bytes, Stack size 0 bytes, stm32f10x.o(.text))
<BR>[Address Reference Count : 1]<UL><LI> stm32f10x.o(RESET)
</UL>
<P><STRONG><a name="[b12790]"></a>TIM3_IRQHandler</STRONG> (Thumb, 0 bytes, Stack size 0 bytes, stm32f10x.o(.text))
<BR>[Address Reference Count : 1]<UL><LI> stm32f10x.o(RESET)
</UL>
<P><STRONG><a name="[b12748]"></a>TIM4_IRQHandler</STRONG> (Thumb, 0 bytes, Stack size 0 bytes, stm32f10x.o(.text))
<BR>[Address Reference Count : 1]<UL><LI> stm32f10x.o(RESET)
</UL>
<P><STRONG><a name="[b12700]"></a>USART1_IRQHandler</STRONG> (Thumb, 0 bytes, Stack size 0 bytes, stm32f10x.o(.text))
<BR>[Address Reference Count : 1]<UL><LI> stm32f10x.o(RESET)
</UL>
<P><STRONG><a name="[b126b8]"></a>USART2_IRQHandler</STRONG> (Thumb, 0 bytes, Stack size 0 bytes, stm32f10x.o(.text))
<BR>[Address Reference Count : 1]<UL><LI> stm32f10x.o(RESET)
</UL>
<P><STRONG><a name="[b12670]"></a>USART3_IRQHandler</STRONG> (Thumb, 0 bytes, Stack size 0 bytes, stm32f10x.o(.text))
<BR>[Address Reference Count : 1]<UL><LI> stm32f10x.o(RESET)
</UL>
<P><STRONG><a name="[b12628]"></a>USBWakeUp_IRQHandler</STRONG> (Thumb, 0 bytes, Stack size 0 bytes, stm32f10x.o(.text))
<BR>[Address Reference Count : 1]<UL><LI> stm32f10x.o(RESET)
</UL>
<P><STRONG><a name="[b12550]"></a>WWDG_IRQHandler</STRONG> (Thumb, 0 bytes, Stack size 0 bytes, stm32f10x.o(.text))
<BR>[Address Reference Count : 1]<UL><LI> stm32f10x.o(RESET)
</UL>
<P><STRONG><a name="[b0e760]"></a>stm32_EfiSetup</STRONG> (Thumb, 8 bytes, Stack size 0 bytes, stm32_init.o(.text))
<BR><BR>[Called By]<UL><LI><a href="#[b0e400]">&gt;&gt;</a>&nbsp;&nbsp;&nbsp;stm32_Init
</UL>

<P><STRONG><a name="[b0e718]"></a>stm32_ClockSetup</STRONG> (Thumb, 52 bytes, Stack size 0 bytes, stm32_init.o(.text))
<BR><BR>[Called By]<UL><LI><a href="#[b0e400]">&gt;&gt;</a>&nbsp;&nbsp;&nbsp;stm32_Init
</UL>

<P><STRONG><a name="[b0e6d0]"></a>stm32_NvicSetup</STRONG> (Thumb, 4 bytes, Stack size 0 bytes, stm32_init.o(.text), UNUSED)

<P><STRONG><a name="[b0e688]"></a>stm32_IwdgSetup</STRONG> (Thumb, 32 bytes, Stack size 0 bytes, stm32_init.o(.text), UNUSED)

<P><STRONG><a name="[b0e640]"></a>stm32_SysTickSetup</STRONG> (Thumb, 28 bytes, Stack size 0 bytes, stm32_init.o(.text), UNUSED)

<P><STRONG><a name="[b0e5f8]"></a>stm32_RtcSetup</STRONG> (Thumb, 182 bytes, Stack size 0 bytes, stm32_init.o(.text), UNUSED)

<P><STRONG><a name="[b0e5b0]"></a>stm32_TimerSetup</STRONG> (Thumb, 10 bytes, Stack size 0 bytes, stm32_init.o(.text), UNUSED)

<P><STRONG><a name="[b0e568]"></a>stm32_GpioSetup</STRONG> (Thumb, 34 bytes, Stack size 0 bytes, stm32_init.o(.text))
<BR><BR>[Called By]<UL><LI><a href="#[b0e400]">&gt;&gt;</a>&nbsp;&nbsp;&nbsp;stm32_Init
</UL>

<P><STRONG><a name="[b0e520]"></a>stm32_UsartSetup</STRONG> (Thumb, 8 bytes, Stack size 0 bytes, stm32_init.o(.text), UNUSED)

<P><STRONG><a name="[b0e4d8]"></a>stm32_ExtiSetup</STRONG> (Thumb, 34 bytes, Stack size 0 bytes, stm32_init.o(.text), UNUSED)

<P><STRONG><a name="[b0e490]"></a>stm32_AfRemapSetup</STRONG> (Thumb, 24 bytes, Stack size 0 bytes, stm32_init.o(.text), UNUSED)

<P><STRONG><a name="[b0e448]"></a>stm32_TamperSetup</STRONG> (Thumb, 102 bytes, Stack size 0 bytes, stm32_init.o(.text), UNUSED)

<P><STRONG><a name="[b0e400]"></a>stm32_Init</STRONG> (Thumb, 16 bytes, Stack size 4 bytes, stm32_init.o(.text))
<BR><BR>[Stack]<UL><LI>Max Depth = 4<LI>Call Chain = stm32_Init
</UL>
<BR>[Calls]<UL><LI><a href="#[b0e568]">&gt;&gt;</a>&nbsp;&nbsp;&nbsp;stm32_GpioSetup
<LI><a href="#[b0e718]">&gt;&gt;</a>&nbsp;&nbsp;&nbsp;stm32_ClockSetup
<LI><a href="#[b0e760]">&gt;&gt;</a>&nbsp;&nbsp;&nbsp;stm32_EfiSetup
</UL>
<BR>[Called By]<UL><LI><a href="#[b05490]">&gt;&gt;</a>&nbsp;&nbsp;&nbsp;main
</UL>

<P><STRONG><a name="[b0e3b8]"></a>stm32_GetPCLK1</STRONG> (Thumb, 4 bytes, Stack size 0 bytes, stm32_init.o(.text))
<BR><BR>[Called By]<UL><LI><a href="#[b08230]">&gt;&gt;</a>&nbsp;&nbsp;&nbsp;CAN_setup
</UL>

<P><STRONG><a name="[b0af50]"></a>lcd_write_4bit</STRONG> (Thumb, 76 bytes, Stack size 4 bytes, lcd_4bit.o(.text))
<BR><BR>[Stack]<UL><LI>Max Depth = 4<LI>Call Chain = lcd_write_4bit
</UL>
<BR>[Calls]<UL><LI><a href="#[b0c198]">&gt;&gt;</a>&nbsp;&nbsp;&nbsp;delay
</UL>
<BR>[Called By]<UL><LI><a href="#[b0ae78]">&gt;&gt;</a>&nbsp;&nbsp;&nbsp;lcd_init
<LI><a href="#[b0af08]">&gt;&gt;</a>&nbsp;&nbsp;&nbsp;lcd_write_cmd
<LI><a href="#[b0c0c0]">&gt;&gt;</a>&nbsp;&nbsp;&nbsp;lcd_write_data
</UL>

<P><STRONG><a name="[b0af08]"></a>lcd_write_cmd</STRONG> (Thumb, 34 bytes, Stack size 8 bytes, lcd_4bit.o(.text))
<BR><BR>[Stack]<UL><LI>Max Depth = 20<LI>Call Chain = lcd_write_cmd &rArr; wait_while_busy &rArr; lcd_read_status
</UL>
<BR>[Calls]<UL><LI><a href="#[b0af50]">&gt;&gt;</a>&nbsp;&nbsp;&nbsp;lcd_write_4bit
<LI><a href="#[b0c108]">&gt;&gt;</a>&nbsp;&nbsp;&nbsp;wait_while_busy
</UL>
<BR>[Called By]<UL><LI><a href="#[b0ade8]">&gt;&gt;</a>&nbsp;&nbsp;&nbsp;lcd_clear
<LI><a href="#[b0ae30]">&gt;&gt;</a>&nbsp;&nbsp;&nbsp;set_cursor
<LI><a href="#[b0ae78]">&gt;&gt;</a>&nbsp;&nbsp;&nbsp;lcd_init
</UL>

<P><STRONG><a name="[b0aec0]"></a>lcd_putchar</STRONG> (Thumb, 12 bytes, Stack size 8 bytes, lcd_4bit.o(.text))
<BR><BR>[Stack]<UL><LI>Max Depth = 28<LI>Call Chain = lcd_putchar &rArr; lcd_write_data &rArr; wait_while_busy &rArr; lcd_read_status
</UL>
<BR>[Calls]<UL><LI><a href="#[b0c0c0]">&gt;&gt;</a>&nbsp;&nbsp;&nbsp;lcd_write_data
</UL>
<BR>[Called By]<UL><LI><a href="#[b0ad10]">&gt;&gt;</a>&nbsp;&nbsp;&nbsp;lcd_bargraphXY
<LI><a href="#[b0ad58]">&gt;&gt;</a>&nbsp;&nbsp;&nbsp;lcd_bargraph
<LI><a href="#[b0ada0]">&gt;&gt;</a>&nbsp;&nbsp;&nbsp;lcd_print
<LI><a href="#[b0ae78]">&gt;&gt;</a>&nbsp;&nbsp;&nbsp;lcd_init
</UL>

<P><STRONG><a name="[b0ae78]"></a>lcd_init</STRONG> (Thumb, 158 bytes, Stack size 12 bytes, lcd_4bit.o(.text))
<BR><BR>[Stack]<UL><LI>Max Depth = 40<LI>Call Chain = lcd_init &rArr; lcd_putchar &rArr; lcd_write_data &rArr; wait_while_busy &rArr; lcd_read_status
</UL>
<BR>[Calls]<UL><LI><a href="#[b0aec0]">&gt;&gt;</a>&nbsp;&nbsp;&nbsp;lcd_putchar
<LI><a href="#[b0af08]">&gt;&gt;</a>&nbsp;&nbsp;&nbsp;lcd_write_cmd
<LI><a href="#[b0af50]">&gt;&gt;</a>&nbsp;&nbsp;&nbsp;lcd_write_4bit
<LI><a href="#[b0c198]">&gt;&gt;</a>&nbsp;&nbsp;&nbsp;delay
</UL>
<BR>[Called By]<UL><LI><a href="#[b05490]">&gt;&gt;</a>&nbsp;&nbsp;&nbsp;main
</UL>

<P><STRONG><a name="[b0ae30]"></a>set_cursor</STRONG> (Thumb, 30 bytes, Stack size 16 bytes, lcd_4bit.o(.text))
<BR><BR>[Stack]<UL><LI>Max Depth = 36<LI>Call Chain = set_cursor &rArr; lcd_write_cmd &rArr; wait_while_busy &rArr; lcd_read_status
</UL>
<BR>[Calls]<UL><LI><a href="#[b0af08]">&gt;&gt;</a>&nbsp;&nbsp;&nbsp;lcd_write_cmd
</UL>
<BR>[Called By]<UL><LI><a href="#[b05490]">&gt;&gt;</a>&nbsp;&nbsp;&nbsp;main
<LI><a href="#[b05520]">&gt;&gt;</a>&nbsp;&nbsp;&nbsp;val_display
<LI><a href="#[b0ad10]">&gt;&gt;</a>&nbsp;&nbsp;&nbsp;lcd_bargraphXY
<LI><a href="#[b0ade8]">&gt;&gt;</a>&nbsp;&nbsp;&nbsp;lcd_clear
</UL>

<P><STRONG><a name="[b0ade8]"></a>lcd_clear</STRONG> (Thumb, 18 bytes, Stack size 4 bytes, lcd_4bit.o(.text))
<BR><BR>[Stack]<UL><LI>Max Depth = 40<LI>Call Chain = lcd_clear &rArr; set_cursor &rArr; lcd_write_cmd &rArr; wait_while_busy &rArr; lcd_read_status
</UL>
<BR>[Calls]<UL><LI><a href="#[b0ae30]">&gt;&gt;</a>&nbsp;&nbsp;&nbsp;set_cursor
<LI><a href="#[b0af08]">&gt;&gt;</a>&nbsp;&nbsp;&nbsp;lcd_write_cmd
</UL>
<BR>[Called By]<UL><LI><a href="#[b05490]">&gt;&gt;</a>&nbsp;&nbsp;&nbsp;main
</UL>

<P><STRONG><a name="[b0ada0]"></a>lcd_print</STRONG> (Thumb, 22 bytes, Stack size 8 bytes, lcd_4bit.o(.text))
<BR><BR>[Stack]<UL><LI>Max Depth = 36<LI>Call Chain = lcd_print &rArr; lcd_putchar &rArr; lcd_write_data &rArr; wait_while_busy &rArr; lcd_read_status
</UL>
<BR>[Calls]<UL><LI><a href="#[b0aec0]">&gt;&gt;</a>&nbsp;&nbsp;&nbsp;lcd_putchar
</UL>
<BR>[Called By]<UL><LI><a href="#[b05490]">&gt;&gt;</a>&nbsp;&nbsp;&nbsp;main
<LI><a href="#[b05520]">&gt;&gt;</a>&nbsp;&nbsp;&nbsp;val_display
</UL>

<P><STRONG><a name="[b0ad58]"></a>lcd_bargraph</STRONG> (Thumb, 52 bytes, Stack size 16 bytes, lcd_4bit.o(.text), UNUSED)
<BR><BR>[Calls]<UL><LI><a href="#[b0aec0]">&gt;&gt;</a>&nbsp;&nbsp;&nbsp;lcd_putchar
</UL>

<P><STRONG><a name="[b0ad10]"></a>lcd_bargraphXY</STRONG> (Thumb, 64 bytes, Stack size 20 bytes, lcd_4bit.o(.text), UNUSED)
<BR><BR>[Calls]<UL><LI><a href="#[b0ae30]">&gt;&gt;</a>&nbsp;&nbsp;&nbsp;set_cursor
<LI><a href="#[b0aec0]">&gt;&gt;</a>&nbsp;&nbsp;&nbsp;lcd_putchar
</UL>

<P><STRONG><a name="[b08230]"></a>CAN_setup</STRONG> (Thumb, 222 bytes, Stack size 8 bytes, can.o(.text))
<BR><BR>[Stack]<UL><LI>Max Depth = 8<LI>Call Chain = CAN_setup
</UL>
<BR>[Calls]<UL><LI><a href="#[b0e3b8]">&gt;&gt;</a>&nbsp;&nbsp;&nbsp;stm32_GetPCLK1
</UL>
<BR>[Called By]<UL><LI><a href="#[b054d8]">&gt;&gt;</a>&nbsp;&nbsp;&nbsp;can_Init
</UL>

<P><STRONG><a name="[b081e8]"></a>CAN_start</STRONG> (Thumb, 30 bytes, Stack size 0 bytes, can.o(.text))
<BR><BR>[Called By]<UL><LI><a href="#[b054d8]">&gt;&gt;</a>&nbsp;&nbsp;&nbsp;can_Init
</UL>

<P><STRONG><a name="[b081a0]"></a>CAN_testmode</STRONG> (Thumb, 36 bytes, Stack size 0 bytes, can.o(.text))
<BR><BR>[Called By]<UL><LI><a href="#[b054d8]">&gt;&gt;</a>&nbsp;&nbsp;&nbsp;can_Init
</UL>

<P><STRONG><a name="[b08158]"></a>CAN_waitReady</STRONG> (Thumb, 22 bytes, Stack size 0 bytes, can.o(.text))
<BR><BR>[Called By]<UL><LI><a href="#[b054d8]">&gt;&gt;</a>&nbsp;&nbsp;&nbsp;can_Init
</UL>

<P><STRONG><a name="[b08110]"></a>CAN_wrMsg</STRONG> (Thumb, 202 bytes, Stack size 0 bytes, can.o(.text))
<BR><BR>[Called By]<UL><LI><a href="#[b05490]">&gt;&gt;</a>&nbsp;&nbsp;&nbsp;main
</UL>

<P><STRONG><a name="[b080c8]"></a>CAN_rdMsg</STRONG> (Thumb, 180 bytes, Stack size 0 bytes, can.o(.text))
<BR><BR>[Called By]<UL><LI><a href="#[b12598]">&gt;&gt;</a>&nbsp;&nbsp;&nbsp;USB_LP_CAN_RX0_IRQHandler
</UL>

<P><STRONG><a name="[b08080]"></a>CAN_wrFilter</STRONG> (Thumb, 208 bytes, Stack size 12 bytes, can.o(.text))
<BR><BR>[Stack]<UL><LI>Max Depth = 12<LI>Call Chain = CAN_wrFilter
</UL>
<BR>[Called By]<UL><LI><a href="#[b054d8]">&gt;&gt;</a>&nbsp;&nbsp;&nbsp;can_Init
</UL>

<P><STRONG><a name="[b125e0]"></a>USB_HP_CAN_TX_IRQHandler</STRONG> (Thumb, 52 bytes, Stack size 0 bytes, can.o(.text))
<BR>[Address Reference Count : 1]<UL><LI> stm32f10x.o(RESET)
</UL>
<P><STRONG><a name="[b12598]"></a>USB_LP_CAN_RX0_IRQHandler</STRONG> (Thumb, 28 bytes, Stack size 4 bytes, can.o(.text))
<BR><BR>[Stack]<UL><LI>Max Depth = 4<LI>Call Chain = USB_LP_CAN_RX0_IRQHandler
</UL>
<BR>[Calls]<UL><LI><a href="#[b080c8]">&gt;&gt;</a>&nbsp;&nbsp;&nbsp;CAN_rdMsg
</UL>
<BR>[Address Reference Count : 1]<UL><LI> stm32f10x.o(RESET)
</UL>
<P><STRONG><a name="[b05640]"></a>Hex_Str</STRONG> (Thumb, 38 bytes, Stack size 0 bytes, candemo.o(.text))
<BR><BR>[Called By]<UL><LI><a href="#[b05520]">&gt;&gt;</a>&nbsp;&nbsp;&nbsp;val_display
</UL>

<P><STRONG><a name="[b055f8]"></a>delay</STRONG> (Thumb, 10 bytes, Stack size 0 bytes, candemo.o(.text))
<BR><BR>[Called By]<UL><LI><a href="#[b05490]">&gt;&gt;</a>&nbsp;&nbsp;&nbsp;main
<LI><a href="#[b05520]">&gt;&gt;</a>&nbsp;&nbsp;&nbsp;val_display
</UL>

<P><STRONG><a name="[b055b0]"></a>adc_Init</STRONG> (Thumb, 68 bytes, Stack size 0 bytes, candemo.o(.text))
<BR><BR>[Called By]<UL><LI><a href="#[b05490]">&gt;&gt;</a>&nbsp;&nbsp;&nbsp;main
</UL>

<P><STRONG><a name="[b05568]"></a>adc_Get</STRONG> (Thumb, 28 bytes, Stack size 0 bytes, candemo.o(.text))
<BR><BR>[Called By]<UL><LI><a href="#[b05490]">&gt;&gt;</a>&nbsp;&nbsp;&nbsp;main
</UL>

<P><STRONG><a name="[b05520]"></a>val_display</STRONG> (Thumb, 52 bytes, Stack size 8 bytes, candemo.o(.text))
<BR><BR>[Stack]<UL><LI>Max Depth = 44<LI>Call Chain = val_display &rArr; lcd_print &rArr; lcd_putchar &rArr; lcd_write_data &rArr; wait_while_busy &rArr; lcd_read_status
</UL>
<BR>[Calls]<UL><LI><a href="#[b055f8]">&gt;&gt;</a>&nbsp;&nbsp;&nbsp;delay
<LI><a href="#[b05640]">&gt;&gt;</a>&nbsp;&nbsp;&nbsp;Hex_Str
<LI><a href="#[b0ada0]">&gt;&gt;</a>&nbsp;&nbsp;&nbsp;lcd_print
<LI><a href="#[b0ae30]">&gt;&gt;</a>&nbsp;&nbsp;&nbsp;set_cursor
</UL>
<BR>[Called By]<UL><LI><a href="#[b05490]">&gt;&gt;</a>&nbsp;&nbsp;&nbsp;main
</UL>

<P><STRONG><a name="[b054d8]"></a>can_Init</STRONG> (Thumb, 32 bytes, Stack size 8 bytes, candemo.o(.text))
<BR><BR>[Stack]<UL><LI>Max Depth = 20<LI>Call Chain = can_Init &rArr; CAN_wrFilter
</UL>
<BR>[Calls]<UL><LI><a href="#[b08080]">&gt;&gt;</a>&nbsp;&nbsp;&nbsp;CAN_wrFilter
<LI><a href="#[b08158]">&gt;&gt;</a>&nbsp;&nbsp;&nbsp;CAN_waitReady
<LI><a href="#[b081a0]">&gt;&gt;</a>&nbsp;&nbsp;&nbsp;CAN_testmode
<LI><a href="#[b081e8]">&gt;&gt;</a>&nbsp;&nbsp;&nbsp;CAN_start
<LI><a href="#[b08230]">&gt;&gt;</a>&nbsp;&nbsp;&nbsp;CAN_setup
</UL>
<BR>[Called By]<UL><LI><a href="#[b05490]">&gt;&gt;</a>&nbsp;&nbsp;&nbsp;main
</UL>

<P><STRONG><a name="[b05490]"></a>main</STRONG> (Thumb, 136 bytes, Stack size 8 bytes, candemo.o(.text))
<BR><BR>[Stack]<UL><LI>Max Depth = 52<LI>Call Chain = main &rArr; val_display &rArr; lcd_print &rArr; lcd_putchar &rArr; lcd_write_data &rArr; wait_while_busy &rArr; lcd_read_status
</UL>
<BR>[Calls]<UL><LI><a href="#[b054d8]">&gt;&gt;</a>&nbsp;&nbsp;&nbsp;can_Init
<LI><a href="#[b05520]">&gt;&gt;</a>&nbsp;&nbsp;&nbsp;val_display
<LI><a href="#[b05568]">&gt;&gt;</a>&nbsp;&nbsp;&nbsp;adc_Get
<LI><a href="#[b055b0]">&gt;&gt;</a>&nbsp;&nbsp;&nbsp;adc_Init
<LI><a href="#[b055f8]">&gt;&gt;</a>&nbsp;&nbsp;&nbsp;delay
<LI><a href="#[b08110]">&gt;&gt;</a>&nbsp;&nbsp;&nbsp;CAN_wrMsg
<LI><a href="#[b0ada0]">&gt;&gt;</a>&nbsp;&nbsp;&nbsp;lcd_print
<LI><a href="#[b0ade8]">&gt;&gt;</a>&nbsp;&nbsp;&nbsp;lcd_clear
<LI><a href="#[b0ae30]">&gt;&gt;</a>&nbsp;&nbsp;&nbsp;set_cursor
<LI><a href="#[b0ae78]">&gt;&gt;</a>&nbsp;&nbsp;&nbsp;lcd_init
<LI><a href="#[b0e400]">&gt;&gt;</a>&nbsp;&nbsp;&nbsp;stm32_Init
</UL>
<BR>[Address Reference Count : 1]<UL><LI> init.o(.text)
</UL><P>
<H3>
Local Symbols
</H3>
<P><STRONG><a name="[b0c198]"></a>delay</STRONG> (Thumb, 14 bytes, Stack size 0 bytes, lcd_4bit.o(.text))
<BR><BR>[Called By]<UL><LI><a href="#[b0ae78]">&gt;&gt;</a>&nbsp;&nbsp;&nbsp;lcd_init
<LI><a href="#[b0af50]">&gt;&gt;</a>&nbsp;&nbsp;&nbsp;lcd_write_4bit
<LI><a href="#[b0c150]">&gt;&gt;</a>&nbsp;&nbsp;&nbsp;lcd_read_status
</UL>

<P><STRONG><a name="[b0c150]"></a>lcd_read_status</STRONG> (Thumb, 168 bytes, Stack size 4 bytes, lcd_4bit.o(.text))
<BR><BR>[Stack]<UL><LI>Max Depth = 4<LI>Call Chain = lcd_read_status
</UL>
<BR>[Calls]<UL><LI><a href="#[b0c198]">&gt;&gt;</a>&nbsp;&nbsp;&nbsp;delay
</UL>
<BR>[Called By]<UL><LI><a href="#[b0c108]">&gt;&gt;</a>&nbsp;&nbsp;&nbsp;wait_while_busy
</UL>

<P><STRONG><a name="[b0c108]"></a>wait_while_busy</STRONG> (Thumb, 20 bytes, Stack size 8 bytes, lcd_4bit.o(.text))
<BR><BR>[Stack]<UL><LI>Max Depth = 12<LI>Call Chain = wait_while_busy &rArr; lcd_read_status
</UL>
<BR>[Calls]<UL><LI><a href="#[b0c150]">&gt;&gt;</a>&nbsp;&nbsp;&nbsp;lcd_read_status
</UL>
<BR>[Called By]<UL><LI><a href="#[b0af08]">&gt;&gt;</a>&nbsp;&nbsp;&nbsp;lcd_write_cmd
<LI><a href="#[b0c0c0]">&gt;&gt;</a>&nbsp;&nbsp;&nbsp;lcd_write_data
</UL>

<P><STRONG><a name="[b0c0c0]"></a>lcd_write_data</STRONG> (Thumb, 34 bytes, Stack size 8 bytes, lcd_4bit.o(.text))
<BR><BR>[Stack]<UL><LI>Max Depth = 20<LI>Call Chain = lcd_write_data &rArr; wait_while_busy &rArr; lcd_read_status
</UL>
<BR>[Calls]<UL><LI><a href="#[b0af50]">&gt;&gt;</a>&nbsp;&nbsp;&nbsp;lcd_write_4bit
<LI><a href="#[b0c108]">&gt;&gt;</a>&nbsp;&nbsp;&nbsp;wait_while_busy
</UL>
<BR>[Called By]<UL><LI><a href="#[b0aec0]">&gt;&gt;</a>&nbsp;&nbsp;&nbsp;lcd_putchar
</UL>
<P>
<H3>
Undefined Global Symbols
</H3><HR></body></html>
