<html>
<body>
<pre>
<h1>µVision Build Log</h1>
<h2>Project:</h2>
D:\Projets\MCU\ARM\cortex\proj_cm3\Reseau_Capteurs\V3\Reseau_Capteurs_V3.uvproj
Project File Date:  03/05/2010

<h2>Output:</h2>
Build target 'Simu A'
compiling STM32_Init.c...
assembling STM32F10x.s...
compiling main.c...
main.c(4): error:  #5: cannot open source input file "at.h": No such file or directory
compiling syscalls.c...
compiling adc.c...
compiling gpio.c...
compiling LCD_4bit.c...
compiling rs606.c...
compiling time.c...
compiling uart.c...
Target not created
Build target 'Simu A'
compiling STM32_Init.c...
assembling STM32F10x.s...
compiling main.c...
main.c(20): error:  #20: identifier "AT_STATUS" is undefined
compiling syscalls.c...
compiling adc.c...
compiling gpio.c...
compiling LCD_4bit.c...
compiling rs606.c...
compiling time.c...
compiling uart.c...
Target not created
Build target 'Simu A'
compiling main.c...
linking...
Program Size: Code=4892 RO-data=408 RW-data=60 ZI-data=852  
".\obj\Reseau_Capteurs_V3.axf" - 0 Error(s), 0 Warning(s).
Build target 'Simu A'
compiling STM32_Init.c...
assembling STM32F10x.s...
compiling main.c...
compiling syscalls.c...
compiling adc.c...
compiling gpio.c...
compiling LCD_4bit.c...
compiling rs606.c...
compiling time.c...
compiling uart.c...
linking...
Program Size: Code=4892 RO-data=408 RW-data=60 ZI-data=852  
".\obj\Reseau_Capteurs_V3.axf" - 0 Error(s), 0 Warning(s).
Build target 'Simu A'
compiling main.c...
linking...
Program Size: Code=3140 RO-data=396 RW-data=48 ZI-data=608  
".\obj\Reseau_Capteurs_V3.axf" - 0 Error(s), 0 Warning(s).
Build target 'Simu A'
compiling STM32_Init.c...
compiling main.c...
main.c(79): error:  #35: #error directive: Vous devez definir au moins une des clefs suivantes: _CARTE_A_, _CARTE_B_, _CARTE_C_
compiling syscalls.c...
compiling adc.c...
compiling gpio.c...
compiling LCD_4bit.c...
compiling rs606.c...
compiling time.c...
compiling uart.c...
Target not created
