C166 COMPILER V6.08, SNDMO16X                                                              12/11/2008 08:49:53 PAGE 1   


C166 COMPILER V6.08, COMPILATION OF MODULE SNDMO16X
OBJECT MODULE PLACED IN .\sndmo16x.obj
COMPILER INVOKED BY: C:\Keil\Evalsoft\C166\BIN\C166.EXE ..\..\includes\libCAN\sndmo16x.c BROWSE INCDIR(..\..\libs_thierr
                    -y\SourceC167\Developpement_Capcom_V2) MOD167 DEBUG PRINT(.\sndmo16x.lst) OBJECT(.\sndmo16x.obj) 

 stmt lvl     source

    1         /* ----------------------------------------- header: ----------------*/
    2         /*********************************************************************
    3          * Program name:        "SNDMO16X.C"                                 *
    4          * Compiler used:       BSO/Tasking C166                             *
    5          * Task:                Source File for procedure send_mo_16x        *
    6          *                      belonging to Siemens ApNote AP2922           *
    7          *                      "'C' CAN Driver Routines for the C166 family"*
    8          *                                                                   * 
    9          * Last modifications:  April 28nd 1997                              *
   10          * Version:             1.0                                          *
   11          * Authors:             Axel Wolf,  SCI Cupertino                    *
   12          *                      Dr. Jens Barrenscheen, HL MC PD, Munich      *
   13          *********************************************************************/
   14         /* ----------------------------------- include files: -------------- */
   15         #include <REG167.H>         /* register definitions C167             */
   16         #include "CANR_16X.H"       /* CAN control register definitions      */
   17         
   18         /* ----------------------------------- externals, prototypes: ------ */
   19         extern unsigned int *msgctrl_ptr_16x[16];       /* ptr to msg. contrl. regs */
   20         
   21         void send_mo_16x(unsigned char nr);
   22                 /* Transmit message object 'nr' (1..14) */
   23         
   24         /* ----------------------------------- PEC, Register: -------------- */
   25         /* ----------------------------------- global bit/byte/word data: -- */
   26         /* ----------------------------------- code ------------------------ */
   27         void send_mo_16x(unsigned char nr)
   28                 /* Transmit message object 'nr' (1..14) */
   29         {
   30  1         /* -------------------------------- local  byte/word/bit data: -- */
   31  1         /* -------------------------------- program: -------------------- */
   32  1              if ((nr<15) && (nr)) *msgctrl_ptr_16x[nr]=0xefff;  /* set TXRQ */
   33  1         /* -------------------------------- end: ------------------------ */
   34  1      }


MODULE INFORMATION:   INITIALIZED  UNINITIALIZED
  CODE SIZE        =          28     --------
  NEAR-CONST SIZE  =    --------     --------
  FAR-CONST SIZE   =    --------     --------
  HUGE-CONST SIZE  =    --------     --------
  XHUGE-CONST SIZE =    --------     --------
  NEAR-DATA SIZE   =    --------     --------
  FAR-DATA SIZE    =    --------     --------
  XHUGE-DATA SIZE  =    --------     --------
  IDATA-DATA SIZE  =    --------     --------
  SDATA-DATA SIZE  =    --------     --------
  BDATA-DATA SIZE  =    --------     --------
  HUGE-DATA SIZE   =    --------     --------
  BIT SIZE         =    --------     --------
  INIT'L SIZE      =    --------     --------
END OF MODULE INFORMATION.


C166 COMPILATION COMPLETE.  0 WARNING(S),  0 ERROR(S)
