
Memory Configuration

Name             Origin             Length             Attributes
rom              0x08000000         0x00008000         xr
ram              0x20000000         0x00005000         rw
*default*        0x00000000         0xffffffff

Linker script and memory map

LOAD ./release/stm32f10x_gcc.o
LOAD ./release/startup_gcc.o
LOAD ./release/test_gpio.o
LOAD c:/program files/codesourcery/sourcery g++ lite/bin/../lib/gcc/arm-none-eabi/4.3.2/../../../../arm-none-eabi/lib/thumb2\libm.a
START GROUP
LOAD c:/program files/codesourcery/sourcery g++ lite/bin/../lib/gcc/arm-none-eabi/4.3.2/thumb2\libgcc.a
LOAD c:/program files/codesourcery/sourcery g++ lite/bin/../lib/gcc/arm-none-eabi/4.3.2/../../../../arm-none-eabi/lib/thumb2\libc.a
END GROUP
                0x20005000                PROVIDE (__cs3_stack, (__cs3_region_start_ram + __cs3_region_size_ram))
                0x00005000                PROVIDE (__cs3_stack_size, ((__cs3_region_start_ram + __cs3_region_size_ram) - _end))
                0x20000000                PROVIDE (__cs3_heap_start, _end)
                0x20005000                PROVIDE (__cs3_heap_end, (__cs3_region_start_ram + __cs3_region_size_ram))

.text           0x08000000      0x1b8
 CREATE_OBJECT_SYMBOLS
                0x08000000                __cs3_region_start_rom = .
 *(.cs3.region-head.rom)
                0x08000000                __cs3_interrupt_vector = __cs3_interrupt_vector_cortex_m
 *(.cs3.interrupt_vector)
 .cs3.interrupt_vector
                0x08000000       0xec ./release/stm32f10x_gcc.o
                0x08000000                __cs3_interrupt_vector_cortex_m
                0x08000001                ASSERT ((. != __cs3_interrupt_vector_cortex_m), No interrupt vector)
 *(.rom)
 *(.rom.b)
                0x080000ec                __cs3_reset = __cs3_reset_cortex_m
 *(.cs3.reset)
 .cs3.reset     0x080000ec        0x8 ./release/stm32f10x_gcc.o
                0x080000ec                __cs3_reset_cortex_m
                0x08000001                ASSERT ((. != __cs3_reset), No reset code)
 *(.text .text.* .gnu.linkonce.t.*)
 .text          0x080000f4       0x14 ./release/stm32f10x_gcc.o
                0x08000106                EXTI2_IRQHandler
                0x08000100                DebugMon_Handler
                0x08000106                TIM1_CC_IRQHandler
                0x080000f6                HardFault_Handler
                0x08000104                SysTick_Handler
                0x08000106                PVD_IRQHandler
                0x08000102                PendSV_Handler
                0x080000f4                NMI_Handler
                0x08000106                EXTI3_IRQHandler
                0x08000106                DMAChannel7_IRQHandler
                0x08000106                USB_HP_CAN_TX_IRQHandler
                0x08000106                EXTI0_IRQHandler
                0x08000106                I2C2_EV_IRQHandler
                0x08000106                DMAChannel1_IRQHandler
                0x080000fc                UsageFault_Handler
                0x08000106                SPI1_IRQHandler
                0x08000106                CAN_SCE_IRQHandler
                0x08000106                TAMPER_IRQHandler
                0x08000106                DMAChannel4_IRQHandler
                0x08000106                USART3_IRQHandler
                0x08000106                RTC_IRQHandler
                0x08000106                TIM4_IRQHandler
                0x08000106                CAN_RX1_IRQHandler
                0x08000106                I2C1_EV_IRQHandler
                0x08000106                TIM3_IRQHandler
                0x08000106                RCC_IRQHandler
                0x08000106                TIM1_TRG_COM_IRQHandler
                0x08000106                Default_Handler
                0x08000106                EXTI15_10_IRQHandler
                0x08000106                ADC_IRQHandler
                0x08000106                DMAChannel5_IRQHandler
                0x08000106                EXTI9_5_IRQHandler
                0x08000106                DMAChannel2_IRQHandler
                0x08000106                SPI2_IRQHandler
                0x08000106                USB_LP_CAN_RX0_IRQHandler
                0x080000f8                MemManage_Handler
                0x080000fe                SVC_Handler
                0x08000106                EXTI4_IRQHandler
                0x08000106                TIM1_UP_IRQHandler
                0x08000106                WWDG_IRQHandler
                0x08000106                TIM2_IRQHandler
                0x08000106                TIM1_BRK_IRQHandler
                0x08000106                EXTI1_IRQHandler
                0x08000106                RTCAlarm_IRQHandler
                0x08000106                USART2_IRQHandler
                0x08000106                I2C2_ER_IRQHandler
                0x08000106                FLASH_IRQHandler
                0x08000106                DMAChannel6_IRQHandler
                0x08000106                DMAChannel3_IRQHandler
                0x080000fa                BusFault_Handler
                0x08000106                USART1_IRQHandler
                0x08000106                I2C1_ER_IRQHandler
                0x08000106                USBWakeUp_IRQHandler
 .text          0x08000108       0x50 ./release/startup_gcc.o
                0x08000108                Startup
 .text          0x08000158       0x4c ./release/test_gpio.o
                0x08000158                main
 *(.rodata .rodata.* .gnu.linkonce.r.*)
                0x080001a4                . = ALIGN (0x4)
 *(.init)
                0x080001a4                . = ALIGN (0x4)
                0x080001a4                __preinit_array_start = .
 *(.preinit_array)
                0x080001a4                __preinit_array_end = .
                0x080001a4                . = ALIGN (0x4)
                0x080001a4                __init_array_start = .
 *(SORT(.init_array.*))
 *(.init_array)
                0x080001a4                __init_array_end = .
                0x080001a4                . = ALIGN (0x4)
 *crtbegin.o(.ctors)
 *(EXCLUDE_FILE(*crtend.o) .ctors)
 *(SORT(.ctors.*))
 *crtend.o(.ctors)
                0x080001a4                . = ALIGN (0x4)
 *(.fini)
                0x080001a4                . = ALIGN (0x4)
                0x080001a4                __fini_array_start = .
 *(.fini_array)
 *(SORT(.fini_array.*))
                0x080001a4                __fini_array_end = .
 *crtbegin.o(.dtors)
 *(EXCLUDE_FILE(*crtend.o) .dtors)
 *(SORT(.dtors.*))
 *crtend.o(.dtors)
                0x080001a4                . = ALIGN (0x4)
                0x080001a4                __cs3_regions = .
                0x080001a4        0x4 LONG 0x0
                0x080001a8        0x4 LONG 0x80001c0 __cs3_region_init_ram
                0x080001ac        0x4 LONG 0x20000000 __cs3_region_start_ram
                0x080001b0        0x4 LONG 0x0 __cs3_region_init_size_ram
                0x080001b4        0x4 LONG 0x0 __cs3_region_zero_size_ram
                0x00008000                __cs3_region_size_rom = 0x8000
                0x00000001                __cs3_region_num = 0x1

.glue_7         0x080001b8        0x0
 .glue_7        0x080001b8        0x0 ./release/stm32f10x_gcc.o
 .glue_7        0x080001b8        0x0 ./release/startup_gcc.o
 .glue_7        0x080001b8        0x0 ./release/test_gpio.o

.glue_7t        0x080001b8        0x0
 .glue_7t       0x080001b8        0x0 ./release/stm32f10x_gcc.o
 .glue_7t       0x080001b8        0x0 ./release/startup_gcc.o
 .glue_7t       0x080001b8        0x0 ./release/test_gpio.o

.vfp11_veneer   0x080001b8        0x0
 .vfp11_veneer  0x080001b8        0x0 ./release/stm32f10x_gcc.o
 .vfp11_veneer  0x080001b8        0x0 ./release/startup_gcc.o
 .vfp11_veneer  0x080001b8        0x0 ./release/test_gpio.o

.janus_2cc_veneer
                0x080001b8        0x0
 .janus_2cc_veneer
                0x080001b8        0x0 ./release/stm32f10x_gcc.o
 .janus_2cc_veneer
                0x080001b8        0x0 ./release/startup_gcc.o
 .janus_2cc_veneer
                0x080001b8        0x0 ./release/test_gpio.o

.v4_bx          0x080001b8        0x0
 .v4_bx         0x080001b8        0x0 ./release/stm32f10x_gcc.o
 .v4_bx         0x080001b8        0x0 ./release/startup_gcc.o
 .v4_bx         0x080001b8        0x0 ./release/test_gpio.o

.ARM.extab.cs3.reset
                0x080001b8        0x0
 .ARM.extab.cs3.reset
                0x080001b8        0x0 ./release/stm32f10x_gcc.o

.ARM.exidx.cs3.reset
                0x080001b8        0x8
 .ARM.exidx.cs3.reset
                0x080001b8        0x8 ./release/stm32f10x_gcc.o

.data           0x20000000        0x0 load address 0x080001c0
                0x20000000                __cs3_region_start_ram = .
                0x20000000                __cs3_region_start_data = .
 *(.cs3.region-head.ram)
 *(.data .data.* .gnu.linkonce.d.*)
 .data          0x20000000        0x0 ./release/stm32f10x_gcc.o
 .data          0x20000000        0x0 ./release/startup_gcc.o
 .data          0x20000000        0x0 ./release/test_gpio.o
 *(.ram)
                0x20000000                . = ALIGN (0x8)
                0x20000000                _edata = .

.bss            0x20000000        0x0 load address 0x080001c0
                0x20000000                __cs3_region_start_bss = .
 *(.bss .bss.* .gnu.linkonce.b.*)
 .bss           0x20000000        0x0 ./release/stm32f10x_gcc.o
 .bss           0x20000000        0x0 ./release/startup_gcc.o
 .bss           0x20000000        0x0 ./release/test_gpio.o
 *(COMMON)
 *(.ram.b)
                0x20000000                . = ALIGN (0x8)
                0x20000000                _end = .
                0x20000000                __end = .

.heap           0x20000000     0x1000
 *(.heap)
 .heap          0x20000000     0x1000 ./release/stm32f10x_gcc.o
                0x20000000                __cs3_heap_start
                0x20001000                __cs3_heap_end

.stack          0x20004e00      0x200
 *(.stack)
 .stack         0x20004e00      0x200 ./release/stm32f10x_gcc.o
                0x20004e00                __cs3_stack_mem
                0x080001c0                __cs3_region_init_ram_loadaddr = LOADADDR (.data)
                0x080001c0                __cs3_region_init_ram = __cs3_region_init_ram_loadaddr
                0x00000000                __cs3_region_init_ram_size = (_edata - __cs3_region_start_ram)
                0x00000000                __cs3_region_init_size_ram = __cs3_region_init_ram_size
                0x00000000                __cs3_region_zero_ram_size = (_end - _edata)
                0x00000000                __cs3_region_zero_size_ram = __cs3_region_zero_ram_size
                0x00005000                __cs3_region_size_ram = 0x5000
                0x080001c0                __cs3_region_zero_ram_loadaddr = LOADADDR (.bss)
                0x00000001                __cs3_region_num = 0x1

.stab
 *(.stab)

.stabstr
 *(.stabstr)

.debug
 *(.debug)

.line
 *(.line)

.debug_srcinfo
 *(.debug_srcinfo)

.debug_sfnames
 *(.debug_sfnames)

.debug_aranges  0x00000000       0x68
 *(.debug_aranges)
 .debug_aranges
                0x00000000       0x28 ./release/stm32f10x_gcc.o
 .debug_aranges
                0x00000028       0x20 ./release/startup_gcc.o
 .debug_aranges
                0x00000048       0x20 ./release/test_gpio.o

.debug_pubnames
                0x00000000       0x1b
 *(.debug_pubnames)
 .debug_pubnames
                0x00000000       0x1b ./release/test_gpio.o

.debug_info     0x00000000      0x285
 *(.debug_info .gnu.linkonce.wi.*)
 .debug_info    0x00000000       0x6f ./release/stm32f10x_gcc.o
 .debug_info    0x0000006f       0x71 ./release/startup_gcc.o
 .debug_info    0x000000e0      0x1a5 ./release/test_gpio.o

.debug_abbrev   0x00000000       0xb3
 *(.debug_abbrev)
 .debug_abbrev  0x00000000       0x12 ./release/stm32f10x_gcc.o
 .debug_abbrev  0x00000012       0x14 ./release/startup_gcc.o
 .debug_abbrev  0x00000026       0x8d ./release/test_gpio.o

.debug_line     0x00000000      0x128
 *(.debug_line)
 .debug_line    0x00000000       0x66 ./release/stm32f10x_gcc.o
 .debug_line    0x00000066       0x5f ./release/startup_gcc.o
 .debug_line    0x000000c5       0x63 ./release/test_gpio.o

.debug_frame    0x00000000       0x28
 *(.debug_frame)
 .debug_frame   0x00000000       0x28 ./release/test_gpio.o

.debug_str      0x00000000       0xdd
 *(.debug_str)
 .debug_str     0x00000000       0xdd ./release/test_gpio.o
                                 0xee (size before relaxing)

.debug_loc      0x00000000       0x48
 *(.debug_loc)
 .debug_loc     0x00000000       0x48 ./release/test_gpio.o

.debug_macinfo
 *(.debug_macinfo)

.debug_weaknames
 *(.debug_weaknames)

.debug_funcnames
 *(.debug_funcnames)

.debug_typenames
 *(.debug_typenames)

.debug_varnames
 *(.debug_varnames)

.note.gnu.arm.ident
 *(.note.gnu.arm.ident)

.ARM.attributes
                0x00000000       0x2f
 *(.ARM.attributes)
 .ARM.attributes
                0x00000000       0x21 ./release/stm32f10x_gcc.o
 .ARM.attributes
                0x00000021       0x21 ./release/startup_gcc.o
 .ARM.attributes
                0x00000042       0x31 ./release/test_gpio.o

/DISCARD/
 *(.note.GNU-stack)
OUTPUT(./release/TP_GPIO.elf elf32-littlearm)

.debug_ranges   0x00000000       0x20
 .debug_ranges  0x00000000       0x20 ./release/stm32f10x_gcc.o

.comment        0x00000000       0x2a
 .comment       0x00000000       0x2a ./release/test_gpio.o
