ARM Linker, RVCT3.1 [Build 942] for uVision [Evaluation]

================================================================================

Section Cross References

    stm32f10x.o(STACK) refers (Special) to stkheap2.o(.text) for __use_two_region_memory
    stm32f10x.o(HEAP) refers (Special) to stkheap2.o(.text) for __use_two_region_memory
    stm32f10x.o(RESET) refers to stm32f10x.o(STACK) for __initial_sp
    stm32f10x.o(RESET) refers to stm32f10x.o(.text) for Reset_Handler
    stm32f10x.o(RESET) refers (Special) to stkheap2.o(.text) for __use_two_region_memory
    stm32f10x.o(.text) refers to __main.o(!!!main) for __main
    stm32f10x.o(.text) refers to stm32f10x.o(HEAP) for Heap_Mem
    stm32f10x.o(.text) refers to stm32f10x.o(STACK) for Stack_Mem
    stm32f10x.o(.text) refers (Special) to stkheap2.o(.text) for __use_two_region_memory
    test_usart.o(.text) refers to lib_usartx_pol.o(.text) for usartx_setup
    test_usart.o(.text) refers to __0printf.o(.text) for __1printf
    test_usart.o(.text) refers to getc.o(.text) for getc
    test_usart.o(.text) refers to lib_usartx_pol.o(.data) for __stdin
    test_usart.o(.text) refers (Special) to __printf.o(.text) for _printf_percent
    test_usart.o(.text) refers (Special) to _printf_str.o(.text) for _printf_str
    __printf.o(.text) refers (Weak) to _printf_str.o(.text) for _printf_str
    __printf.o(.text) refers to __printf.o(.constdata) for .constdata
    __0printf.o(.text) refers to _printf_char_common.o(.text) for _printf_char_common
    __0printf.o(.text) refers to ferror.o(.text) for ferror
    __0printf.o(.text) refers to lib_usartx_pol.o(.data) for __stdout
    __0printf.o(.text) refers to lib_usartx_pol.o(.text) for fputc
    getc.o(.text) refers to lib_usartx_pol.o(.text) for fgetc
    stkheap2.o(.text) refers to sys_stackheap_outer.o(.text) for __user_setup_stackheap
    stkheap2.o(.text) refers to rt_stackheap_storage_intlibspace.o(.text) for __rt_stackheap_storage
    __main.o(!!!main) refers to kernel.o(.text) for __rt_entry
    kernel.o(.text) refers to stkheap2.o(.text) for __rt_stackheap_init
    kernel.o(.text) refers to boardinit2.o(.text) for _platform_post_stackheap_init
    kernel.o(.text) refers to lib_init.o(.text) for __rt_lib_init
    kernel.o(.text) refers to boardinit3.o(.text) for _platform_post_lib_init
    kernel.o(.text) refers to test_usart.o(.text) for main
    kernel.o(.text) refers to exit.o(.text) for exit
    kernel.o(.text) refers to sys_exit.o(.text) for _sys_exit
    kernel.o(.ARM.exidx) refers to kernel.o(.text) for __rt_entry
    sys_stackheap_outer.o(.text) refers to libspace.o(.text) for __user_perproc_libspace
    sys_stackheap_outer.o(.text) refers to stm32f10x.o(.text) for __user_initial_stackheap
    rt_stackheap_storage.o(.text) refers to rt_stackheap_storage.o(.bss) for __rt_stackheap_storage_data
    rt_stackheap_storage_intlibspace.o(.text) refers to libspace.o(.bss) for __libspace_start
    _printf_char_common.o(.text) refers to __printf.o(.text) for __printf
    _printf_char_common.o(.text) refers to _printf_outstr_char.o(.text) for _printf_outstr_char
    _printf_char_common.o(.text) refers to _printf_input_char.o(.text) for _printf_input_char
    sys_exit.o(.text) refers to use_no_semi.o(.text) for __I_use_semihosting
    libspace.o(.text) refers to libspace.o(.bss) for __libspace_start
    exit.o(.text) refers to kernel.o(.text) for __rt_exit
    stkheap1.o(.text) refers to sys_stackheap_outer.o(.text) for __user_setup_stackheap
    stkheap1.o(.text) refers to rt_stackheap_storage_intlibspace.o(.text) for __rt_stackheap_storage
    lib_init.o(.emb_text) refers to no_argv.o(.text) for __ARM_get_argv
    lib_init.o(.text) refers to fpinit.o(x$fpl$fpinit) for _fp_init
    lib_init.o(.text) refers to lib_init.o(.emb_text) for __ARM_argv_veneer
    lib_init.o(.text) refers to rt_locale_intlibspace.o(.text) for __rt_locale
    rt_locale.o(.text) refers to rt_locale.o(.bss) for __rt_locale_data
    rt_locale_intlibspace.o(.text) refers to libspace.o(.bss) for __libspace_start
    _get_argv.o(.text) refers to heapext.o(.text) for __heap_extend
    _get_argv.o(.text) refers to defsig_rtmem_outer.o(.text) for __rt_SIGRTMEM
    _get_argv.o(.text) refers to sys_command.o(.text) for _sys_command_string
    _get_argv.o(.text) refers (Special) to hrguard.o(.text) for __heap_region_guard
    fpinit.o(x$fpl$fpinit) refers to rt_fp_status_addr_intlibspace.o(.text) for __rt_fp_status_addr
    sys_command.o(.text) refers (Special) to use_no_semi.o(.text) for __I_use_semihosting
    rt_fp_status_addr.o(.text) refers to rt_fp_status_addr.o(.bss) for __rt_fp_status_addr_data
    rt_fp_status_addr_intlibspace.o(.text) refers to libspace.o(.bss) for __libspace_start
    defsig_rtmem_outer.o(.text) refers to defsig_rtmem_inner.o(.text) for __rt_SIGRTMEM_inner
    defsig_rtmem_outer.o(.text) refers to defsig_exit.o(.text) for __sig_exit
    defsig_rtmem_formal.o(.text) refers to rt_raise.o(.text) for __rt_raise
    heapext.o(.text) refers to stkheap2.o(.text) for __rt_heap_extend
    rt_raise.o(.text) refers to __raise.o(.text) for __raise
    rt_raise.o(.text) refers to sys_exit.o(.text) for _sys_exit
    defsig_exit.o(.text) refers to sys_exit.o(.text) for _sys_exit
    defsig_rtmem_inner.o(.text) refers to defsig_general.o(.text) for __default_signal_display
    __raise.o(.text) refers to defsig.o(CL$$defsig) for __default_signal_handler
    defsig_general.o(.text) refers to sys_wrch.o(.text) for _ttywrch
    sys_wrch.o(.text) refers (Special) to use_no_semi.o(.text) for __I_use_semihosting
    defsig.o(CL$$defsig) refers to defsig_rtmem_inner.o(.text) for __rt_SIGRTMEM_inner
    defsig_abrt_inner.o(.text) refers to defsig_general.o(.text) for __default_signal_display
    defsig_fpe_inner.o(.text) refers to defsig_general.o(.text) for __default_signal_display
    defsig_rtred_inner.o(.text) refers to defsig_general.o(.text) for __default_signal_display
    defsig_stak_inner.o(.text) refers to defsig_general.o(.text) for __default_signal_display
    defsig_pvfn_inner.o(.text) refers to defsig_general.o(.text) for __default_signal_display
    defsig_cppl_inner.o(.text) refers to defsig_general.o(.text) for __default_signal_display
    defsig_segv_inner.o(.text) refers to defsig_general.o(.text) for __default_signal_display
    defsig_other.o(.text) refers to defsig_general.o(.text) for __default_signal_display


================================================================================

Image Symbol Table

    Local Symbols

    Symbol Name                              Value     Ov Type        Size  Object(Section)

    ../../angel/boardlib.s                   0x00000000   Number         0  boardinit1.o ABSOLUTE
    ../../angel/boardlib.s                   0x00000000   Number         0  boardinit2.o ABSOLUTE
    ../../angel/boardlib.s                   0x00000000   Number         0  boardinit3.o ABSOLUTE
    ../../angel/boardlib.s                   0x00000000   Number         0  boardshut.o ABSOLUTE
    ../../angel/boardlib.s                   0x00000000   Number         0  cpuinit.o ABSOLUTE
    ../../angel/handlers.s                   0x00000000   Number         0  __scatter_copy.o ABSOLUTE
    ../../angel/handlers.s                   0x00000000   Number         0  __scatter_zi.o ABSOLUTE
    ../../angel/kernel.s                     0x00000000   Number         0  kernel.o ABSOLUTE
    ../../angel/rt.s                         0x00000000   Number         0  rt_fp_status_addr.o ABSOLUTE
    ../../angel/rt.s                         0x00000000   Number         0  rt_locale_intlibspace.o ABSOLUTE
    ../../angel/rt.s                         0x00000000   Number         0  rt_stackheap_storage.o ABSOLUTE
    ../../angel/rt.s                         0x00000000   Number         0  rt_raise.o ABSOLUTE
    ../../angel/rt.s                         0x00000000   Number         0  rt_stackheap_storage_intlibspace.o ABSOLUTE
    ../../angel/rt.s                         0x00000000   Number         0  rt_fp_status_addr_intlibspace.o ABSOLUTE
    ../../angel/rt.s                         0x00000000   Number         0  rt_locale.o ABSOLUTE
    ../../angel/scatter.s                    0x00000000   Number         0  __scatter.o ABSOLUTE
    ../../angel/startup.s                    0x00000000   Number         0  __main.o ABSOLUTE
    ../../angel/sys.s                        0x00000000   Number         0  sys_exit.o ABSOLUTE
    ../../angel/sys.s                        0x00000000   Number         0  use_no_semi.o ABSOLUTE
    ../../angel/sys.s                        0x00000000   Number         0  sys_stackheap_outer.o ABSOLUTE
    ../../angel/sys.s                        0x00000000   Number         0  libspace.o ABSOLUTE
    ../../angel/sysapp.c                     0x00000000   Number         0  sys_wrch.o ABSOLUTE
    ../../angel/sysapp.c                     0x00000000   Number         0  sys_command.o ABSOLUTE
    ../../armsys.c                           0x00000000   Number         0  _get_argv.o ABSOLUTE
    ../../armsys.c                           0x00000000   Number         0  lib_init.o ABSOLUTE
    ../../armsys.c                           0x00000000   Number         0  lib_init.o ABSOLUTE
    ../../armsys.c                           0x00000000   Number         0  no_argv.o ABSOLUTE
    ../../fpinit.s                           0x00000000   Number         0  fpinit.o ABSOLUTE
    ../../heapalloc.c                        0x00000000   Number         0  hrguard.o ABSOLUTE
    ../../printf.c                           0x00000000   Number         0  _printf_char_common.o ABSOLUTE
    ../../printf.c                           0x00000000   Number         0  __printf.o ABSOLUTE
    ../../printf.c                           0x00000000   Number         0  _printf_str.o ABSOLUTE
    ../../printf.c                           0x00000000   Number         0  _printf_outstr_char.o ABSOLUTE
    ../../printf.c                           0x00000000   Number         0  _printf_input_char.o ABSOLUTE
    ../../printf.c                           0x00000000   Number         0  __0printf.o ABSOLUTE
    ../../signal.c                           0x00000000   Number         0  defsig_stak_inner.o ABSOLUTE
    ../../signal.c                           0x00000000   Number         0  defsig_rtred_inner.o ABSOLUTE
    ../../signal.c                           0x00000000   Number         0  defsig_abrt_inner.o ABSOLUTE
    ../../signal.c                           0x00000000   Number         0  defsig_general.o ABSOLUTE
    ../../signal.c                           0x00000000   Number         0  defsig_rtmem_formal.o ABSOLUTE
    ../../signal.c                           0x00000000   Number         0  defsig_fpe_inner.o ABSOLUTE
    ../../signal.c                           0x00000000   Number         0  defsig_exit.o ABSOLUTE
    ../../signal.c                           0x00000000   Number         0  __raise.o ABSOLUTE
    ../../signal.c                           0x00000000   Number         0  defsig_pvfn_inner.o ABSOLUTE
    ../../signal.c                           0x00000000   Number         0  defsig_rtmem_outer.o ABSOLUTE
    ../../signal.c                           0x00000000   Number         0  defsig_segv_inner.o ABSOLUTE
    ../../signal.c                           0x00000000   Number         0  defsig_other.o ABSOLUTE
    ../../signal.c                           0x00000000   Number         0  defsig_rtmem_inner.o ABSOLUTE
    ../../signal.c                           0x00000000   Number         0  defsig_cppl_inner.o ABSOLUTE
    ../../signal.s                           0x00000000   Number         0  defsig.o ABSOLUTE
    ../../stdio.c                            0x00000000   Number         0  ferror.o ABSOLUTE
    ../../stdio.c                            0x00000000   Number         0  getc.o ABSOLUTE
    ../../stdlib.c                           0x00000000   Number         0  exit.o ABSOLUTE
    ../../stkheap.s                          0x00000000   Number         0  heapext.o ABSOLUTE
    ../../stkheap1.s                         0x00000000   Number         0  stkheap1.o ABSOLUTE
    ../../stkheap2.s                         0x00000000   Number         0  stkheap2.o ABSOLUTE
    ..\..\lib_cm3\lib_usartx_pol.c           0x00000000   Number         0  lib_usartx_pol.o ABSOLUTE
    ..\..\system\STM32F10x.s                 0x00000000   Number         0  stm32f10x.o ABSOLUTE
    dc.s                                     0x00000000   Number         0  dc.o ABSOLUTE
    test_usart.c                             0x00000000   Number         0  test_usart.o ABSOLUTE
    RESET                                    0x08000000   Section      236  stm32f10x.o(RESET)
    !!!main                                  0x080000ec   Section        8  __main.o(!!!main)
    !!!scatter                               0x080000f4   Section       52  __scatter.o(!!!scatter)
    !!handler_copy                           0x08000128   Section       26  __scatter_copy.o(!!handler_copy)
    !!handler_zi                             0x08000144   Section       28  __scatter_zi.o(!!handler_zi)
    .emb_text                                0x08004180   Section        4  lib_init.o(.emb_text)
    .text                                    0x08004184   Section       52  stm32f10x.o(.text)
    .text                                    0x080041b8   Section      132  test_usart.o(.text)
    .text                                    0x0800423c   Section      648  lib_usartx_pol.o(.text)
    .text                                    0x080044c4   Section      744  __printf.o(.text)
    .text                                    0x080047ac   Section       88  _printf_str.o(.text)
    .text                                    0x08004804   Section       52  __0printf.o(.text)
    .text                                    0x08004838   Section        4  getc.o(.text)
    .text                                    0x0800483c   Section       38  stkheap2.o(.text)
    .text                                    0x08004862   Section       62  kernel.o(.text)
    .text                                    0x080048a0   Section       74  sys_stackheap_outer.o(.text)
    .text                                    0x080048ec   Section       12  rt_stackheap_storage_intlibspace.o(.text)
    .text                                    0x080048f8   Section       52  _printf_char_common.o(.text)
    .text                                    0x0800492c   Section       30  ferror.o(.text)
    .text                                    0x0800494c   Section       20  sys_exit.o(.text)
    .text                                    0x08004960   Section        8  libspace.o(.text)
    .text                                    0x08004968   Section       26  _printf_outstr_char.o(.text)
    .text                                    0x08004982   Section       10  _printf_input_char.o(.text)
    .text                                    0x0800498c   Section       12  exit.o(.text)
    .text                                    0x08004998   Section      192  lib_init.o(.text)
    .text                                    0x08004a58   Section       10  boardinit2.o(.text)
    .text                                    0x08004a62   Section        8  boardinit3.o(.text)
    .text                                    0x08004a6a   Section        2  use_no_semi.o(.text)
    .text                                    0x08004a6c   Section       12  rt_locale_intlibspace.o(.text)
    .text                                    0x08004a78   Section        2  no_argv.o(.text)
    .text                                    0x08004a7c   Section       12  rt_fp_status_addr_intlibspace.o(.text)
    x$fpl$fpinit                             0x08004a88   Section       14  fpinit.o(x$fpl$fpinit)
    .constdata                               0x08004a96   Section       17  __printf.o(.constdata)
    maptable@__printf_0                      0x08004a96   Data          17  __printf.o(.constdata)
    .data                                    0x20000000   Section        8  lib_usartx_pol.o(.data)
    .bss                                     0x20000008   Section       96  libspace.o(.bss)
    HEAP                                     0x20000068   Number         0  stm32f10x.o(HEAP)
    STACK                                    0x20000068   Section      512  stm32f10x.o(STACK)
    Heap_Mem                                 0x20000068   Number         0  stm32f10x.o(HEAP)
    Stack_Mem                                0x20000068   Data         512  stm32f10x.o(STACK)
    __initial_sp                             0x20000268   Number         0  stm32f10x.o(STACK)

    Global Symbols

    Symbol Name                              Value     Ov Type        Size  Object(Section)

    BuildAttributes$$THM_ISAv4$M$P$D$K$S$PE$A:L22UL41UL21$X:L11$S22US41US21$IEEE1$IW$USESV6$~STKCKD$USESV7$~SHL$OSPACE$EBA8$STANDARDLIB$REQ8$PRES8$EABIv2 0x00000000   Number         0  anon$$obj.o ABSOLUTE
    __ARM_use_no_argv                        0x00000000   Number         0  test_usart.o ABSOLUTE
    __ARM_exceptions_init                     - Undefined Weak Reference
    __Heap_DescSize                           - Undefined Weak Reference
    __alloca_initialize                       - Undefined Weak Reference
    __cpp_initialize__aeabi_                  - Undefined Weak Reference
    __cxa_finalize                            - Undefined Weak Reference
    __sigvec_lookup                           - Undefined Weak Reference
    __user_heap_extend                        - Undefined Weak Reference
    _atexit_init                              - Undefined Weak Reference
    _call_atexit_fns                          - Undefined Weak Reference
    _clock_init                               - Undefined Weak Reference
    _fp_trap_init                             - Undefined Weak Reference
    _get_lc_collate                           - Undefined Weak Reference
    _get_lc_ctype                             - Undefined Weak Reference
    _get_lc_monetary                          - Undefined Weak Reference
    _get_lc_numeric                           - Undefined Weak Reference
    _get_lc_time                              - Undefined Weak Reference
    _getenv_init                              - Undefined Weak Reference
    _handle_redirection                       - Undefined Weak Reference
    _init_alloc                               - Undefined Weak Reference
    _init_user_alloc                          - Undefined Weak Reference
    _initio                                   - Undefined Weak Reference
    _mutex_acquire                            - Undefined Weak Reference
    _mutex_release                            - Undefined Weak Reference
    _printf_charcount                         - Undefined Weak Reference
    _printf_fp_dec                            - Undefined Weak Reference
    _printf_fp_hex                            - Undefined Weak Reference
    _printf_int_dec                           - Undefined Weak Reference
    _printf_longlong_dec                      - Undefined Weak Reference
    _printf_longlong_hex                      - Undefined Weak Reference
    _printf_longlong_oct                      - Undefined Weak Reference
    _printf_mbtowc                            - Undefined Weak Reference
    _printf_post_padding                      - Undefined Weak Reference
    _printf_pre_padding                       - Undefined Weak Reference
    _printf_wc                                - Undefined Weak Reference
    _printf_wctomb                            - Undefined Weak Reference
    _rand_init                                - Undefined Weak Reference
    _signal_init                              - Undefined Weak Reference
    _terminate_user_alloc                     - Undefined Weak Reference
    _terminateio                              - Undefined Weak Reference
    __Vectors                                0x08000000   Data           4  stm32f10x.o(RESET)
    __main                                   0x080000ed   Thumb Code     8  __main.o(!!!main)
    __scatterload                            0x080000f5   Thumb Code     0  __scatter.o(!!!scatter)
    __scatterload_rt2                        0x080000f5   Thumb Code    44  __scatter.o(!!!scatter)
    __scatterload_rt2_thumb_only             0x080000f5   Thumb Code     0  __scatter.o(!!!scatter)
    __scatterload_null                       0x08000103   Thumb Code     0  __scatter.o(!!!scatter)
    __scatterload_copy                       0x08000129   Thumb Code    26  __scatter_copy.o(!!handler_copy)
    __scatterload_zeroinit                   0x08000145   Thumb Code    28  __scatter_zi.o(!!handler_zi)
    Region$$Table$$Base                      0x08000160   Number         0  anon$$obj.o(Region$$Table)
    Region$$Table$$Limit                     0x08000180   Number         0  anon$$obj.o(Region$$Table)
    __ARM_argv_veneer                        0x08004181   Thumb Code     4  lib_init.o(.emb_text)
    Reset_Handler                            0x08004185   Thumb Code     4  stm32f10x.o(.text)
    NMI_Handler                              0x08004189   Thumb Code     2  stm32f10x.o(.text)
    HardFault_Handler                        0x0800418b   Thumb Code     2  stm32f10x.o(.text)
    MemManage_Handler                        0x0800418d   Thumb Code     2  stm32f10x.o(.text)
    BusFault_Handler                         0x0800418f   Thumb Code     2  stm32f10x.o(.text)
    UsageFault_Handler                       0x08004191   Thumb Code     2  stm32f10x.o(.text)
    SVC_Handler                              0x08004193   Thumb Code     2  stm32f10x.o(.text)
    DebugMon_Handler                         0x08004195   Thumb Code     2  stm32f10x.o(.text)
    PendSV_Handler                           0x08004197   Thumb Code     2  stm32f10x.o(.text)
    SysTick_Handler                          0x08004199   Thumb Code     2  stm32f10x.o(.text)
    ADC_IRQHandler                           0x0800419b   Thumb Code     0  stm32f10x.o(.text)
    CAN_RX1_IRQHandler                       0x0800419b   Thumb Code     0  stm32f10x.o(.text)
    CAN_SCE_IRQHandler                       0x0800419b   Thumb Code     0  stm32f10x.o(.text)
    DMAChannel1_IRQHandler                   0x0800419b   Thumb Code     0  stm32f10x.o(.text)
    DMAChannel2_IRQHandler                   0x0800419b   Thumb Code     0  stm32f10x.o(.text)
    DMAChannel3_IRQHandler                   0x0800419b   Thumb Code     0  stm32f10x.o(.text)
    DMAChannel4_IRQHandler                   0x0800419b   Thumb Code     0  stm32f10x.o(.text)
    DMAChannel5_IRQHandler                   0x0800419b   Thumb Code     0  stm32f10x.o(.text)
    DMAChannel6_IRQHandler                   0x0800419b   Thumb Code     0  stm32f10x.o(.text)
    DMAChannel7_IRQHandler                   0x0800419b   Thumb Code     0  stm32f10x.o(.text)
    EXTI0_IRQHandler                         0x0800419b   Thumb Code     0  stm32f10x.o(.text)
    EXTI15_10_IRQHandler                     0x0800419b   Thumb Code     0  stm32f10x.o(.text)
    EXTI1_IRQHandler                         0x0800419b   Thumb Code     0  stm32f10x.o(.text)
    EXTI2_IRQHandler                         0x0800419b   Thumb Code     0  stm32f10x.o(.text)
    EXTI3_IRQHandler                         0x0800419b   Thumb Code     0  stm32f10x.o(.text)
    EXTI4_IRQHandler                         0x0800419b   Thumb Code     0  stm32f10x.o(.text)
    EXTI9_5_IRQHandler                       0x0800419b   Thumb Code     0  stm32f10x.o(.text)
    FLASH_IRQHandler                         0x0800419b   Thumb Code     0  stm32f10x.o(.text)
    I2C1_ER_IRQHandler                       0x0800419b   Thumb Code     0  stm32f10x.o(.text)
    I2C1_EV_IRQHandler                       0x0800419b   Thumb Code     0  stm32f10x.o(.text)
    I2C2_ER_IRQHandler                       0x0800419b   Thumb Code     0  stm32f10x.o(.text)
    I2C2_EV_IRQHandler                       0x0800419b   Thumb Code     0  stm32f10x.o(.text)
    PVD_IRQHandler                           0x0800419b   Thumb Code     0  stm32f10x.o(.text)
    RCC_IRQHandler                           0x0800419b   Thumb Code     0  stm32f10x.o(.text)
    RTCAlarm_IRQHandler                      0x0800419b   Thumb Code     0  stm32f10x.o(.text)
    RTC_IRQHandler                           0x0800419b   Thumb Code     0  stm32f10x.o(.text)
    SPI1_IRQHandler                          0x0800419b   Thumb Code     0  stm32f10x.o(.text)
    SPI2_IRQHandler                          0x0800419b   Thumb Code     0  stm32f10x.o(.text)
    TAMPER_IRQHandler                        0x0800419b   Thumb Code     0  stm32f10x.o(.text)
    TIM1_BRK_IRQHandler                      0x0800419b   Thumb Code     0  stm32f10x.o(.text)
    TIM1_CC_IRQHandler                       0x0800419b   Thumb Code     0  stm32f10x.o(.text)
    TIM1_TRG_COM_IRQHandler                  0x0800419b   Thumb Code     0  stm32f10x.o(.text)
    TIM1_UP_IRQHandler                       0x0800419b   Thumb Code     0  stm32f10x.o(.text)
    TIM2_IRQHandler                          0x0800419b   Thumb Code     0  stm32f10x.o(.text)
    TIM3_IRQHandler                          0x0800419b   Thumb Code     0  stm32f10x.o(.text)
    TIM4_IRQHandler                          0x0800419b   Thumb Code     0  stm32f10x.o(.text)
    USART1_IRQHandler                        0x0800419b   Thumb Code     0  stm32f10x.o(.text)
    USART2_IRQHandler                        0x0800419b   Thumb Code     0  stm32f10x.o(.text)
    USART3_IRQHandler                        0x0800419b   Thumb Code     0  stm32f10x.o(.text)
    USBWakeUp_IRQHandler                     0x0800419b   Thumb Code     0  stm32f10x.o(.text)
    USB_HP_CAN_TX_IRQHandler                 0x0800419b   Thumb Code     0  stm32f10x.o(.text)
    USB_LP_CAN_RX0_IRQHandler                0x0800419b   Thumb Code     0  stm32f10x.o(.text)
    WWDG_IRQHandler                          0x0800419b   Thumb Code     0  stm32f10x.o(.text)
    __user_initial_stackheap                 0x0800419d   Thumb Code     0  stm32f10x.o(.text)
    main                                     0x080041b9   Thumb Code    46  test_usart.o(.text)
    usartx_setup                             0x0800423d   Thumb Code   560  lib_usartx_pol.o(.text)
    fputc                                    0x0800446d   Thumb Code    26  lib_usartx_pol.o(.text)
    fgetc                                    0x08004487   Thumb Code    28  lib_usartx_pol.o(.text)
    __printf                                 0x080044c5   Thumb Code   734  __printf.o(.text)
    _printf_return_value                     0x080047a3   Thumb Code     2  __printf.o(.text)
    _printf_percent                          0x080047a5   Thumb Code     2  __printf.o(.text)
    _printf_sizespec                         0x080047a7   Thumb Code     2  __printf.o(.text)
    _printf_str                              0x080047ad   Thumb Code    88  _printf_str.o(.text)
    __0printf                                0x08004805   Thumb Code    42  __0printf.o(.text)
    __1printf                                0x08004805   Thumb Code     0  __0printf.o(.text)
    getc                                     0x08004839   Thumb Code     4  getc.o(.text)
    __use_two_region_memory                  0x0800483d   Thumb Code     2  stkheap2.o(.text)
    __rt_stackheap_init                      0x0800483f   Thumb Code    24  stkheap2.o(.text)
    __rt_heap_extend                         0x08004857   Thumb Code    12  stkheap2.o(.text)
    __rt_entry                               0x08004863   Thumb Code    36  kernel.o(.text)
    __rt_exit                                0x08004887   Thumb Code    18  kernel.o(.text)
    __rt_abort                               0x08004899   Thumb Code     8  kernel.o(.text)
    __user_setup_stackheap                   0x080048a1   Thumb Code    74  sys_stackheap_outer.o(.text)
    __rt_stackheap_storage                   0x080048ed   Thumb Code     6  rt_stackheap_storage_intlibspace.o(.text)
    _printf_char_common                      0x080048f9   Thumb Code    42  _printf_char_common.o(.text)
    ferror                                   0x0800492d   Thumb Code    30  ferror.o(.text)
    _sys_exit                                0x0800494d   Thumb Code    16  sys_exit.o(.text)
    __user_libspace                          0x08004961   Thumb Code     4  libspace.o(.text)
    __user_perproc_libspace                  0x08004961   Thumb Code     0  libspace.o(.text)
    __user_perthread_libspace                0x08004961   Thumb Code     0  libspace.o(.text)
    _printf_outstr_char                      0x08004969   Thumb Code    26  _printf_outstr_char.o(.text)
    _printf_input_char                       0x08004983   Thumb Code    10  _printf_input_char.o(.text)
    exit                                     0x0800498d   Thumb Code    12  exit.o(.text)
    __rt_lib_init                            0x08004999   Thumb Code   174  lib_init.o(.text)
    __rt_lib_shutdown                        0x08004a47   Thumb Code    18  lib_init.o(.text)
    _platform_post_stackheap_init            0x08004a59   Thumb Code    10  boardinit2.o(.text)
    _platform_post_lib_init                  0x08004a63   Thumb Code     8  boardinit3.o(.text)
    __I_use_semihosting                      0x08004a6b   Thumb Code     0  use_no_semi.o(.text)
    __use_no_semihosting_swi                 0x08004a6b   Thumb Code     2  use_no_semi.o(.text)
    __rt_locale                              0x08004a6d   Thumb Code     6  rt_locale_intlibspace.o(.text)
    __ARM_get_argv                           0x08004a79   Thumb Code     2  no_argv.o(.text)
    __rt_fp_status_addr                      0x08004a7d   Thumb Code     6  rt_fp_status_addr_intlibspace.o(.text)
    _fp_init                                 0x08004a89   Thumb Code    14  fpinit.o(x$fpl$fpinit)
    __fplib_config_pureend_doubles           0x08004a95   Thumb Code     0  fpinit.o(x$fpl$fpinit)
    __stdout                                 0x20000000   Data           4  lib_usartx_pol.o(.data)
    __stdin                                  0x20000004   Data           4  lib_usartx_pol.o(.data)
    __libspace_start                         0x20000008   Data          96  libspace.o(.bss)
    __temporary_stack_top_libspace           0x20000068   Data           0  libspace.o(.bss)


================================================================================

Memory Map of the image

  Image Entry point : 0x08004185

  Load Region LR_IROM1 (Base: 0x08000000, Size: 0x00004ab0, Max: 0x00080000, ABSOLUTE)

    Execution Region ER_IROM1 (Base: 0x08000000, Size: 0x00000180, Max: 0x00080000, ABSOLUTE)

    Base Addr    Size         Type   Attr      Idx    E Section Name        Object

    0x08000000   0x000000ec   Data   RO            3    RESET               stm32f10x.o
    0x080000ec   0x00000008   Code   RO           85  * !!!main             __main.o(c_w.l)
    0x080000f4   0x00000034   Code   RO          189    !!!scatter          __scatter.o(c_w.l)
    0x08000128   0x0000001a   Code   RO          191    !!handler_copy      __scatter_copy.o(c_w.l)
    0x08000142   0x00000002   PAD
    0x08000144   0x0000001c   Code   RO          193    !!handler_zi        __scatter_zi.o(c_w.l)
    0x08000160   0x00000020   Data   RO          186    Region$$Table       anon$$obj.o


    Execution Region ER_IROM2 (Base: 0x08004180, Size: 0x00000928, Max: 0xffffffff, ABSOLUTE, FIXED)

    Base Addr    Size         Type   Attr      Idx    E Section Name        Object

    0x08004180   0x00000004   Code   RO          114    .emb_text           lib_init.o(c_w.l)
    0x08004184   0x00000034   Code   RO            4  * .text               stm32f10x.o
    0x080041b8   0x00000084   Code   RO           11    .text               test_usart.o
    0x0800423c   0x00000288   Code   RO           31    .text               lib_usartx_pol.o
    0x080044c4   0x000002e8   Code   RO           74    .text               __printf.o(c_w.l)
    0x080047ac   0x00000058   Code   RO           77    .text               _printf_str.o(c_w.l)
    0x08004804   0x00000034   Code   RO           79    .text               __0printf.o(c_w.l)
    0x08004838   0x00000004   Code   RO           81    .text               getc.o(c_w.l)
    0x0800483c   0x00000026   Code   RO           83    .text               stkheap2.o(c_w.l)
    0x08004862   0x0000003e   Code   RO           87    .text               kernel.o(c_w.l)
    0x080048a0   0x0000004a   Code   RO           90    .text               sys_stackheap_outer.o(c_w.l)
    0x080048ea   0x00000002   PAD
    0x080048ec   0x0000000c   Code   RO           95    .text               rt_stackheap_storage_intlibspace.o(c_w.l)
    0x080048f8   0x00000034   Code   RO           97    .text               _printf_char_common.o(c_w.l)
    0x0800492c   0x0000001e   Code   RO           99    .text               ferror.o(c_w.l)
    0x0800494a   0x00000002   PAD
    0x0800494c   0x00000014   Code   RO          101    .text               sys_exit.o(c_w.l)
    0x08004960   0x00000008   Code   RO          103    .text               libspace.o(c_w.l)
    0x08004968   0x0000001a   Code   RO          106    .text               _printf_outstr_char.o(c_w.l)
    0x08004982   0x0000000a   Code   RO          108    .text               _printf_input_char.o(c_w.l)
    0x0800498c   0x0000000c   Code   RO          110    .text               exit.o(c_w.l)
    0x08004998   0x000000c0   Code   RO          115    .text               lib_init.o(c_w.l)
    0x08004a58   0x0000000a   Code   RO          120    .text               boardinit2.o(c_w.l)
    0x08004a62   0x00000008   Code   RO          122    .text               boardinit3.o(c_w.l)
    0x08004a6a   0x00000002   Code   RO          126    .text               use_no_semi.o(c_w.l)
    0x08004a6c   0x0000000c   Code   RO          131    .text               rt_locale_intlibspace.o(c_w.l)
    0x08004a78   0x00000002   Code   RO          137    .text               no_argv.o(c_w.l)
    0x08004a7a   0x00000002   PAD
    0x08004a7c   0x0000000c   Code   RO          146    .text               rt_fp_status_addr_intlibspace.o(c_w.l)
    0x08004a88   0x0000000e   Code   RO          139    x$fpl$fpinit        fpinit.o(fz_ws.l)
    0x08004a96   0x00000011   Data   RO           75    .constdata          __printf.o(c_w.l)


    Execution Region RW_IRAM1 (Base: 0x20000000, Size: 0x00000008, Max: 0x00018000, ABSOLUTE)

    Base Addr    Size         Type   Attr      Idx    E Section Name        Object

    0x20000000   0x00000008   Data   RW           32    .data               lib_usartx_pol.o


    Execution Region RW_IRAM2 (Base: 0x20000008, Size: 0x00000260, Max: 0x00018000, ABSOLUTE)

    Base Addr    Size         Type   Attr      Idx    E Section Name        Object

    0x20000008   0x00000060   Zero   RW          104    .bss                libspace.o(c_w.l)
    0x20000068   0x00000000   Zero   RW            2    HEAP                stm32f10x.o
    0x20000068   0x00000200   Zero   RW            1    STACK               stm32f10x.o


================================================================================

Image component sizes


      Code (inc. data)   RO Data    RW Data    ZI Data      Debug   Object Name

       648         34          0          8          0       4195   lib_usartx_pol.o
        52         18        236          0        512       1598   stm32f10x.o
       132         86          0          0          0       1791   test_usart.o

    ------------------------------------------------------------------------
       832        138      16652          8        512       7584   Object Totals
         0          0         32          0          0          0   (incl. Generated)
         0          0      16384          0          0          0   (incl. Padding)

    ------------------------------------------------------------------------

      Code (inc. data)   RO Data    RW Data    ZI Data      Debug   Library Member Name

        52         10          0          0          0          0   __0printf.o
         8          0          0          0          0          0   __main.o
       744          4         17          0          0          0   __printf.o
        52          8          0          0          0          0   __scatter.o
        26          0          0          0          0          0   __scatter_copy.o
        28          0          0          0          0          0   __scatter_zi.o
        52         10          0          0          0          0   _printf_char_common.o
        10          0          0          0          0          0   _printf_input_char.o
        26          0          0          0          0          0   _printf_outstr_char.o
        88          0          0          0          0          0   _printf_str.o
        10          0          0          0          0          0   boardinit2.o
         8          0          0          0          0          0   boardinit3.o
        12          0          0          0          0          0   exit.o
        30          0          0          0          0          0   ferror.o
        14          0          0          0          0          0   fpinit.o
         4          0          0          0          0          0   getc.o
        62          0          0          0          0          0   kernel.o
       196          0          0          0          0          0   lib_init.o
         8          4          0          0         96          0   libspace.o
         2          0          0          0          0          0   no_argv.o
        12          6          0          0          0          0   rt_fp_status_addr_intlibspace.o
        12          6          0          0          0          0   rt_locale_intlibspace.o
        12          6          0          0          0          0   rt_stackheap_storage_intlibspace.o
        38          0          0          0          0          0   stkheap2.o
        20         10          0          0          0          0   sys_exit.o
        74          0          0          0          0          0   sys_stackheap_outer.o
         2          0          0          0          0          0   use_no_semi.o

    ------------------------------------------------------------------------
      1610         64         18          0         96          0   Library Totals
         8          0          1          0          0          0   (incl. Padding)

    ------------------------------------------------------------------------

      Code (inc. data)   RO Data    RW Data    ZI Data      Debug   Library Name

      1588         64         17          0         96          0   c_w.l
        14          0          0          0          0          0   fz_ws.l

    ------------------------------------------------------------------------
      1610         64         18          0         96          0   Library Totals

    ------------------------------------------------------------------------

================================================================================


      Code (inc. data)   RO Data    RW Data    ZI Data      Debug   

      2442        202      16670          8        608       7584   Grand Totals
      2442        202      16670          8        608       7584   ELF Image Totals
      2442        202      16670          8          0          0   ROM Totals

================================================================================

    Total RO  Size (Code + RO Data)                19112 (  18.66kB)
    Total RW  Size (RW Data + ZI Data)               616 (   0.60kB)
    Total ROM Size (Code + RO Data + RW Data)      19120 (  18.67kB)

================================================================================

