ARM Linker, RVCT4.0 [Build 524] for uVision [Evaluation]

==============================================================================

Section Cross References

    stm32f10x.o(RESET) refers to stm32f10x.o(STACK) for __initial_sp
    stm32f10x.o(RESET) refers to stm32f10x.o(.text) for Reset_Handler
    stm32f10x.o(RESET) refers to principal_4.o(.text) for SysTick_Handler
    stm32f10x.o(.text) refers to entry.o(.ARM.Collect$$$$00000000) for __main
    pwm.o(.text) refers to fdiv.o(.text) for __aeabi_fdiv
    pwm.o(.text) refers to f2d.o(.text) for __aeabi_f2d
    pwm.o(.text) refers to cdcmple.o(.text) for __aeabi_cdcmple
    pwm.o(.text) refers to ffixui.o(.text) for __aeabi_f2uiz
    pwm.o(.text) refers to dmul.o(.text) for __aeabi_dmul
    pwm.o(.text) refers to ddiv.o(.text) for __aeabi_ddiv
    pwm.o(.text) refers to dadd.o(.text) for __aeabi_dadd
    pwm.o(.text) refers to d2f.o(.text) for __aeabi_d2f
    pwm.o(.text) refers to ffltui.o(.text) for __aeabi_ui2f
    pwm.o(.text) refers to fmul.o(.text) for __aeabi_fmul
    nvic_systick.o(.text) refers to fmul.o(.text) for __aeabi_fmul
    nvic_systick.o(.text) refers to ffixui.o(.text) for __aeabi_f2uiz
    nvic_systick.o(.text) refers to cfrcmple.o(.text) for __aeabi_cfrcmple
    nvic_systick.o(.text) refers to ffltui.o(.text) for __aeabi_ui2f
    nvic_systick.o(.text) refers to fdiv.o(.text) for __aeabi_fdiv
    adc.o(.text) refers to fmul.o(.text) for __aeabi_fmul
    adc.o(.text) refers to f2d.o(.text) for __aeabi_f2d
    adc.o(.text) refers to dmul.o(.text) for __aeabi_dmul
    adc.o(.text) refers to d2f.o(.text) for __aeabi_d2f
    adc.o(.text) refers to cdcmple.o(.text) for __aeabi_cdcmple
    adc.o(.text) refers to ddiv.o(.text) for __aeabi_ddiv
    adc.o(.text) refers to dadd.o(.text) for __aeabi_dadd
    adc.o(.text) refers to adc.o(.bss) for Tab_Resu_ADC
    principal_4.o(.text) refers to adc.o(.text) for ADC_Lire
    principal_4.o(.text) refers to port_io.o(.text) for Port_IO_Init
    principal_4.o(.text) refers to pwm.o(.text) for PWM_Init
    principal_4.o(.text) refers to nvic_systick.o(.text) for Systick_Prio_IT
    principal_4.o(.text) refers to principal_4.o(.data) for Puissance
    entry.o(.ARM.Collect$$$$00000000) refers (Special) to entry7.o(.ARM.Collect$$$$00000007) for _main_init
    entry.o(.ARM.Collect$$$$00000000) refers (Special) to entry5.o(.ARM.Collect$$$$00000004) for _main_scatterload
    entry.o(.ARM.Collect$$$$00000000) refers (Special) to entry2.o(.ARM.Collect$$$$00000001) for _main_stk
    fmul.o(.text) refers (Special) to iusefp.o(.text) for __I$use$fp
    fdiv.o(.text) refers (Special) to iusefp.o(.text) for __I$use$fp
    fdiv.o(.text) refers to fepilogue.o(.text) for _float_epilogue
    dadd.o(.text) refers (Special) to iusefp.o(.text) for __I$use$fp
    dadd.o(.text) refers to llushr.o(.text) for __aeabi_llsr
    dadd.o(.text) refers to llshl.o(.text) for __aeabi_llsl
    dadd.o(.text) refers to depilogue.o(.text) for _double_epilogue
    dmul.o(.text) refers (Special) to iusefp.o(.text) for __I$use$fp
    dmul.o(.text) refers to depilogue.o(.text) for _double_epilogue
    ddiv.o(.text) refers (Special) to iusefp.o(.text) for __I$use$fp
    ddiv.o(.text) refers to depilogue.o(.text) for _double_epilogue
    ffltui.o(.text) refers (Special) to iusefp.o(.text) for __I$use$fp
    ffltui.o(.text) refers to fepilogue.o(.text) for _float_epilogue
    ffixui.o(.text) refers (Special) to iusefp.o(.text) for __I$use$fp
    f2d.o(.text) refers (Special) to iusefp.o(.text) for __I$use$fp
    cdcmple.o(.text) refers (Special) to iusefp.o(.text) for __I$use$fp
    d2f.o(.text) refers (Special) to iusefp.o(.text) for __I$use$fp
    d2f.o(.text) refers to fepilogue.o(.text) for _float_epilogue
    cfrcmple.o(.text) refers (Special) to iusefp.o(.text) for __I$use$fp
    entry2.o(.ARM.Collect$$$$00000001) refers to entry2.o(.ARM.Collect$$$$00002712) for __lit__00000000
    entry2.o(.ARM.Collect$$$$00002712) refers to stm32f10x.o(STACK) for __initial_sp
    entry2.o(__vectab_stack_and_reset_area) refers to stm32f10x.o(STACK) for __initial_sp
    entry2.o(__vectab_stack_and_reset_area) refers to entry.o(.ARM.Collect$$$$00000000) for __main
    entry5.o(.ARM.Collect$$$$00000004) refers to init.o(.text) for __scatterload
    entry7.o(.ARM.Collect$$$$00000007) refers to principal_4.o(.text) for main
    init.o(.text) refers to entry5.o(.ARM.Collect$$$$00000004) for __main_after_scatterload


==============================================================================

Removing Unused input sections from the image.

    Removing stm32f10x.o(HEAP), (0 bytes).

1 unused section(s) (total 0 bytes) removed from the image.

==============================================================================

Image Symbol Table

    Local Symbols

    Symbol Name                              Value     Ov Type        Size  Object(Section)

    ../../microlib/d2f.c                     0x00000000   Number         0  d2f.o ABSOLUTE
    ../../microlib/f2d.c                     0x00000000   Number         0  f2d.o ABSOLUTE
    ../../microlib/fpadd.c                   0x00000000   Number         0  dadd.o ABSOLUTE
    ../../microlib/fpdiv.c                   0x00000000   Number         0  ddiv.o ABSOLUTE
    ../../microlib/fpdiv.c                   0x00000000   Number         0  fdiv.o ABSOLUTE
    ../../microlib/fpepilogue.c              0x00000000   Number         0  fepilogue.o ABSOLUTE
    ../../microlib/fpepilogue.c              0x00000000   Number         0  depilogue.o ABSOLUTE
    ../../microlib/fpfix.c                   0x00000000   Number         0  ffixui.o ABSOLUTE
    ../../microlib/fpflt.c                   0x00000000   Number         0  ffltui.o ABSOLUTE
    ../../microlib/fpmul.c                   0x00000000   Number         0  fmul.o ABSOLUTE
    ../../microlib/fpmul.c                   0x00000000   Number         0  dmul.o ABSOLUTE
    ../../microlib/init/entry.s              0x00000000   Number         0  entry.o ABSOLUTE
    ../../microlib/init/entry.s              0x00000000   Number         0  entry7.o ABSOLUTE
    ../../microlib/init/entry.s              0x00000000   Number         0  entry5.o ABSOLUTE
    ../../microlib/init/entry.s              0x00000000   Number         0  entry2.o ABSOLUTE
    ../../microlib/longlong.c                0x00000000   Number         0  llushr.o ABSOLUTE
    ../../microlib/longlong.c                0x00000000   Number         0  llshl.o ABSOLUTE
    ../../microlib/stubs.s                   0x00000000   Number         0  iusefp.o ABSOLUTE
    ..\..\..\Bibli_INSA_STM32\Lib_STM32_TR_V2_1\NVIC_SysTick.c 0x00000000   Number         0  nvic_systick.o ABSOLUTE
    ..\..\..\Bibli_INSA_STM32\Lib_STM32_TR_V2_1\PWM.c 0x00000000   Number         0  pwm.o ABSOLUTE
    ..\..\..\Bibli_INSA_STM32\Lib_STM32_TR_V2_1\Port_IO.c 0x00000000   Number         0  port_io.o ABSOLUTE
    ..\..\..\Bibli_INSA_STM32\Lib_STM32_TR_V3_dev\ADC.c 0x00000000   Number         0  adc.o ABSOLUTE
    ..\Sys\STM32F10x.s                       0x00000000   Number         0  stm32f10x.o ABSOLUTE
    Principal_4.c                            0x00000000   Number         0  principal_4.o ABSOLUTE
    cdcmple.s                                0x00000000   Number         0  cdcmple.o ABSOLUTE
    cfrcmple.s                               0x00000000   Number         0  cfrcmple.o ABSOLUTE
    dc.s                                     0x00000000   Number         0  dc.o ABSOLUTE
    handlers.s                               0x00000000   Number         0  handlers.o ABSOLUTE
    init.s                                   0x00000000   Number         0  init.o ABSOLUTE
    RESET                                    0x08000000   Section      236  stm32f10x.o(RESET)
    .ARM.Collect$$$$00000000                 0x080000ec   Section        0  entry.o(.ARM.Collect$$$$00000000)
    .ARM.Collect$$$$00000001                 0x080000ec   Section        4  entry2.o(.ARM.Collect$$$$00000001)
    .ARM.Collect$$$$00000004                 0x080000f0   Section        4  entry5.o(.ARM.Collect$$$$00000004)
    .ARM.Collect$$$$00000007                 0x080000f4   Section        8  entry7.o(.ARM.Collect$$$$00000007)
    .ARM.Collect$$$$00002712                 0x080000fc   Section        4  entry2.o(.ARM.Collect$$$$00002712)
    __lit__00000000                          0x080000fc   Data           4  entry2.o(.ARM.Collect$$$$00002712)
    .text                                    0x08000100   Section       28  stm32f10x.o(.text)
    .text                                    0x0800011c   Section      672  pwm.o(.text)
    .text                                    0x080003bc   Section      312  nvic_systick.o(.text)
    .text                                    0x080004f4   Section      996  port_io.o(.text)
    .text                                    0x080008d8   Section     1208  adc.o(.text)
    .text                                    0x08000d90   Section      344  principal_4.o(.text)
    .text                                    0x08000ee8   Section      102  fmul.o(.text)
    .text                                    0x08000f4e   Section      108  fdiv.o(.text)
    .text                                    0x08000fba   Section      414  dadd.o(.text)
    _double_addcore                          0x08000fbb   Thumb Code   270  dadd.o(.text)
    .text                                    0x08001158   Section      232  dmul.o(.text)
    .text                                    0x08001240   Section      248  ddiv.o(.text)
    .text                                    0x08001338   Section       10  ffltui.o(.text)
    .text                                    0x08001342   Section       40  ffixui.o(.text)
    .text                                    0x0800136a   Section       36  f2d.o(.text)
    .text                                    0x08001390   Section       76  cdcmple.o(.text)
    .text                                    0x080013dc   Section       58  d2f.o(.text)
    .text                                    0x08001418   Section       20  cfrcmple.o(.text)
    .text                                    0x0800142c   Section       32  llshl.o(.text)
    .text                                    0x0800144c   Section       30  llushr.o(.text)
    .text                                    0x0800146a   Section        0  iusefp.o(.text)
    .text                                    0x0800146a   Section       92  fepilogue.o(.text)
    .text                                    0x080014c8   Section      200  depilogue.o(.text)
    .text                                    0x08001590   Section       36  init.o(.text)
    i.__scatterload_copy                     0x080015b4   Section       14  handlers.o(i.__scatterload_copy)
    i.__scatterload_null                     0x080015c2   Section        2  handlers.o(i.__scatterload_null)
    i.__scatterload_zeroinit                 0x080015c4   Section       14  handlers.o(i.__scatterload_zeroinit)
    .data                                    0x20000000   Section        3  principal_4.o(.data)
    .bss                                     0x20000004   Section       32  adc.o(.bss)
    STACK                                    0x20000028   Section      512  stm32f10x.o(STACK)

    Global Symbols

    Symbol Name                              Value     Ov Type        Size  Object(Section)

    BuildAttributes$$THM_ISAv4$P$D$K$B$S$PE$A:L22UL41UL21$X:L11$S22US41US21$IEEE1$IW$USESV6$~STKCKD$USESV7$~SHL$OSPACE$ROPI$EBA8$MICROLIB$REQ8$PRES8$EABIv2 0x00000000   Number         0  anon$$obj.o ABSOLUTE
    __ARM_use_no_argv                        0x00000000   Number         0  principal_4.o ABSOLUTE
    __decompress                              - Undefined Weak Reference
    __Vectors                                0x08000000   Data           4  stm32f10x.o(RESET)
    __main                                   0x080000ed   Thumb Code     0  entry.o(.ARM.Collect$$$$00000000)
    _main_stk                                0x080000ed   Thumb Code     0  entry2.o(.ARM.Collect$$$$00000001)
    _main_scatterload                        0x080000f1   Thumb Code     0  entry5.o(.ARM.Collect$$$$00000004)
    __main_after_scatterload                 0x080000f5   Thumb Code     0  entry5.o(.ARM.Collect$$$$00000004)
    _main_init                               0x080000f5   Thumb Code     0  entry7.o(.ARM.Collect$$$$00000007)
    Reset_Handler                            0x08000101   Thumb Code     4  stm32f10x.o(.text)
    NMI_Handler                              0x08000105   Thumb Code     2  stm32f10x.o(.text)
    HardFault_Handler                        0x08000107   Thumb Code     2  stm32f10x.o(.text)
    MemManage_Handler                        0x08000109   Thumb Code     2  stm32f10x.o(.text)
    BusFault_Handler                         0x0800010b   Thumb Code     2  stm32f10x.o(.text)
    UsageFault_Handler                       0x0800010d   Thumb Code     2  stm32f10x.o(.text)
    SVC_Handler                              0x0800010f   Thumb Code     2  stm32f10x.o(.text)
    DebugMon_Handler                         0x08000111   Thumb Code     2  stm32f10x.o(.text)
    PendSV_Handler                           0x08000113   Thumb Code     2  stm32f10x.o(.text)
    ADC_IRQHandler                           0x08000117   Thumb Code     0  stm32f10x.o(.text)
    CAN_RX1_IRQHandler                       0x08000117   Thumb Code     0  stm32f10x.o(.text)
    CAN_SCE_IRQHandler                       0x08000117   Thumb Code     0  stm32f10x.o(.text)
    DMAChannel1_IRQHandler                   0x08000117   Thumb Code     0  stm32f10x.o(.text)
    DMAChannel2_IRQHandler                   0x08000117   Thumb Code     0  stm32f10x.o(.text)
    DMAChannel3_IRQHandler                   0x08000117   Thumb Code     0  stm32f10x.o(.text)
    DMAChannel4_IRQHandler                   0x08000117   Thumb Code     0  stm32f10x.o(.text)
    DMAChannel5_IRQHandler                   0x08000117   Thumb Code     0  stm32f10x.o(.text)
    DMAChannel6_IRQHandler                   0x08000117   Thumb Code     0  stm32f10x.o(.text)
    DMAChannel7_IRQHandler                   0x08000117   Thumb Code     0  stm32f10x.o(.text)
    EXTI0_IRQHandler                         0x08000117   Thumb Code     0  stm32f10x.o(.text)
    EXTI15_10_IRQHandler                     0x08000117   Thumb Code     0  stm32f10x.o(.text)
    EXTI1_IRQHandler                         0x08000117   Thumb Code     0  stm32f10x.o(.text)
    EXTI2_IRQHandler                         0x08000117   Thumb Code     0  stm32f10x.o(.text)
    EXTI3_IRQHandler                         0x08000117   Thumb Code     0  stm32f10x.o(.text)
    EXTI4_IRQHandler                         0x08000117   Thumb Code     0  stm32f10x.o(.text)
    EXTI9_5_IRQHandler                       0x08000117   Thumb Code     0  stm32f10x.o(.text)
    FLASH_IRQHandler                         0x08000117   Thumb Code     0  stm32f10x.o(.text)
    I2C1_ER_IRQHandler                       0x08000117   Thumb Code     0  stm32f10x.o(.text)
    I2C1_EV_IRQHandler                       0x08000117   Thumb Code     0  stm32f10x.o(.text)
    I2C2_ER_IRQHandler                       0x08000117   Thumb Code     0  stm32f10x.o(.text)
    I2C2_EV_IRQHandler                       0x08000117   Thumb Code     0  stm32f10x.o(.text)
    PVD_IRQHandler                           0x08000117   Thumb Code     0  stm32f10x.o(.text)
    RCC_IRQHandler                           0x08000117   Thumb Code     0  stm32f10x.o(.text)
    RTCAlarm_IRQHandler                      0x08000117   Thumb Code     0  stm32f10x.o(.text)
    RTC_IRQHandler                           0x08000117   Thumb Code     0  stm32f10x.o(.text)
    SPI1_IRQHandler                          0x08000117   Thumb Code     0  stm32f10x.o(.text)
    SPI2_IRQHandler                          0x08000117   Thumb Code     0  stm32f10x.o(.text)
    TAMPER_IRQHandler                        0x08000117   Thumb Code     0  stm32f10x.o(.text)
    TIM1_BRK_IRQHandler                      0x08000117   Thumb Code     0  stm32f10x.o(.text)
    TIM1_CC_IRQHandler                       0x08000117   Thumb Code     0  stm32f10x.o(.text)
    TIM1_TRG_COM_IRQHandler                  0x08000117   Thumb Code     0  stm32f10x.o(.text)
    TIM1_UP_IRQHandler                       0x08000117   Thumb Code     0  stm32f10x.o(.text)
    TIM2_IRQHandler                          0x08000117   Thumb Code     0  stm32f10x.o(.text)
    TIM3_IRQHandler                          0x08000117   Thumb Code     0  stm32f10x.o(.text)
    TIM4_IRQHandler                          0x08000117   Thumb Code     0  stm32f10x.o(.text)
    USART1_IRQHandler                        0x08000117   Thumb Code     0  stm32f10x.o(.text)
    USART2_IRQHandler                        0x08000117   Thumb Code     0  stm32f10x.o(.text)
    USART3_IRQHandler                        0x08000117   Thumb Code     0  stm32f10x.o(.text)
    USBWakeUp_IRQHandler                     0x08000117   Thumb Code     0  stm32f10x.o(.text)
    USB_HP_CAN_TX_IRQHandler                 0x08000117   Thumb Code     0  stm32f10x.o(.text)
    USB_LP_CAN_RX0_IRQHandler                0x08000117   Thumb Code     0  stm32f10x.o(.text)
    WWDG_IRQHandler                          0x08000117   Thumb Code     0  stm32f10x.o(.text)
    PWM_Init                                 0x0800011d   Thumb Code   634  pwm.o(.text)
    NVIC_Enable_IT                           0x080003bd   Thumb Code    66  nvic_systick.o(.text)
    NVIC_Disable_IT                          0x080003ff   Thumb Code    66  nvic_systick.o(.text)
    NVIC_Prio_IT                             0x08000441   Thumb Code    72  nvic_systick.o(.text)
    Systick_Prio_IT                          0x08000489   Thumb Code    24  nvic_systick.o(.text)
    Systick_Period                           0x080004a1   Thumb Code    66  nvic_systick.o(.text)
    Port_IO_Init                             0x080004f5   Thumb Code   568  port_io.o(.text)
    Port_IO_Set                              0x0800072d   Thumb Code   138  port_io.o(.text)
    Port_IO_Clr                              0x080007b7   Thumb Code   138  port_io.o(.text)
    Port_IO_Lire                             0x08000841   Thumb Code   130  port_io.o(.text)
    ADC_Init                                 0x080008d9   Thumb Code  1192  adc.o(.text)
    ADC_Lire                                 0x08000d81   Thumb Code    10  adc.o(.text)
    SysTick_Handler                          0x08000d91   Thumb Code    96  principal_4.o(.text)
    main                                     0x08000df1   Thumb Code   216  principal_4.o(.text)
    __aeabi_fmul                             0x08000ee9   Thumb Code   102  fmul.o(.text)
    __aeabi_fdiv                             0x08000f4f   Thumb Code   108  fdiv.o(.text)
    __aeabi_dadd                             0x080010c9   Thumb Code    48  dadd.o(.text)
    __aeabi_dsub                             0x080010f9   Thumb Code    48  dadd.o(.text)
    __aeabi_drsub                            0x08001129   Thumb Code    48  dadd.o(.text)
    __aeabi_dmul                             0x08001159   Thumb Code   232  dmul.o(.text)
    __aeabi_ddiv                             0x08001241   Thumb Code   248  ddiv.o(.text)
    __aeabi_ui2f                             0x08001339   Thumb Code    10  ffltui.o(.text)
    __aeabi_f2uiz                            0x08001343   Thumb Code    40  ffixui.o(.text)
    __aeabi_f2d                              0x0800136b   Thumb Code    36  f2d.o(.text)
    __aeabi_cdcmpeq                          0x08001391   Thumb Code     0  cdcmple.o(.text)
    __aeabi_cdcmple                          0x08001391   Thumb Code    74  cdcmple.o(.text)
    __aeabi_d2f                              0x080013dd   Thumb Code    58  d2f.o(.text)
    __aeabi_cfrcmple                         0x08001419   Thumb Code    20  cfrcmple.o(.text)
    __aeabi_llsl                             0x0800142d   Thumb Code    32  llshl.o(.text)
    _ll_shift_l                              0x0800142d   Thumb Code     0  llshl.o(.text)
    __aeabi_llsr                             0x0800144d   Thumb Code    30  llushr.o(.text)
    _ll_ushift_r                             0x0800144d   Thumb Code     0  llushr.o(.text)
    __I$use$fp                               0x0800146b   Thumb Code     0  iusefp.o(.text)
    _float_round                             0x0800146b   Thumb Code    18  fepilogue.o(.text)
    _float_epilogue                          0x0800147d   Thumb Code    74  fepilogue.o(.text)
    _double_round                            0x080014c9   Thumb Code    54  depilogue.o(.text)
    _double_epilogue                         0x080014ff   Thumb Code   142  depilogue.o(.text)
    __scatterload                            0x08001591   Thumb Code    28  init.o(.text)
    __scatterload_rt2                        0x08001591   Thumb Code     0  init.o(.text)
    __scatterload_copy                       0x080015b5   Thumb Code    14  handlers.o(i.__scatterload_copy)
    __scatterload_null                       0x080015c3   Thumb Code     2  handlers.o(i.__scatterload_null)
    __scatterload_zeroinit                   0x080015c5   Thumb Code    14  handlers.o(i.__scatterload_zeroinit)
    Region$$Table$$Base                      0x080015d4   Number         0  anon$$obj.o(Region$$Table)
    Region$$Table$$Limit                     0x080015f4   Number         0  anon$$obj.o(Region$$Table)
    Puissance                                0x20000000   Data           2  principal_4.o(.data)
    UpDown                                   0x20000002   Data           1  principal_4.o(.data)
    Tab_Resu_ADC                             0x20000004   Data          32  adc.o(.bss)
    __initial_sp                             0x20000228   Data           0  stm32f10x.o(STACK)



==============================================================================

Memory Map of the image

  Image Entry point : 0x08000101

  Load Region LR_1 (Base: 0x08000000, Size: 0x000015f8, Max: 0xffffffff, ABSOLUTE)

    Execution Region ER_RO (Base: 0x08000000, Size: 0x000015f4, Max: 0xffffffff, ABSOLUTE)

    Base Addr    Size         Type   Attr      Idx    E Section Name        Object

    0x08000000   0x000000ec   Data   RO            3    RESET               stm32f10x.o
    0x080000ec   0x00000000   Code   RO          116  * .ARM.Collect$$$$00000000  entry.o(mc_w.l)
    0x080000ec   0x00000004   Code   RO          141    .ARM.Collect$$$$00000001  entry2.o(mc_w.l)
    0x080000f0   0x00000004   Code   RO          144    .ARM.Collect$$$$00000004  entry5.o(mc_w.l)
    0x080000f4   0x00000008   Code   RO          145    .ARM.Collect$$$$00000007  entry7.o(mc_w.l)
    0x080000fc   0x00000004   Code   RO          142    .ARM.Collect$$$$00002712  entry2.o(mc_w.l)
    0x08000100   0x0000001c   Code   RO            4  * .text               stm32f10x.o
    0x0800011c   0x000002a0   Code   RO           10    .text               pwm.o
    0x080003bc   0x00000138   Code   RO           38    .text               nvic_systick.o
    0x080004f4   0x000003e4   Code   RO           50    .text               port_io.o
    0x080008d8   0x000004b8   Code   RO           62    .text               adc.o
    0x08000d90   0x00000158   Code   RO           83    .text               principal_4.o
    0x08000ee8   0x00000066   Code   RO          119    .text               fmul.o(mf_w.l)
    0x08000f4e   0x0000006c   Code   RO          121    .text               fdiv.o(mf_w.l)
    0x08000fba   0x0000019e   Code   RO          123    .text               dadd.o(mf_w.l)
    0x08001158   0x000000e8   Code   RO          125    .text               dmul.o(mf_w.l)
    0x08001240   0x000000f8   Code   RO          127    .text               ddiv.o(mf_w.l)
    0x08001338   0x0000000a   Code   RO          129    .text               ffltui.o(mf_w.l)
    0x08001342   0x00000028   Code   RO          131    .text               ffixui.o(mf_w.l)
    0x0800136a   0x00000024   Code   RO          133    .text               f2d.o(mf_w.l)
    0x0800138e   0x00000002   PAD
    0x08001390   0x0000004c   Code   RO          135    .text               cdcmple.o(mf_w.l)
    0x080013dc   0x0000003a   Code   RO          137    .text               d2f.o(mf_w.l)
    0x08001416   0x00000002   PAD
    0x08001418   0x00000014   Code   RO          139    .text               cfrcmple.o(mf_w.l)
    0x0800142c   0x00000020   Code   RO          146    .text               llshl.o(mc_w.l)
    0x0800144c   0x0000001e   Code   RO          148    .text               llushr.o(mc_w.l)
    0x0800146a   0x00000000   Code   RO          150    .text               iusefp.o(mc_w.l)
    0x0800146a   0x0000005c   Code   RO          151    .text               fepilogue.o(mf_w.l)
    0x080014c6   0x00000002   PAD
    0x080014c8   0x000000c8   Code   RO          153    .text               depilogue.o(mf_w.l)
    0x08001590   0x00000024   Code   RO          155    .text               init.o(mc_w.l)
    0x080015b4   0x0000000e   Code   RO          159    i.__scatterload_copy  handlers.o(mc_w.l)
    0x080015c2   0x00000002   Code   RO          160    i.__scatterload_null  handlers.o(mc_w.l)
    0x080015c4   0x0000000e   Code   RO          161    i.__scatterload_zeroinit  handlers.o(mc_w.l)
    0x080015d2   0x00000002   PAD
    0x080015d4   0x00000020   Data   RO          157    Region$$Table       anon$$obj.o


    Execution Region ER_RW (Base: 0x20000000, Size: 0x00000004, Max: 0xffffffff, ABSOLUTE)

    Base Addr    Size         Type   Attr      Idx    E Section Name        Object

    0x20000000   0x00000003   Data   RW           84    .data               principal_4.o


    Execution Region ER_ZI (Base: 0x20000004, Size: 0x00000224, Max: 0xffffffff, ABSOLUTE)

    Base Addr    Size         Type   Attr      Idx    E Section Name        Object

    0x20000004   0x00000020   Zero   RW           63    .bss                adc.o
    0x20000024   0x00000004   PAD
    0x20000028   0x00000200   Zero   RW            1    STACK               stm32f10x.o


==============================================================================

Image component sizes


      Code (inc. data)   RO Data    RW Data    ZI Data      Debug   Object Name

      1208        178          0          0         32       2247   adc.o
       312         18          0          0          0       1553   nvic_systick.o
       996         22          0          0          0       1872   port_io.o
       344         32          0          3          0        974   principal_4.o
       672         38          0          0          0       4239   pwm.o
        28          4        236          0        512        468   stm32f10x.o

    ----------------------------------------------------------------------
      3560        292        268          4        548      11353   Object Totals
         0          0         32          0          0          0   (incl. Generated)
         0          0          0          1          4          1   (incl. Padding)

    ----------------------------------------------------------------------

      Code (inc. data)   RO Data    RW Data    ZI Data      Debug   Library Member Name

        76          2          0          0          0         68   cdcmple.o
        20          0          0          0          0         68   cfrcmple.o
        58          0          0          0          0         96   d2f.o
       414          0          0          0          0        184   dadd.o
       248          0          0          0          0         96   ddiv.o
       200          4          0          0          0        136   depilogue.o
       232          0          0          0          0         96   dmul.o
         0          0          0          0          0          0   entry.o
         8          4          0          0          0          0   entry2.o
         4          0          0          0          0          0   entry5.o
         8          4          0          0          0          0   entry7.o
        36          0          0          0          0         68   f2d.o
       108          0          0          0          0         96   fdiv.o
        92          0          0          0          0        152   fepilogue.o
        40          0          0          0          0         68   ffixui.o
        10          0          0          0          0         68   ffltui.o
       102          0          0          0          0         76   fmul.o
        30          0          0          0          0          0   handlers.o
        36          8          0          0          0         68   init.o
         0          0          0          0          0          0   iusefp.o
        32          0          0          0          0         68   llshl.o
        30          0          0          0          0         68   llushr.o

    ----------------------------------------------------------------------
      1792         22          0          0          0       1476   Library Totals
         8          0          0          0          0          0   (incl. Padding)

    ----------------------------------------------------------------------

      Code (inc. data)   RO Data    RW Data    ZI Data      Debug   Library Name

       148         16          0          0          0        204   mc_w.l
      1636          6          0          0          0       1272   mf_w.l

    ----------------------------------------------------------------------
      1792         22          0          0          0       1476   Library Totals

    ----------------------------------------------------------------------

==============================================================================


      Code (inc. data)   RO Data    RW Data    ZI Data      Debug   

      5352        314        268          4        548      11880   Grand Totals
      5352        314        268          4        548      11880   ELF Image Totals
      5352        314        268          4          0          0   ROM Totals

==============================================================================

    Total RO  Size (Code + RO Data)                 5620 (   5.49kB)
    Total RW  Size (RW Data + ZI Data)               552 (   0.54kB)
    Total ROM Size (Code + RO Data + RW Data)       5624 (   5.49kB)

==============================================================================

