ARM Linker, 4.1 [Build 481] [Lite256]

==============================================================================

Section Cross References

    stm32f10x.o(RESET) refers to stm32f10x.o(STACK) for __initial_sp
    stm32f10x.o(RESET) refers to stm32f10x.o(.text) for Reset_Handler
    stm32f10x.o(.text) refers to entry.o(.ARM.Collect$$$$00000000) for __main
    test.o(moncode) refers to test.o(mesdonnees) for Vide
    entry.o(.ARM.Collect$$$$00000000) refers (Special) to entry7.o(.ARM.Collect$$$$00000007) for _main_init
    entry.o(.ARM.Collect$$$$00000000) refers (Special) to entry5.o(.ARM.Collect$$$$00000004) for _main_scatterload
    entry.o(.ARM.Collect$$$$00000000) refers (Special) to entry2.o(.ARM.Collect$$$$00000001) for _main_stk
    entry2.o(.ARM.Collect$$$$00000001) refers to entry2.o(.ARM.Collect$$$$00002712) for __lit__00000000
    entry2.o(.ARM.Collect$$$$00002712) refers to stm32f10x.o(STACK) for __initial_sp
    entry2.o(__vectab_stack_and_reset_area) refers to stm32f10x.o(STACK) for __initial_sp
    entry2.o(__vectab_stack_and_reset_area) refers to entry.o(.ARM.Collect$$$$00000000) for __main
    entry5.o(.ARM.Collect$$$$00000004) refers to init.o(.text) for __scatterload
    entry7.o(.ARM.Collect$$$$00000007) refers to test.o(moncode) for main
    init.o(.text) refers to entry5.o(.ARM.Collect$$$$00000004) for __main_after_scatterload


==============================================================================

Removing Unused input sections from the image.

    Removing stm32f10x.o(HEAP), (2 bytes).

1 unused section(s) (total 2 bytes) removed from the image.

==============================================================================

Image Symbol Table

    Local Symbols

    Symbol Name                              Value     Ov Type        Size  Object(Section)

    RESET                                    0x00000000   Section      236  stm32f10x.o(RESET)
    ../../microlib/init/entry.s              0x00000000   Number         0  entry.o ABSOLUTE
    ../../microlib/init/entry.s              0x00000000   Number         0  entry2.o ABSOLUTE
    ../../microlib/init/entry.s              0x00000000   Number         0  entry5.o ABSOLUTE
    ../../microlib/init/entry.s              0x00000000   Number         0  entry7.o ABSOLUTE
    STM32F10x.s                              0x00000000   Number         0  stm32f10x.o ABSOLUTE
    dc.s                                     0x00000000   Number         0  dc.o ABSOLUTE
    handlers.s                               0x00000000   Number         0  handlers.o ABSOLUTE
    init.s                                   0x00000000   Number         0  init.o ABSOLUTE
    test.asm                                 0x00000000   Number         0  test.o ABSOLUTE
    .ARM.Collect$$$$00000000                 0x000000ec   Section        0  entry.o(.ARM.Collect$$$$00000000)
    .ARM.Collect$$$$00000001                 0x000000ec   Section        4  entry2.o(.ARM.Collect$$$$00000001)
    .ARM.Collect$$$$00000004                 0x000000f0   Section        4  entry5.o(.ARM.Collect$$$$00000004)
    .ARM.Collect$$$$00000007                 0x000000f4   Section        8  entry7.o(.ARM.Collect$$$$00000007)
    .ARM.Collect$$$$00002712                 0x000000fc   Section        4  entry2.o(.ARM.Collect$$$$00002712)
    __lit__00000000                          0x000000fc   Data           4  entry2.o(.ARM.Collect$$$$00002712)
    .text                                    0x00000100   Section       36  init.o(.text)
    i.__scatterload_copy                     0x00000124   Section       14  handlers.o(i.__scatterload_copy)
    i.__scatterload_null                     0x00000132   Section        2  handlers.o(i.__scatterload_null)
    i.__scatterload_zeroinit                 0x00000134   Section       14  handlers.o(i.__scatterload_zeroinit)
    .text                                    0x00500000   Section       28  stm32f10x.o(.text)
    moncode                                  0x0050001c   Section       88  test.o(moncode)
    mesdonnees                               0x20000000   Section       60  test.o(mesdonnees)
    Vide                                     0x20000000   Data          20  test.o(mesdonnees)
    Table                                    0x20000028   Data          20  test.o(mesdonnees)
    STACK                                    0x20000040   Section      512  stm32f10x.o(STACK)

    Global Symbols

    Symbol Name                              Value     Ov Type        Size  Object(Section)

    BuildAttributes$$THM_ISAv4$P$D$K$B$S$PE$A:L22UL41UL21$X:L11$S22US41US21$IEEE1$IW$USESV6$~STKCKD$USESV7$~SHL$OSPACE$EBA8$MICROLIB$REQ8$PRES8$EABIv2 0x00000000   Number         0  anon$$obj.o ABSOLUTE
    __Vectors                                0x00000000   Data           4  stm32f10x.o(RESET)
    __decompress                              - Undefined Weak Reference
    __main                                   0x000000ed   Thumb Code     0  entry.o(.ARM.Collect$$$$00000000)
    _main_stk                                0x000000ed   Thumb Code     0  entry2.o(.ARM.Collect$$$$00000001)
    _main_scatterload                        0x000000f1   Thumb Code     0  entry5.o(.ARM.Collect$$$$00000004)
    __main_after_scatterload                 0x000000f5   Thumb Code     0  entry5.o(.ARM.Collect$$$$00000004)
    _main_init                               0x000000f5   Thumb Code     0  entry7.o(.ARM.Collect$$$$00000007)
    __scatterload                            0x00000101   Thumb Code    28  init.o(.text)
    __scatterload_rt2                        0x00000101   Thumb Code     0  init.o(.text)
    __scatterload_copy                       0x00000125   Thumb Code    14  handlers.o(i.__scatterload_copy)
    __scatterload_null                       0x00000133   Thumb Code     2  handlers.o(i.__scatterload_null)
    __scatterload_zeroinit                   0x00000135   Thumb Code    14  handlers.o(i.__scatterload_zeroinit)
    Region$$Table$$Base                      0x00000144   Number         0  anon$$obj.o(Region$$Table)
    Region$$Table$$Limit                     0x00000164   Number         0  anon$$obj.o(Region$$Table)
    Reset_Handler                            0x00500001   Thumb Code     4  stm32f10x.o(.text)
    NMI_Handler                              0x00500005   Thumb Code     2  stm32f10x.o(.text)
    HardFault_Handler                        0x00500007   Thumb Code     2  stm32f10x.o(.text)
    MemManage_Handler                        0x00500009   Thumb Code     2  stm32f10x.o(.text)
    BusFault_Handler                         0x0050000b   Thumb Code     2  stm32f10x.o(.text)
    UsageFault_Handler                       0x0050000d   Thumb Code     2  stm32f10x.o(.text)
    SVC_Handler                              0x0050000f   Thumb Code     2  stm32f10x.o(.text)
    DebugMon_Handler                         0x00500011   Thumb Code     2  stm32f10x.o(.text)
    PendSV_Handler                           0x00500013   Thumb Code     2  stm32f10x.o(.text)
    SysTick_Handler                          0x00500015   Thumb Code     2  stm32f10x.o(.text)
    ADC_IRQHandler                           0x00500017   Thumb Code     0  stm32f10x.o(.text)
    CAN_RX1_IRQHandler                       0x00500017   Thumb Code     0  stm32f10x.o(.text)
    CAN_SCE_IRQHandler                       0x00500017   Thumb Code     0  stm32f10x.o(.text)
    DMAChannel1_IRQHandler                   0x00500017   Thumb Code     0  stm32f10x.o(.text)
    DMAChannel2_IRQHandler                   0x00500017   Thumb Code     0  stm32f10x.o(.text)
    DMAChannel3_IRQHandler                   0x00500017   Thumb Code     0  stm32f10x.o(.text)
    DMAChannel4_IRQHandler                   0x00500017   Thumb Code     0  stm32f10x.o(.text)
    DMAChannel5_IRQHandler                   0x00500017   Thumb Code     0  stm32f10x.o(.text)
    DMAChannel6_IRQHandler                   0x00500017   Thumb Code     0  stm32f10x.o(.text)
    DMAChannel7_IRQHandler                   0x00500017   Thumb Code     0  stm32f10x.o(.text)
    EXTI0_IRQHandler                         0x00500017   Thumb Code     0  stm32f10x.o(.text)
    EXTI15_10_IRQHandler                     0x00500017   Thumb Code     0  stm32f10x.o(.text)
    EXTI1_IRQHandler                         0x00500017   Thumb Code     0  stm32f10x.o(.text)
    EXTI2_IRQHandler                         0x00500017   Thumb Code     0  stm32f10x.o(.text)
    EXTI3_IRQHandler                         0x00500017   Thumb Code     0  stm32f10x.o(.text)
    EXTI4_IRQHandler                         0x00500017   Thumb Code     0  stm32f10x.o(.text)
    EXTI9_5_IRQHandler                       0x00500017   Thumb Code     0  stm32f10x.o(.text)
    FLASH_IRQHandler                         0x00500017   Thumb Code     0  stm32f10x.o(.text)
    I2C1_ER_IRQHandler                       0x00500017   Thumb Code     0  stm32f10x.o(.text)
    I2C1_EV_IRQHandler                       0x00500017   Thumb Code     0  stm32f10x.o(.text)
    I2C2_ER_IRQHandler                       0x00500017   Thumb Code     0  stm32f10x.o(.text)
    I2C2_EV_IRQHandler                       0x00500017   Thumb Code     0  stm32f10x.o(.text)
    PVD_IRQHandler                           0x00500017   Thumb Code     0  stm32f10x.o(.text)
    RCC_IRQHandler                           0x00500017   Thumb Code     0  stm32f10x.o(.text)
    RTCAlarm_IRQHandler                      0x00500017   Thumb Code     0  stm32f10x.o(.text)
    RTC_IRQHandler                           0x00500017   Thumb Code     0  stm32f10x.o(.text)
    SPI1_IRQHandler                          0x00500017   Thumb Code     0  stm32f10x.o(.text)
    SPI2_IRQHandler                          0x00500017   Thumb Code     0  stm32f10x.o(.text)
    TAMPER_IRQHandler                        0x00500017   Thumb Code     0  stm32f10x.o(.text)
    TIM1_BRK_IRQHandler                      0x00500017   Thumb Code     0  stm32f10x.o(.text)
    TIM1_CC_IRQHandler                       0x00500017   Thumb Code     0  stm32f10x.o(.text)
    TIM1_TRG_COM_IRQHandler                  0x00500017   Thumb Code     0  stm32f10x.o(.text)
    TIM1_UP_IRQHandler                       0x00500017   Thumb Code     0  stm32f10x.o(.text)
    TIM2_IRQHandler                          0x00500017   Thumb Code     0  stm32f10x.o(.text)
    TIM3_IRQHandler                          0x00500017   Thumb Code     0  stm32f10x.o(.text)
    TIM4_IRQHandler                          0x00500017   Thumb Code     0  stm32f10x.o(.text)
    USART1_IRQHandler                        0x00500017   Thumb Code     0  stm32f10x.o(.text)
    USART2_IRQHandler                        0x00500017   Thumb Code     0  stm32f10x.o(.text)
    USART3_IRQHandler                        0x00500017   Thumb Code     0  stm32f10x.o(.text)
    USBWakeUp_IRQHandler                     0x00500017   Thumb Code     0  stm32f10x.o(.text)
    USB_HP_CAN_TX_IRQHandler                 0x00500017   Thumb Code     0  stm32f10x.o(.text)
    USB_LP_CAN_RX0_IRQHandler                0x00500017   Thumb Code     0  stm32f10x.o(.text)
    WWDG_IRQHandler                          0x00500017   Thumb Code     0  stm32f10x.o(.text)
    main                                     0x0050001d   Thumb Code    78  test.o(moncode)
    __initial_sp                             0x20000240   Data           0  stm32f10x.o(STACK)



==============================================================================

Memory Map of the image

  Image Entry point : 0x000000ed

  Load Region LR_ROM1 (Base: 0x00000000, Size: 0x000001a0, Max: 0x00000500, ABSOLUTE)

    Execution Region ER_ROM1 (Base: 0x00000000, Size: 0x00000164, Max: 0x00000500, ABSOLUTE)

    Base Addr    Size         Type   Attr      Idx    E Section Name        Object

    0x00000000   0x000000ec   Data   RO            3    RESET               stm32f10x.o
    0x000000ec   0x00000000   Code   RO           15  * .ARM.Collect$$$$00000000  mc_w.l(entry.o)(mc_w.l)
    0x000000ec   0x00000004   Code   RO           18    .ARM.Collect$$$$00000001  mc_w.l(entry2.o)(mc_w.l)
    0x000000f0   0x00000004   Code   RO           21    .ARM.Collect$$$$00000004  mc_w.l(entry5.o)(mc_w.l)
    0x000000f4   0x00000008   Code   RO           22    .ARM.Collect$$$$00000007  mc_w.l(entry7.o)(mc_w.l)
    0x000000fc   0x00000004   Code   RO           19    .ARM.Collect$$$$00002712  mc_w.l(entry2.o)(mc_w.l)
    0x00000100   0x00000024   Code   RO           23    .text               mc_w.l(init.o)(mc_w.l)
    0x00000124   0x0000000e   Code   RO           27    i.__scatterload_copy  mc_w.l(handlers.o)(mc_w.l)
    0x00000132   0x00000002   Code   RO           28    i.__scatterload_null  mc_w.l(handlers.o)(mc_w.l)
    0x00000134   0x0000000e   Code   RO           29    i.__scatterload_zeroinit  mc_w.l(handlers.o)(mc_w.l)
    0x00000142   0x00000002   PAD
    0x00000144   0x00000020   Data   RO           25    Region$$Table       anon$$obj.o


    Execution Region RW_RAM2 (Base: 0x00030000, Size: 0x00000000, Max: 0x00000500, ABSOLUTE)

    **** No section assigned to this execution region ****


    Execution Region RW_RAM1 (Base: 0x20000000, Size: 0x00000240, Max: 0x00001000, ABSOLUTE)

    Base Addr    Size         Type   Attr      Idx    E Section Name        Object

    0x20000000   0x0000003c   Data   RW           10    mesdonnees          test.o
    0x2000003c   0x00000004   PAD
    0x20000040   0x00000200   Zero   RW            1    STACK               stm32f10x.o



  Load Region LR_ROM2 (Base: 0x00500000, Size: 0x00000074, Max: 0x00001000, ABSOLUTE)

    Execution Region ER_ROM2 (Base: 0x00500000, Size: 0x00000074, Max: 0x00001000, ABSOLUTE)

    Base Addr    Size         Type   Attr      Idx    E Section Name        Object

    0x00500000   0x0000001c   Code   RO            4    .text               stm32f10x.o
    0x0050001c   0x00000058   Code   RO           11    moncode             test.o


==============================================================================

Image component sizes


      Code (inc. data)   RO Data    RW Data    ZI Data      Debug   Object Name

        28          4        236          0        512          0   stm32f10x.o
        88         10          0         60          0          0   test.o

    ----------------------------------------------------------------------
       116         14        268         60        516          0   Object Totals
         0          0         32          0          0          0   (incl. Generated)
         0          0          0          0          4          0   (incl. Padding)

    ----------------------------------------------------------------------

      Code (inc. data)   RO Data    RW Data    ZI Data      Debug   Library Member Name

         0          0          0          0          0          0   entry.o
         8          4          0          0          0          0   entry2.o
         4          0          0          0          0          0   entry5.o
         8          4          0          0          0          0   entry7.o
        30          0          0          0          0          0   handlers.o
        36          8          0          0          0          0   init.o

    ----------------------------------------------------------------------
        88         16          0          0          0          0   Library Totals
         2          0          0          0          0          0   (incl. Padding)

    ----------------------------------------------------------------------

      Code (inc. data)   RO Data    RW Data    ZI Data      Debug   Library Name

        86         16          0          0          0         68   mc_w.l

    ----------------------------------------------------------------------
        88         16          0          0          0          0   Library Totals

    ----------------------------------------------------------------------

==============================================================================


      Code (inc. data)   RO Data    RW Data    ZI Data      Debug   

       204         30        268         60        516       1088   Grand Totals
       204         30        268         60        516       1088   ELF Image Totals
       204         30        268         60          0          0   ROM Totals

==============================================================================

    Total RO  Size (Code + RO Data)                  472 (   0.46kB)
    Total RW  Size (RW Data + ZI Data)               576 (   0.56kB)
    Total ROM Size (Code + RO Data + RW Data)        532 (   0.52kB)

==============================================================================

