<html>
<body>
<pre>
<h1>µVision3 Build Log</h1>
<h2>Project:</h2>
C:\insacortexdev_svn\proj_cm3\Metro_Version_2009c\metro.uv2
Project File Date:  09/02/2009

<h2>Output:</h2>
Build target 'simu'
assembling STM32F10x.s...
compiling Metro_Librairie_Version2009c.c...
Metro_Librairie_Version2009c.c(408): warning:  #223-D: function "strncpy" declared implicitly
compiling RTX_Conf_CM.c...
compiling Identification.c...
linking...
Program Size: Code=5512 RO-data=308 RW-data=76 ZI-data=9388  
"metro.axf" - 0 Error(s), 1 Warning(s).
Build target 'simu'
assembling STM32F10x.s...
compiling Metro_Librairie_Version2009c.c...
Metro_Librairie_Version2009c.c(408): warning:  #223-D: function "strncpy" declared implicitly
compiling RTX_Conf_CM.c...
compiling Identification.c...
Identification.c: Error:  #5: cannot open source input file "Identification.c": No such file or directory
Target not created
